<html>
<body>
<pre>
<h1>µVision Build Log</h1>
<h2>Tool Versions:</h2>
IDE-Version: µVision V5.13.0.0
Copyright (C) 2014 ARM Ltd and ARM Germany GmbH. All rights reserved.
License Information: Siema Nas, Nisha, LIC=----
 
Tool Versions:
Toolchain:       MDK-Lite  Version: 5.13.0.0
Toolchain Path:  C:\Keil_v5\ARM\ARMCC\Bin
C Compiler:      Armcc.exe V5.05 update 1 (build 106)
Assembler:       Armasm.exe V5.05 update 1 (build 106)
Linker/Locator:  ArmLink.exe V5.05 update 1 (build 106)
Library Manager: ArmAr.exe V5.05 update 1 (build 106)
Hex Converter:   FromElf.exe V5.05 update 1 (build 106)
CPU DLL:         SARMCM3.DLL V5.13.0.0
Dialog DLL:      DARMP1.DLL V1.25.0.0
Target DLL:      STLink\ST-LINKIII-KEIL_SWO.dll V2.0.14.0_KEIL
Dialog DLL:      TARMP1.DLL V1.24.0.0
 
<h2>Project:</h2>
C:\Users\Mateusz\Desktop\Nowy folder (7)\mbed_blinky_uvision_lpc1114\mbed_blinky\mbed_blinky.uvproj
Project File Date:  02/03/2015

<h2>Output:</h2>
Rebuild target 'mbed NXP LPC1114'
compiling main.cpp...
DS3231.h(153): warning:  #1-D: last line of file ends without a newline
  #endif
DS2482.h(46): warning:  #1-D: last line of file ends without a newline
  };
configurationEnum.h(11): warning:  #1-D: last line of file ends without a newline
  #endif
InterruptManager.h(43): warning:  #1-D: last line of file ends without a newline
  #endif
Menu.h(20): warning:  #1-D: last line of file ends without a newline
  #endif
LogicEngine.h(17): warning:  #1-D: last line of file ends without a newline
  #endif
Watchdog.h(18): warning:  #1-D: last line of file ends without a newline
  #endif
main.cpp: 7 warnings, 0 errors
compiling DS3231.cpp...
DS3231.h(153): warning:  #1-D: last line of file ends without a newline
  #endif
DS3231.cpp: 1 warning, 0 errors
compiling DS2482.cpp...
DS2482.h(46): warning:  #1-D: last line of file ends without a newline
  };
DS2482.cpp(117): warning:  #550-D: variable "rom" was set but never used
        char rom[8];
DS2482.cpp: 2 warnings, 0 errors
compiling TextLCD.cpp...
compiling LogicEngine.cpp...
LogicEngine.h(17): warning:  #1-D: last line of file ends without a newline
  #endif
LogicEngine.cpp(52): warning:  #1-D: last line of file ends without a newline
  }
LogicEngine.cpp: 2 warnings, 0 errors
compiling Menu.cpp...
configurationEnum.h(11): warning:  #1-D: last line of file ends without a newline
  #endif
InterruptManager.h(43): warning:  #1-D: last line of file ends without a newline
  #endif
Menu.h(20): warning:  #1-D: last line of file ends without a newline
  #endif
Menu.cpp: 3 warnings, 0 errors
compiling InterruptManager.cpp...
configurationEnum.h(11): warning:  #1-D: last line of file ends without a newline
  #endif
InterruptManager.h(43): warning:  #1-D: last line of file ends without a newline
  #endif
InterruptManager.cpp(193): warning:  #1-D: last line of file ends without a newline
  }
InterruptManager.cpp: 3 warnings, 0 errors
compiling Watchdog.cpp...
Watchdog.h(18): warning:  #1-D: last line of file ends without a newline
  #endif
Watchdog.cpp(20): warning:  #1-D: last line of file ends without a newline
  }
Watchdog.cpp: 2 warnings, 0 errors
compiling IAP.cpp...
linking...
Program Size: Code=17776 RO-data=1912 RW-data=152 ZI-data=4200  
After Build - User command #1: C:\Keil_v5\\ARM\BIN\ELFDWT.EXE ".\build\mbed_blinky.axf"
ELFDWT - Signature Creator V1.1.0.0
COPYRIGHT Keil - An ARM Company, Copyright (C) 2014
*** Updated Signature over Range[32] (0x00000000 - 0x00000018): @0x0000001C = 0xEFFFE857
*** Processing completed, no Errors.
After Build - User command #2: fromelf --bin -o mbed_blinky_LPC1114.bin build\mbed_blinky.axf
".\build\mbed_blinky.axf" - 0 Error(s), 20 Warning(s).
</pre>
</body>
</html>
