Component: ARM Compiler 5.05 update 1 (build 106) Tool: armlink [4d0efa]

==============================================================================

Section Cross References

    main.o(.text) refers to logicengine.o(.text) for LogicEngine::LogicEngine(PinName, PinName)
    main.o(.text) refers to ds3231.o(.text) for DS3231::DS3231(PinName, PinName)
    main.o(.text) refers to ds2482.o(.text) for DS2482::DS2482(PinName, PinName, int)
    main.o(.text) refers to textlcd.o(.text) for TextLCD::TextLCD(PinName, PinName, PinName, PinName, PinName, PinName, TextLCD::LCDType)
    main.o(.text) refers to interruptmanager.o(.text) for InterruptManager::InterruptManager(PinName, PinName, PinName)
    main.o(.text) refers to watchdog.o(.text) for Watchdog::setUp(float)
    main.o(.text) refers to menu.o(.text) for Menu::menu(InterruptManager&, TextLCD&, bool, bool, float, float, float, bool, bool, configurarationEnum, int, int, int)
    main.o(.ARM.exidx) refers to main.o(.text) for .text
    main.o(.data) refers to interruptmanager.o(i._ZN3AjK9PinDetect3isrEv) for AjK::PinDetect::isr()
    ds3231.o(.text) refers to I2C.o(i._ZN4mbed3I2CC1E7PinNameS1_) for mbed::I2C::I2C(PinName, PinName)
    ds3231.o(.text) refers to I2C.o(i._ZN4mbed3I2C9frequencyEi) for mbed::I2C::frequency(int)
    ds3231.o(.text) refers to I2C.o(i._ZN4mbed3I2C5writeEiPKcib) for mbed::I2C::write(int, const char*, int, bool)
    ds3231.o(.text) refers to I2C.o(i._ZN4mbed3I2C4readEiPcib) for mbed::I2C::read(int, char*, int, bool)
    ds3231.o(.text) refers to dfltui.o(.text) for __aeabi_ui2d
    ds3231.o(.text) refers to ddiv.o(.text) for __aeabi_ddiv
    ds3231.o(.text) refers to dadd.o(.text) for __aeabi_dadd
    ds3231.o(.text) refers to d2f.o(.text) for __aeabi_d2f
    ds3231.o(.text) refers to idiv.o(.text) for __aeabi_idivmod
    ds3231.o(.ARM.exidx) refers to ds3231.o(.text) for .text
    ds2482.o(.text) refers to I2C.o(i._ZN4mbed3I2CC1E7PinNameS1_) for mbed::I2C::I2C(PinName, PinName)
    ds2482.o(.text) refers to I2C.o(i._ZN4mbed3I2C5writeEiPKcib) for mbed::I2C::write(int, const char*, int, bool)
    ds2482.o(.text) refers to I2C.o(i._ZN4mbed3I2C4readEiPcib) for mbed::I2C::read(int, char*, int, bool)
    ds2482.o(.text) refers to fflti.o(.text) for __aeabi_i2f
    ds2482.o(.text) refers to f2d.o(.text) for __aeabi_f2d
    ds2482.o(.text) refers to ddiv.o(.text) for __aeabi_ddiv
    ds2482.o(.text) refers to d2f.o(.text) for __aeabi_d2f
    ds2482.o(.ARM.exidx) refers to ds2482.o(.text) for .text
    textlcd.o(.text) refers to BusOut.o(i._ZN4mbed6BusOutaSEi) for mbed::BusOut::operator =(int)
    textlcd.o(.text) refers to wait_api.o(i.wait) for wait
    textlcd.o(.text) refers to textlcd.o(i._ZN4mbed10DigitalOutaSEi) for mbed::DigitalOut::operator =(int)
    textlcd.o(.text) refers to Stream.o(i._ZN4mbed6StreamC2EPKc) for mbed::Stream::Stream__sub_object(const char*)
    textlcd.o(.text) refers to textlcd.o(i._ZN4mbed10DigitalOutC1E7PinName) for mbed::DigitalOut::DigitalOut(PinName)
    textlcd.o(.text) refers to BusOut.o(i._ZN4mbed6BusOutC1E7PinNameS1_S1_S1_S1_S1_S1_S1_S1_S1_S1_S1_S1_S1_S1_S1_) for mbed::BusOut::BusOut(PinName, PinName, PinName, PinName, PinName, PinName, PinName, PinName, PinName, PinName, PinName, PinName, PinName, PinName, PinName, PinName)
    textlcd.o(.text) refers to assert.o(i.mbed_assert_internal) for mbed_assert_internal
    textlcd.o(.text) refers to textlcd.o(.constdata__ZTV7TextLCD) for vtable for TextLCD
    textlcd.o(.text) refers to textlcd.o(.conststring) for .conststring
    textlcd.o(.ARM.exidx) refers to textlcd.o(.text) for .text
    logicengine.o(.text) refers to textlcd.o(i._ZN4mbed10DigitalOutC1E7PinName) for mbed::DigitalOut::DigitalOut(PinName)
    logicengine.o(.text) refers to textlcd.o(i._ZN4mbed10DigitalOutaSEi) for mbed::DigitalOut::operator =(int)
    logicengine.o(.text) refers to fflti.o(.text) for __aeabi_i2f
    logicengine.o(.text) refers to cfcmple.o(.text) for __aeabi_cfcmple
    logicengine.o(.text) refers to fadd.o(.text) for __aeabi_fsub
    logicengine.o(.text) refers to cfrcmple.o(.text) for __aeabi_cfrcmple
    logicengine.o(.text) refers to assert.o(i.mbed_assert_internal) for mbed_assert_internal
    logicengine.o(.text) refers to logicengine.o(.conststring) for .conststring
    logicengine.o(.ARM.exidx) refers to logicengine.o(.text) for .text
    menu.o(.text) refers to Stream.o(i._ZN4mbed6Stream6printfEPKcz) for mbed::Stream::printf(const char*, ...)
    menu.o(.text) refers to f2d.o(.text) for __aeabi_f2d
    menu.o(.text) refers to interruptmanager.o(.text) for InterruptManager::getLcdRefresh()
    menu.o(.text) refers to textlcd.o(.text) for TextLCD::cls()
    menu.o(.ARM.exidx) refers to menu.o(.text) for .text
    menu.o(.data) refers to interruptmanager.o(i._ZN3AjK9PinDetect3isrEv) for AjK::PinDetect::isr()
    interruptmanager.o(.text) refers to interruptmanager.o(i._ZN3AjK9PinDetectC1E7PinName7PinMode) for AjK::PinDetect::PinDetect(PinName, PinMode)
[...]
    .text                                    0x00001df2   Section        0  _chval.o(.text)
    .text                                    0x00001e10   Section        0  scanf_char.o(.text)
    _scanf_char_input                        0x00001e11   Thumb Code    12  scanf_char.o(.text)
    .text                                    0x00001e3c   Section        0  _sgetc.o(.text)
    .text                                    0x00001e80   Section        0  cpp_memory.o(.text)
    .text                                    0x00001e88   Section        0  cpp_unwinder.o(.text)
    .text                                    0x00001ea8   Section        0  fepilogue.o(.text)
    .text                                    0x00001f2a   Section        0  depilogue.o(.text)
    .text                                    0x00001fe8   Section        0  dmul.o(.text)
    .text                                    0x000020b8   Section        0  dfixul.o(.text)
    .text                                    0x000020f8   Section       40  cdrcmple.o(.text)
    .text                                    0x00002120   Section        0  arm_exceptions_terminate.o(.text)
    .text                                    0x0000213c   Section        0  arm_exceptions_globs.o(.text)
    [local to arm_exceptions_c]::__default_terminate_handler() 0x0000213d   Thumb Code     6  arm_exceptions_globs.o(.text)
    .text                                    0x00002190   Section       36  init.o(.text)
    .text                                    0x000021b4   Section        0  llushr.o(.text)
    .text                                    0x000021d6   Section        0  isspace_c.o(.text)
    .text                                    0x000021e4   Section        0  _scanf.o(.text)
    .text                                    0x0000251c   Section        0  arm_exceptions_mem.o(.text)
    .text                                    0x00002560   Section        0  ctype_c.o(.text)
    i.$Sub$$main                             0x00002584   Section        0  retarget.o(i.$Sub$$main)
    i.NVIC_SetVector                         0x00002594   Section        0  cmsis_nvic.o(i.NVIC_SetVector)
    i.SystemInit                             0x000025dc   Section        0  system_LPC11xx.o(i.SystemInit)
    i._ZN3AjK9PinDetect18setSampleFrequencyEi 0x0000263c   Section        0  interruptmanager.o(i._ZN3AjK9PinDetect18setSampleFrequencyEi)
    i._ZN3AjK9PinDetect3isrEv                0x00002698   Section        0  interruptmanager.o(i._ZN3AjK9PinDetect3isrEv)
    i._ZN3AjK9PinDetect4initE7PinName7PinMode 0x00002714   Section        0  interruptmanager.o(i._ZN3AjK9PinDetect4initE7PinName7PinMode)
    i._ZN3AjK9PinDetectC1E7PinName7PinMode   0x00002780   Section        0  interruptmanager.o(i._ZN3AjK9PinDetectC1E7PinName7PinMode)
    i._ZN3IAPC1Ev                            0x000027d0   Section        0  interruptmanager.o(i._ZN3IAPC1Ev)
    i._ZN4mbed10DigitalOutC1E7PinName        0x000027f4   Section        0  textlcd.o(i._ZN4mbed10DigitalOutC1E7PinName)
    i._ZN4mbed10DigitalOutaSEi               0x00002810   Section        0  textlcd.o(i._ZN4mbed10DigitalOutaSEi)
    i._ZN4mbed10TimerEvent3irqEj             0x00002826   Section        0  TimerEvent.o(i._ZN4mbed10TimerEvent3irqEj)
    i._ZN4mbed10TimerEvent6insertEy          0x0000282c   Section        0  TimerEvent.o(i._ZN4mbed10TimerEvent6insertEy)
    i._ZN4mbed10TimerEvent6removeEv          0x00002838   Section        0  TimerEvent.o(i._ZN4mbed10TimerEvent6removeEv)
    i._ZN4mbed10TimerEventC2Ev               0x00002844   Section        0  TimerEvent.o(i._ZN4mbed10TimerEventC2Ev)
    i._ZN4mbed15FunctionPointer4callEv       0x00002868   Section        0  FunctionPointer.o(i._ZN4mbed15FunctionPointer4callEv)
    i._ZN4mbed15FunctionPointerC1EPFvvE      0x00002882   Section        0  FunctionPointer.o(i._ZN4mbed15FunctionPointerC1EPFvvE)
    i._ZN4mbed3I2C4readEiPcib                0x0000288c   Section        0  I2C.o(i._ZN4mbed3I2C4readEiPcib)
    i._ZN4mbed3I2C5writeEiPKcib              0x000028d0   Section        0  I2C.o(i._ZN4mbed3I2C5writeEiPKcib)
    i._ZN4mbed3I2C9frequencyEi               0x00002914   Section        0  I2C.o(i._ZN4mbed3I2C9frequencyEi)
    i._ZN4mbed3I2CC1E7PinNameS1_             0x00002928   Section        0  I2C.o(i._ZN4mbed3I2CC1E7PinNameS1_)
    i._ZN4mbed6BusOut5writeEi                0x0000294c   Section        0  BusOut.o(i._ZN4mbed6BusOut5writeEi)
    i._ZN4mbed6BusOutC1E7PinNameS1_S1_S1_S1_S1_S1_S1_S1_S1_S1_S1_S1_S1_S1_S1_ 0x000029bc   Section        0  BusOut.o(i._ZN4mbed6BusOutC1E7PinNameS1_S1_S1_S1_S1_S1_S1_S1_S1_S1_S1_S1_S1_S1_S1_)
    i._ZN4mbed6BusOutaSEi                    0x00002a48   Section        0  BusOut.o(i._ZN4mbed6BusOutaSEi)
    i._ZN4mbed6Stream5lseekEli               0x00002aa8   Section        0  Stream.o(i._ZN4mbed6Stream5lseekEli)
    i._ZN4mbed6Stream5writeEPKvj             0x00002aac   Section        0  Stream.o(i._ZN4mbed6Stream5writeEPKvj)
    i._ZN4mbed6Stream6printfEPKcz            0x00002ad2   Section        0  Stream.o(i._ZN4mbed6Stream6printfEPKcz)
    i._ZN4mbed6StreamC2EPKc                  0x00002af4   Section        0  Stream.o(i._ZN4mbed6StreamC2EPKc)
    i._ZN4mbed6Ticker5setupEy                0x00002b3c   Section        0  Ticker.o(i._ZN4mbed6Ticker5setupEy)
    i._ZN4mbed6Ticker7handlerEv              0x00002b62   Section        0  Ticker.o(i._ZN4mbed6Ticker7handlerEv)
    i._ZN4mbed6TickerC1Ev                    0x00002b84   Section        0  interruptmanager.o(i._ZN4mbed6TickerC1Ev)
    i._ZN4mbed8FileBase11getPathTypeEv       0x00002bac   Section        0  FileBase.o(i._ZN4mbed8FileBase11getPathTypeEv)
    i._ZN4mbed8FileBase6lookupEPKcj          0x00002bb0   Section        0  FileBase.o(i._ZN4mbed8FileBase6lookupEPKcj)
    i._ZN4mbed8FileBaseC1EPKcNS_8PathTypeE   0x00002bec   Section        0  FileBase.o(i._ZN4mbed8FileBaseC1EPKcNS_8PathTypeE)
    i._ZN4mbed8FileLikeC2EPKc                0x00002c10   Section        0  FileLike.o(i._ZN4mbed8FileLikeC2EPKc)
    i._ZN4mbed8FilePath10fileSystemEv        0x00002c34   Section        0  FilePath.o(i._ZN4mbed8FilePath10fileSystemEv)
    i._ZN4mbed8FilePath4fileEv               0x00002c4e   Section        0  FilePath.o(i._ZN4mbed8FilePath4fileEv)
    i._ZN4mbed8FilePath6existsEv             0x00002c6e   Section        0  FilePath.o(i._ZN4mbed8FilePath6existsEv)
    i._ZN4mbed8FilePath6isFileEv             0x00002c78   Section        0  FilePath.o(i._ZN4mbed8FilePath6isFileEv)
    i._ZN4mbed8FilePath8fileNameEv           0x00002c90   Section        0  FilePath.o(i._ZN4mbed8FilePath8fileNameEv)
    i._ZN4mbed8FilePathC1EPKc                0x00002c94   Section        0  FilePath.o(i._ZN4mbed8FilePathC1EPKc)
    i._ZN4mbed9DigitalIn4readEv              0x00002cd8   Section        0  interruptmanager.o(i._ZN4mbed9DigitalIn4readEv)
    i._Znwj                                  0x00002d24   Section        0  new.o(i._Znwj)
    i.__0fprintf                             0x00002d4c   Section        0  printfa.o(i.__0fprintf)
    i.__0sprintf                             0x00002d68   Section        0  printfa.o(i.__0sprintf)
    i.__0vfprintf                            0x00002d90   Section        0  printfa.o(i.__0vfprintf)
    i.__ARM_clz                              0x00002da8   Section        0  depilogue.o(i.__ARM_clz)
    i.__cxa_pure_virtual                     0x00002dd6   Section        0  pure_virt.o(i.__cxa_pure_virtual)
    i.__scatterload_copy                     0x00002de0   Section       14  handlers.o(i.__scatterload_copy)
    i.__scatterload_null                     0x00002dee   Section        2  handlers.o(i.__scatterload_null)
    i.__scatterload_zeroinit                 0x00002df0   Section       14  handlers.o(i.__scatterload_zeroinit)
    i._fflush$full                           0x00002dfe   Section        0  fflush_f.o(i._fflush$full)
    i._fopen$full                            0x00002e16   Section        0  fopen_f.o(i._fopen$full)
    i._fp_digits                             0x00002e3c   Section        0  printfa.o(i._fp_digits)
    _fp_digits                               0x00002e3d   Thumb Code   316  printfa.o(i._fp_digits)
    i._freopen$full                          0x00002f94   Section        0  fopen_f.o(i._freopen$full)
    i._printf_core                           0x00002ff4   Section        0  printfa.o(i._printf_core)
    _printf_core                             0x00002ff5   Thumb Code  1754  printfa.o(i._printf_core)
    i._printf_post_padding                   0x000036e0   Section        0  printfa.o(i._printf_post_padding)
    _printf_post_padding                     0x000036e1   Thumb Code    32  printfa.o(i._printf_post_padding)
    i._printf_pre_padding                    0x00003700   Section        0  printfa.o(i._printf_pre_padding)
    _printf_pre_padding                      0x00003701   Thumb Code    44  printfa.o(i._printf_pre_padding)
    i._sputc                                 0x0000372c   Section        0  printfa.o(i._sputc)
    _sputc                                   0x0000372d   Thumb Code    10  printfa.o(i._sputc)
    i._sys_close                             0x00003738   Section        0  retarget.o(i._sys_close)
    i._sys_open                              0x00003764   Section        0  retarget.o(i._sys_open)
    i._sys_seek                              0x00003848   Section        0  retarget.o(i._sys_seek)
    i._sys_write                             0x00003870   Section        0  retarget.o(i._sys_write)
    i.error                                  0x000038d8   Section        0  error.o(i.error)
    i.exit                                   0x000038f0   Section        0  exit.o(i.exit)
    i.gpio_dir                               0x00003910   Section        0  gpio_api.o(i.gpio_dir)
    i.gpio_init                              0x0000396c   Section        0  gpio_api.o(i.gpio_init)
    i.gpio_init_in                           0x000039dc   Section        0  gpio.o(i.gpio_init_in)
    i.gpio_init_out                          0x00003a00   Section        0  gpio.o(i.gpio_init_out)
    i.gpio_init_out_ex                       0x00003a4c   Section        0  gpio.o(i.gpio_init_out_ex)
    i.gpio_mode                              0x00003ab8   Section        0  gpio_api.o(i.gpio_mode)
    i.i2c_frequency                          0x00003ac8   Section        0  i2c_api.o(i.i2c_frequency)
    i.i2c_init                               0x00003ae4   Section        0  i2c_api.o(i.i2c_init)
    i.i2c_read                               0x00003b8c   Section        0  i2c_api.o(i.i2c_read)
    i.i2c_stop                               0x00003ca4   Section        0  i2c_api.o(i.i2c_stop)
    i.i2c_write                              0x00003cd8   Section        0  i2c_api.o(i.i2c_write)
    i.malloc                                 0x00003da4   Section        0  malloc.o(i.malloc)
    i.mbed_assert_internal                   0x00003e10   Section        0  assert.o(i.mbed_assert_internal)
    i.mbed_die                               0x00003e60   Section        0  board.o(i.mbed_die)
    i.mbed_main                              0x00004008   Section        0  retarget.o(i.mbed_main)
    i.mbed_sdk_init                          0x0000400a   Section        0  retarget.o(i.mbed_sdk_init)
    i.pin_function                           0x0000400c   Section        0  pinmap.o(i.pin_function)
    i.pin_mode                               0x00004054   Section        0  pinmap.o(i.pin_mode)
    i.pinmap_merge                           0x000040a8   Section        0  pinmap_common.o(i.pinmap_merge)
    i.pinmap_peripheral                      0x000040dc   Section        0  pinmap_common.o(i.pinmap_peripheral)
    i.pinmap_pinout                          0x00004138   Section        0  pinmap_common.o(i.pinmap_pinout)
    i.serial_baud                            0x0000418c   Section        0  serial_api.o(i.serial_baud)
    i.serial_format                          0x000042a4   Section        0  serial_api.o(i.serial_format)
    i.serial_init                            0x00004388   Section        0  serial_api.o(i.serial_init)
    i.serial_putc                            0x0000445c   Section        0  serial_api.o(i.serial_putc)
    i.us_ticker_clear_interrupt              0x0000446c   Section        0  us_ticker.o(i.us_ticker_clear_interrupt)
    i.us_ticker_disable_interrupt            0x00004478   Section        0  us_ticker.o(i.us_ticker_disable_interrupt)
    i.us_ticker_init                         0x00004488   Section        0  us_ticker.o(i.us_ticker_init)
    i.us_ticker_insert_event                 0x000044e4   Section        0  us_ticker_api.o(i.us_ticker_insert_event)
    i.us_ticker_irq_handler                  0x00004530   Section        0  us_ticker_api.o(i.us_ticker_irq_handler)
    i.us_ticker_read                         0x00004570   Section        0  us_ticker.o(i.us_ticker_read)
    i.us_ticker_remove_event                 0x000045cc   Section        0  us_ticker_api.o(i.us_ticker_remove_event)
    i.us_ticker_set_handler                  0x0000460c   Section        0  us_ticker_api.o(i.us_ticker_set_handler)
    i.us_ticker_set_interrupt                0x00004620   Section        0  us_ticker.o(i.us_ticker_set_interrupt)
    i.wait                                   0x00004634   Section        0  wait_api.o(i.wait)
    i.wait_ms                                0x00004658   Section        0  wait_api.o(i.wait_ms)
    t._ZN3AjK9PinDetect15attach_assertedI16InterruptManagerEEvPT_MS3_FvvE 0x00004674   Section        0  interruptmanager.o(t._ZN3AjK9PinDetect15attach_assertedI16InterruptManagerEEvPT_MS3_FvvE)
    t._ZN4mbed15FunctionPointer12membercallerI16InterruptManagerEEvPvPc 0x0000468a   Section        0  interruptmanager.o(t._ZN4mbed15FunctionPointer12membercallerI16InterruptManagerEEvPvPc)
    t._ZN4mbed15FunctionPointer12membercallerIN3AjK9PinDetectEEEvPvPc 0x000046da   Section        0  interruptmanager.o(t._ZN4mbed15FunctionPointer12membercallerIN3AjK9PinDetectEEEvPvPc)
    t._ZN4mbed15FunctionPointer6attachI16InterruptManagerEEvPT_MS3_FvvE 0x0000472c   Section        0  interruptmanager.o(t._ZN4mbed15FunctionPointer6attachI16InterruptManagerEEvPT_MS3_FvvE)
    t._ZN4mbed6Ticker9attach_usI16InterruptManagerEEvPT_MS3_FvvEy 0x00004748   Section        0  interruptmanager.o(t._ZN4mbed6Ticker9attach_usI16InterruptManagerEEvPT_MS3_FvvEy)
    .constdata                               0x00004770   Section      120  serial_api.o(.constdata)
    PinMap_UART_TX                           0x00004770   Data          60  serial_api.o(.constdata)
    PinMap_UART_RX                           0x000047ac   Data          60  serial_api.o(.constdata)
    .constdata                               0x000047e8   Section       80  i2c_api.o(.constdata)
    PinMap_I2C_SDA                           0x000047e8   Data          24  i2c_api.o(.constdata)
    PinMap_I2C_SCL                           0x00004800   Data          24  i2c_api.o(.constdata)
    I2C_addr_offset                          0x00004818   Data          32  i2c_api.o(.constdata)
    .constdata                               0x00004838   Section       64  ctype_c.o(.constdata)
    .constdata__ZTV7TextLCD                  0x00004878   Section       68  textlcd.o(.constdata__ZTV7TextLCD)
    .constdata__ZTVN4mbed10FileHandleE       0x000048bc   Section       44  retarget.o(.constdata__ZTVN4mbed10FileHandleE)
    .constdata__ZTVN4mbed10TimerEventE       0x000048e8   Section       20  TimerEvent.o(.constdata__ZTVN4mbed10TimerEventE)
    .constdata__ZTVN4mbed6BusOutE            0x000048fc   Section       16  BusOut.o(.constdata__ZTVN4mbed6BusOutE)
    .constdata__ZTVN4mbed6StreamE            0x0000490c   Section       68  Stream.o(.constdata__ZTVN4mbed6StreamE)
    .constdata__ZTVN4mbed6TickerE            0x00004950   Section       20  Ticker.o(.constdata__ZTVN4mbed6TickerE)
    .constdata__ZTVN4mbed8FileBaseE          0x00004964   Section       16  FileBase.o(.constdata__ZTVN4mbed8FileBaseE)
    .constdata__ZTVN4mbed8FileLikeE          0x00004974   Section       60  FileLike.o(.constdata__ZTVN4mbed8FileLikeE)
    .conststring                             0x000049b0   Section       66  textlcd.o(.conststring)
    .conststring                             0x000049f4   Section      119  board.o(.conststring)
    .conststring                             0x00004a6c   Section      117  gpio_api.o(.conststring)
    .conststring                             0x00004ae4   Section      251  serial_api.o(.conststring)
    .conststring                             0x00004be0   Section      116  i2c_api.o(.conststring)
    .conststring                             0x00004c54   Section      115  pinmap.o(.conststring)
    .ARM.__at_0x00007000                     0x00007000   Section     4096  iap.o(.ARM.__at_0x00007000)
    .data                                    0x100000c0   Section       80  interruptmanager.o(.data)
    <Data1>                                  0x100000c0   Data           8  interruptmanager.o(.data)
    <Data2>                                  0x100000c8   Data           8  interruptmanager.o(.data)
    <Data3>                                  0x100000d0   Data           8  interruptmanager.o(.data)
    <Data4>                                  0x100000d8   Data           8  interruptmanager.o(.data)
    <Data5>                                  0x100000e0   Data           8  interruptmanager.o(.data)
    <Data6>                                  0x100000e8   Data           8  interruptmanager.o(.data)
    sector_start_adress                      0x100000f0   Data          32  interruptmanager.o(.data)
    .data                                    0x10000110   Section        4  retarget.o(.data)
    n                                        0x10000110   Data           4  retarget.o(.data)
    .data                                    0x10000114   Section        4  cmsis_nvic.o(.data)
    vectors                                  0x10000114   Data           4  cmsis_nvic.o(.data)
    .data                                    0x10000118   Section        4  system_LPC11xx.o(.data)
    .data                                    0x1000011c   Section       20  serial_api.o(.data)
    serial_irq_ids                           0x1000011c   Data           4  serial_api.o(.data)
    irq_handler                              0x10000124   Data           4  serial_api.o(.data)
    .data                                    0x10000130   Section        4  I2C.o(.data)
    .data                                    0x10000134   Section        4  us_ticker.o(.data)
    .data                                    0x10000138   Section        4  FileBase.o(.data)
    .data                                    0x1000013c   Section        8  us_ticker_api.o(.data)
    head                                     0x1000013c   Data           4  us_ticker_api.o(.data)
    event_handler                            0x10000140   Data           4  us_ticker_api.o(.data)
    .data                                    0x10000144   Section        4  cpp_memory.o(.data)
    handler_pointer                          0x10000144   Data           4  cpp_memory.o(.data)
    .data                                    0x10000148   Section        8  cpp_unwinder.o(.data)
    eh                                       0x10000148   Data           4  cpp_unwinder.o(.data)
    eh_p                                     0x1000014c   Data           4  cpp_unwinder.o(.data)
    .data                                    0x10000150   Section        4  mvars.o(.data)
    .data                                    0x10000154   Section        4  mvars.o(.data)
    .bss                                     0x10000158   Section       64  retarget.o(.bss)
    filehandles                              0x10000158   Data          64  retarget.o(.bss)
    .bss                                     0x10000198   Section       20  stdout_f.o(.bss)
    .bss                                     0x100001ac   Section       20  stderr_f.o(.bss)
    HEAP                                     0x100001c0   Section        0  startup_LPC11xx.o(HEAP)

    Global Symbols

    Symbol Name                              Value     Ov Type        Size  Object(Section)

    BuildAttributes$$THM_ISAv3M$S$PE$A:L22$X:L11$S22$IEEE1$IW$USESV6$~STKCKD$USESV7$~SHL$OTIME$ROPI$EBA8$UX$MICROLIB$REQ8$PRES8$EABIv2 0x00000000   Number         0  anon$$obj.o ABSOLUTE
    __ARM_use_no_argv                        0x00000000   Number         0  main.o ABSOLUTE
    __Vectors                                0x00000000   Data           4  startup_LPC11xx.o(RESET)
    _printf_a                                0x00000000   Number         0  stubs.o ABSOLUTE
    _printf_c                                0x00000000   Number         0  stubs.o ABSOLUTE
    _printf_charcount                        0x00000000   Number         0  stubs.o ABSOLUTE
    _printf_d                                0x00000000   Number         0  stubs.o ABSOLUTE
    _printf_e                                0x00000000   Number         0  stubs.o ABSOLUTE
    _printf_f                                0x00000000   Number         0  stubs.o ABSOLUTE
    _printf_flags                            0x00000000   Number         0  stubs.o ABSOLUTE
    _printf_fp_dec                           0x00000000   Number         0  stubs.o ABSOLUTE
    _printf_fp_hex                           0x00000000   Number         0  stubs.o ABSOLUTE
    _printf_g                                0x00000000   Number         0  stubs.o ABSOLUTE
    _printf_i                                0x00000000   Number         0  stubs.o ABSOLUTE
    _printf_int_dec                          0x00000000   Number         0  stubs.o ABSOLUTE
    _printf_l                                0x00000000   Number         0  stubs.o ABSOLUTE
    _printf_lc                               0x00000000   Number         0  stubs.o ABSOLUTE
    _printf_ll                               0x00000000   Number         0  stubs.o ABSOLUTE
    _printf_lld                              0x00000000   Number         0  stubs.o ABSOLUTE
    _printf_lli                              0x00000000   Number         0  stubs.o ABSOLUTE
    _printf_llo                              0x00000000   Number         0  stubs.o ABSOLUTE
    _printf_llu                              0x00000000   Number         0  stubs.o ABSOLUTE
    _printf_llx                              0x00000000   Number         0  stubs.o ABSOLUTE
    _printf_longlong_dec                     0x00000000   Number         0  stubs.o ABSOLUTE
    _printf_longlong_hex                     0x00000000   Number         0  stubs.o ABSOLUTE
    _printf_longlong_oct                     0x00000000   Number         0  stubs.o ABSOLUTE
    _printf_ls                               0x00000000   Number         0  stubs.o ABSOLUTE
    _printf_mbtowc                           0x00000000   Number         0  stubs.o ABSOLUTE
    _printf_n                                0x00000000   Number         0  stubs.o ABSOLUTE
    _printf_o                                0x00000000   Number         0  stubs.o ABSOLUTE
    _printf_p                                0x00000000   Number         0  stubs.o ABSOLUTE
    _printf_percent                          0x00000000   Number         0  stubs.o ABSOLUTE
    _printf_pre_padding                      0x00000000   Number         0  stubs.o ABSOLUTE
    _printf_return_value                     0x00000000   Number         0  stubs.o ABSOLUTE
    _printf_s                                0x00000000   Number         0  stubs.o ABSOLUTE
    _printf_sizespec                         0x00000000   Number         0  stubs.o ABSOLUTE
    _printf_str                              0x00000000   Number         0  stubs.o ABSOLUTE
    _printf_truncate_signed                  0x00000000   Number         0  stubs.o ABSOLUTE
    _printf_truncate_unsigned                0x00000000   Number         0  stubs.o ABSOLUTE
    _printf_u                                0x00000000   Number         0  stubs.o ABSOLUTE
    _printf_wc                               0x00000000   Number         0  stubs.o ABSOLUTE
    _printf_wctomb                           0x00000000   Number         0  stubs.o ABSOLUTE
    _printf_widthprec                        0x00000000   Number         0  stubs.o ABSOLUTE
    _printf_x                                0x00000000   Number         0  stubs.o ABSOLUTE
    __ARM::default_unexpected_handler()       - Undefined Weak Reference
    __ARM_exceptions_buffer_required          - Undefined Weak Reference
    __cpp_initialize__aeabi_                  - Undefined Weak Reference
    __cxa_finalize                            - Undefined Weak Reference
    __decompress                              - Undefined Weak Reference
    _clock_init                               - Undefined Weak Reference
    _microlib_exit                            - Undefined Weak Reference
    __main                                   0x00000201   Thumb Code     0  entry.o(.ARM.Collect$$$$00000000)
    _main_stk                                0x00000201   Thumb Code     0  entry2.o(.ARM.Collect$$$$00000001)
    _main_scatterload                        0x00000205   Thumb Code     0  entry5.o(.ARM.Collect$$$$00000004)
    __main_after_scatterload                 0x00000209   Thumb Code     0  entry5.o(.ARM.Collect$$$$00000004)
    __use_full_stdio                         0x00000209   Thumb Code     0  entry6b.o(.ARM.Collect$$$$00000006)
    __main_after_initio                      0x0000020d   Thumb Code     0  entry6b.o(.ARM.Collect$$$$00000006)
    _main_clock                              0x0000020d   Thumb Code     0  entry7b.o(.ARM.Collect$$$$00000008)
    _main_cpp_init                           0x0000020d   Thumb Code     0  entry8b.o(.ARM.Collect$$$$0000000A)
    _main_init                               0x0000020d   Thumb Code     0  entry9a.o(.ARM.Collect$$$$0000000B)
    __rt_final_cpp                           0x00000215   Thumb Code     0  entry10a.o(.ARM.Collect$$$$0000000D)
    __rt_final_exit                          0x00000215   Thumb Code     0  entry11a.o(.ARM.Collect$$$$0000000F)
    Watchdog::kick()                         0x00000219   Thumb Code    12  watchdog.o(.text)
    Watchdog::setUp(float)                   0x00000225   Thumb Code    84  watchdog.o(.text)
    Reset_Handler                            0x00000285   Thumb Code     8  startup_LPC11xx.o(.text)
    HardFault_Handler                        0x0000028d   Thumb Code     2  startup_LPC11xx.o(.text)
    SVC_Handler                              0x0000028f   Thumb Code     2  startup_LPC11xx.o(.text)
    PendSV_Handler                           0x00000291   Thumb Code     2  startup_LPC11xx.o(.text)
    SysTick_Handler                          0x00000293   Thumb Code     2  startup_LPC11xx.o(.text)
    Reserved_IRQHandler                      0x00000295   Thumb Code     2  startup_LPC11xx.o(.text)
    ADC_IRQHandler                           0x00000297   Thumb Code     0  startup_LPC11xx.o(.text)
    BOD_IRQHandler                           0x00000297   Thumb Code     0  startup_LPC11xx.o(.text)
    C_CAN_IRQHandler                         0x00000297   Thumb Code     0  startup_LPC11xx.o(.text)
    I2C_IRQHandler                           0x00000297   Thumb Code     0  startup_LPC11xx.o(.text)
    NMI_Handler                              0x00000297   Thumb Code     0  startup_LPC11xx.o(.text)
    PIO_0_IRQHandler                         0x00000297   Thumb Code     0  startup_LPC11xx.o(.text)
    PIO_1_IRQHandler                         0x00000297   Thumb Code     0  startup_LPC11xx.o(.text)
    PIO_2_IRQHandler                         0x00000297   Thumb Code     0  startup_LPC11xx.o(.text)
    PIO_3_IRQHandler                         0x00000297   Thumb Code     0  startup_LPC11xx.o(.text)
    SLWU_INT0_IRQHandler                     0x00000297   Thumb Code     0  startup_LPC11xx.o(.text)
    SLWU_INT10_IRQHandler                    0x00000297   Thumb Code     0  startup_LPC11xx.o(.text)
    SLWU_INT11_IRQHandler                    0x00000297   Thumb Code     0  startup_LPC11xx.o(.text)
    SLWU_INT12_IRQHandler                    0x00000297   Thumb Code     0  startup_LPC11xx.o(.text)
    SLWU_INT1_IRQHandler                     0x00000297   Thumb Code     0  startup_LPC11xx.o(.text)
    SLWU_INT2_IRQHandler                     0x00000297   Thumb Code     0  startup_LPC11xx.o(.text)
    SLWU_INT3_IRQHandler                     0x00000297   Thumb Code     0  startup_LPC11xx.o(.text)
    SLWU_INT4_IRQHandler                     0x00000297   Thumb Code     0  startup_LPC11xx.o(.text)
    SLWU_INT5_IRQHandler                     0x00000297   Thumb Code     0  startup_LPC11xx.o(.text)
    SLWU_INT6_IRQHandler                     0x00000297   Thumb Code     0  startup_LPC11xx.o(.text)
    SLWU_INT7_IRQHandler                     0x00000297   Thumb Code     0  startup_LPC11xx.o(.text)
    SLWU_INT8_IRQHandler                     0x00000297   Thumb Code     0  startup_LPC11xx.o(.text)
    SLWU_INT9_IRQHandler                     0x00000297   Thumb Code     0  startup_LPC11xx.o(.text)
    SSP0_IRQHandler                          0x00000297   Thumb Code     0  startup_LPC11xx.o(.text)
    SSP1_IRQHandler                          0x00000297   Thumb Code     0  startup_LPC11xx.o(.text)
    TIMER16_0_IRQHandler                     0x00000297   Thumb Code     0  startup_LPC11xx.o(.text)
    TIMER16_1_IRQHandler                     0x00000297   Thumb Code     0  startup_LPC11xx.o(.text)
    TIMER32_0_IRQHandler                     0x00000297   Thumb Code     0  startup_LPC11xx.o(.text)
    TIMER32_1_IRQHandler                     0x00000297   Thumb Code     0  startup_LPC11xx.o(.text)
    UART_IRQHandler                          0x00000297   Thumb Code     0  startup_LPC11xx.o(.text)
    WDT_IRQHandler                           0x00000297   Thumb Code     0  startup_LPC11xx.o(.text)
    _initio                                  0x000002a1   Thumb Code    20  initio_oe.o(.text)
    fputc                                    0x000002c1   Thumb Code    42  fputc_fp.o(.text)
    strlen                                   0x000002eb   Thumb Code    14  strlen.o(.text)
    mbed::Stream::close()                    0x000002f9   Thumb Code     4  Stream.o(i._ZN4mbed6Stream5closeEv)
    __I$use$fp                               0x000002f9   Thumb Code     0  iusefp.o(.text)
    $Super$$main                             0x00000301   Thumb Code   266  main.o(.text)
    DS3231::DS3231(PinName, PinName)         0x00000429   Thumb Code    24  ds3231.o(.text)
    DS3231::DS3231__sub_object(PinName, PinName) 0x00000429   Thumb Code     0  ds3231.o(.text)
    DS3231::setI2Cfrequency(int)             0x00000441   Thumb Code    16  ds3231.o(.text)
    DS3231::readTemp()                       0x00000451   Thumb Code   120  ds3231.o(.text)
    DS3231::bcd2dec(int)                     0x000004c9   Thumb Code    20  ds3231.o(.text)
    DS3231::decodeTime(int, int, int, int&, int&, int&) 0x000004dd   Thumb Code    46  ds3231.o(.text)
    DS3231::readTime(int&, int&, int&)       0x0000050b   Thumb Code    96  ds3231.o(.text)
    DS3231::writeRegister(int, char)         0x0000056b   Thumb Code    46  ds3231.o(.text)
    DS3231::readRegister(char)               0x00000599   Thumb Code    66  ds3231.o(.text)
    DS3231::convertTemperature()             0x000005db   Thumb Code    30  ds3231.o(.text)
    DS3231::dec2bcd(int)                     0x000005f9   Thumb Code    28  ds3231.o(.text)
    DS3231::setTime(int, int, int)           0x00000615   Thumb Code    74  ds3231.o(.text)
    DS3231::decodeDate(int, int, int, int&, int&, int&) 0x0000065f   Thumb Code    82  ds3231.o(.text)
    DS3231::readDate(int&, int&, int&)       0x000006b1   Thumb Code    96  ds3231.o(.text)
    DS3231::setDate(int, int, int, int)      0x00000711   Thumb Code   144  ds3231.o(.text)
    DS3231::readDateTime(int&, int&, int&, int&, int&, int&, int&) 0x000007a1   Thumb Code   132  ds3231.o(.text)
    DS3231::eraseOSF()                       0x00000825   Thumb Code    30  ds3231.o(.text)
    DS3231::OSF()                            0x00000843   Thumb Code    22  ds3231.o(.text)
    DS2482::DS2482(PinName, PinName, int)    0x00000861   Thumb Code    28  ds2482.o(.text)
    DS2482::DS2482__sub_object(PinName, PinName, int) 0x00000861   Thumb Code     0  ds2482.o(.text)
    DS2482::oneWireReadByte()                0x0000087d   Thumb Code   102  ds2482.o(.text)
    DS2482::oneWireWriteByte(char)           0x000008e3   Thumb Code    62  ds2482.o(.text)
    DS2482::oneWireReset()                   0x00000921   Thumb Code    90  ds2482.o(.text)
    DS2482::oneWireSearch()                  0x0000097b   Thumb Code    48  ds2482.o(.text)
    DS2482::reset()                          0x000009ab   Thumb Code    60  ds2482.o(.text)
    DS2482::oneWireTouchBit(char)            0x000009e7   Thumb Code    92  ds2482.o(.text)
    DS2482::oneWireReadBit()                 0x00000a43   Thumb Code    14  ds2482.o(.text)
    DS2482::issueMeasureTempCommand()        0x00000a51   Thumb Code    48  ds2482.o(.text)
    DS2482::readFromROMadress(char*)         0x00000a81   Thumb Code   116  ds2482.o(.text)
    DS2482::getSolarTemperature()            0x00000af5   Thumb Code    22  ds2482.o(.text)
    DS2482::getFirstTankTemperature()        0x00000b0b   Thumb Code    22  ds2482.o(.text)
    DS2482::getSecondTankTemperature()       0x00000b21   Thumb Code    22  ds2482.o(.text)
    DS2482::oneWireWriteBit(char)            0x00000b37   Thumb Code    16  ds2482.o(.text)
    TextLCD::locate(int, int)                0x00000b69   Thumb Code    10  textlcd.o(.text)
    TextLCD::writeByte(int)                  0x00000b73   Thumb Code    92  textlcd.o(.text)
    TextLCD::writeCommand(int)               0x00000bcf   Thumb Code    26  textlcd.o(.text)
    TextLCD::cls()                           0x00000be9   Thumb Code    30  textlcd.o(.text)
    TextLCD::TextLCD(PinName, PinName, PinName, PinName, PinName, PinName, TextLCD::LCDType) 0x00000c07   Thumb Code   212  textlcd.o(.text)
    TextLCD::TextLCD__sub_object(PinName, PinName, PinName, PinName, PinName, PinName, TextLCD::LCDType) 0x00000c07   Thumb Code     0  textlcd.o(.text)
    TextLCD::rows()                          0x00000cdb   Thumb Code    36  textlcd.o(.text)
    TextLCD::columns()                       0x00000cff   Thumb Code    36  textlcd.o(.text)
    TextLCD::writeData(int)                  0x00000d23   Thumb Code    26  textlcd.o(.text)
    TextLCD::address(int, int)               0x00000d3d   Thumb Code    92  textlcd.o(.text)
    TextLCD::character(int, int, int)        0x00000d99   Thumb Code    40  textlcd.o(.text)
    TextLCD::_putc(int)                      0x00000dc1   Thumb Code   128  textlcd.o(.text)
    TextLCD::_getc()                         0x00000e41   Thumb Code     8  textlcd.o(.text)
    LogicEngine::LogicEngine(PinName, PinName) 0x00000ec5   Thumb Code    54  logicengine.o(.text)
    LogicEngine::LogicEngine__sub_object(PinName, PinName) 0x00000ec5   Thumb Code     0  logicengine.o(.text)
    LogicEngine::pump2Logic(bool&, int, int, int, float, float) 0x00000efb   Thumb Code   148  logicengine.o(.text)
    LogicEngine::pump1Logic(bool&, int, int, float, float) 0x00000f8f   Thumb Code    90  logicengine.o(.text)
    LogicEngine::exexute(int, int, int, bool&, bool&, float, float, float) 0x00000fe9   Thumb Code    54  logicengine.o(.text)
    Menu::configurationMenu(TextLCD&, configurarationEnum, int, int, int) 0x00001089   Thumb Code    64  menu.o(.text)
    Menu::standardMenu(TextLCD&, bool, float, float, float, bool, bool) 0x000010c9   Thumb Code   150  menu.o(.text)
    Menu::menu(InterruptManager&, TextLCD&, bool, bool, float, float, float, bool, bool, configurarationEnum, int, int, int) 0x0000115f   Thumb Code    82  menu.o(.text)
    InterruptManager::InterruptManager(PinName, PinName, PinName) 0x0000123d   Thumb Code   320  interruptmanager.o(.text)
    InterruptManager::InterruptManager__sub_object(PinName, PinName, PinName) 0x0000123d   Thumb Code     0  interruptmanager.o(.text)
    InterruptManager::getConfigurationMode() 0x0000137d   Thumb Code     6  interruptmanager.o(.text)
    InterruptManager::getScreen()            0x00001383   Thumb Code     6  interruptmanager.o(.text)
    InterruptManager::getLcdRefresh()        0x00001389   Thumb Code     6  interruptmanager.o(.text)
    InterruptManager::getState()             0x0000138f   Thumb Code     6  interruptmanager.o(.text)
    InterruptManager::getHysteresisValue()   0x00001395   Thumb Code     6  interruptmanager.o(.text)
    InterruptManager::getMinTempInTank1()    0x0000139b   Thumb Code     6  interruptmanager.o(.text)
    InterruptManager::getDiffrenceInTemp()   0x000013a1   Thumb Code     6  interruptmanager.o(.text)
    InterruptManager::setLcdRefresh(bool)    0x000013a7   Thumb Code     4  interruptmanager.o(.text)
    InterruptManager::configurationButtonHandler() 0x000013ab   Thumb Code   164  interruptmanager.o(.text)
    InterruptManager::upButtonHandler()      0x0000144f   Thumb Code    68  interruptmanager.o(.text)
    InterruptManager::downButtonHandler()    0x00001493   Thumb Code    68  interruptmanager.o(.text)
    InterruptManager::screenSwitch()         0x000014d7   Thumb Code    16  interruptmanager.o(.text)
    InterruptManager::lcdRefresh()           0x000014e7   Thumb Code     6  interruptmanager.o(.text)
    IAP::read_ID()                           0x00001515   Thumb Code    22  iap.o(.text)
    IAP::read_serial()                       0x0000152b   Thumb Code    22  iap.o(.text)
    IAP::blank_check(int, int)               0x00001541   Thumb Code    30  iap.o(.text)
    IAP::erase(int, int)                     0x0000155f   Thumb Code    34  iap.o(.text)
    IAP::prepare(int, int)                   0x00001581   Thumb Code    30  iap.o(.text)
    IAP::write(char*, char*, int)            0x0000159f   Thumb Code    38  iap.o(.text)
    IAP::compare(char*, char*, int)          0x000015c5   Thumb Code    34  iap.o(.text)
    IAP::read_BootVer()                      0x000015e7   Thumb Code    26  iap.o(.text)
    IAP::reserved_flash_area_start()         0x00001601   Thumb Code     8  iap.o(.text)
    IAP::reserved_flash_area_size()          0x00001609   Thumb Code     8  iap.o(.text)
    __aeabi_uidiv                            0x00001611   Thumb Code     0  uidiv.o(.text)
    __aeabi_uidivmod                         0x00001611   Thumb Code    44  uidiv.o(.text)
    __aeabi_idiv                             0x0000163d   Thumb Code     0  idiv.o(.text)
    __aeabi_idivmod                          0x0000163d   Thumb Code    40  idiv.o(.text)
    __aeabi_memcpy                           0x00001665   Thumb Code    36  memcpya.o(.text)
    __aeabi_memcpy4                          0x00001665   Thumb Code     0  memcpya.o(.text)
    __aeabi_memcpy8                          0x00001665   Thumb Code     0  memcpya.o(.text)
    __aeabi_memset                           0x00001689   Thumb Code    14  memseta.o(.text)
    __aeabi_memset4                          0x00001689   Thumb Code     0  memseta.o(.text)
    __aeabi_memset8                          0x00001689   Thumb Code     0  memseta.o(.text)
    __aeabi_memclr                           0x00001697   Thumb Code     4  memseta.o(.text)
    __aeabi_memclr4                          0x00001697   Thumb Code     0  memseta.o(.text)
    __aeabi_memclr8                          0x00001697   Thumb Code     0  memseta.o(.text)
    _memset$wrapper                          0x0000169b   Thumb Code    18  memseta.o(.text)
    strcmp                                   0x000016ad   Thumb Code    28  strcmp.o(.text)
    strncmp                                  0x000016c9   Thumb Code    30  strncmp.o(.text)
    __0sscanf                                0x000016e9   Thumb Code    50  __0sscanf.o(.text)
    _scanf_int                               0x00001725   Thumb Code   330  _scanf_int.o(.text)
    __aeabi_fadd                             0x0000186f   Thumb Code   162  fadd.o(.text)
    __aeabi_fsub                             0x00001911   Thumb Code     8  fadd.o(.text)
    __aeabi_frsub                            0x00001919   Thumb Code     8  fadd.o(.text)
    __aeabi_fmul                             0x00001921   Thumb Code   122  fmul.o(.text)
    __aeabi_dadd                             0x0000199d   Thumb Code   328  dadd.o(.text)
    __aeabi_dsub                             0x00001ae5   Thumb Code    12  dadd.o(.text)
    __aeabi_drsub                            0x00001af1   Thumb Code    12  dadd.o(.text)
    __aeabi_ddiv                             0x00001b01   Thumb Code   234  ddiv.o(.text)
    __aeabi_i2f                              0x00001bf1   Thumb Code    22  fflti.o(.text)
    __aeabi_ui2f                             0x00001c07   Thumb Code    14  ffltui.o(.text)
    __aeabi_ui2d                             0x00001c15   Thumb Code    24  dfltui.o(.text)
    __aeabi_f2iz                             0x00001c31   Thumb Code    50  ffixi.o(.text)
    __aeabi_f2uiz                            0x00001c63   Thumb Code    40  ffixui.o(.text)
    __aeabi_f2ulz                            0x00001c8b   Thumb Code    48  ffixul.o(.text)
    __aeabi_f2d                              0x00001cbb   Thumb Code    40  f2d.o(.text)
    __aeabi_d2f                              0x00001ce3   Thumb Code    56  d2f.o(.text)
    __aeabi_cfcmpeq                          0x00001d1d   Thumb Code     0  cfcmple.o(.text)
    __aeabi_cfcmple                          0x00001d1d   Thumb Code    20  cfcmple.o(.text)
    __aeabi_cfrcmple                         0x00001d31   Thumb Code    20  cfrcmple.o(.text)
    __default_new_handler()                  0x00001d45   Thumb Code     8  arm_newhandler_noexceptions.o(.text)
    __aeabi_uldivmod                         0x00001d4d   Thumb Code    96  uldiv.o(.text)
    __aeabi_llsl                             0x00001dad   Thumb Code    32  llshl.o(.text)
    _ll_shift_l                              0x00001dad   Thumb Code     0  llshl.o(.text)
    __aeabi_lasr                             0x00001dcd   Thumb Code    38  llsshr.o(.text)
    _ll_sshift_r                             0x00001dcd   Thumb Code     0  llsshr.o(.text)
    _chval                                   0x00001df3   Thumb Code    30  _chval.o(.text)
    __vfscanf_char                           0x00001e1d   Thumb Code    24  scanf_char.o(.text)
    _sgetc                                   0x00001e3d   Thumb Code    32  _sgetc.o(.text)
    _sbackspace                              0x00001e5d   Thumb Code    36  _sgetc.o(.text)
    __rt_new_handler_addr                    0x00001e81   Thumb Code     4  cpp_memory.o(.text)
    __aeabi_unwind_cpp_pr0                   0x00001e89   Thumb Code     4  cpp_unwinder.o(.text)
    __aeabi_unwind_cpp_pr1                   0x00001e8d   Thumb Code     4  cpp_unwinder.o(.text)
    _Unwind_DeleteException                  0x00001e91   Thumb Code     2  cpp_unwinder.o(.text)
    _Unwind_Activity                         0x00001e93   Thumb Code     2  cpp_unwinder.o(.text)
    _Unwind_RaiseException                   0x00001e95   Thumb Code     4  cpp_unwinder.o(.text)
    __rt_eh_globals_addr                     0x00001e99   Thumb Code    10  cpp_unwinder.o(.text)
    _float_round                             0x00001ea9   Thumb Code    16  fepilogue.o(.text)
    _float_epilogue                          0x00001eb9   Thumb Code   114  fepilogue.o(.text)
    _double_round                            0x00001f2b   Thumb Code    26  depilogue.o(.text)
    _double_epilogue                         0x00001f45   Thumb Code   164  depilogue.o(.text)
    __aeabi_dmul                             0x00001fe9   Thumb Code   202  dmul.o(.text)
    __aeabi_d2ulz                            0x000020b9   Thumb Code    54  dfixul.o(.text)
    __aeabi_cdrcmple                         0x000020f9   Thumb Code    38  cdrcmple.o(.text)
    std::terminate()                         0x00002121   Thumb Code    28  arm_exceptions_terminate.o(.text)
    __cxa_get_globals                        0x00002143   Thumb Code    66  arm_exceptions_globs.o(.text)
    __scatterload                            0x00002191   Thumb Code    28  init.o(.text)
    __scatterload_rt2                        0x00002191   Thumb Code     0  init.o(.text)
    __aeabi_llsr                             0x000021b5   Thumb Code    34  llushr.o(.text)
    _ll_ushift_r                             0x000021b5   Thumb Code     0  llushr.o(.text)
    isspace                                  0x000021d7   Thumb Code    14  isspace_c.o(.text)
    __vfscanf                                0x000021e5   Thumb Code   812  _scanf.o(.text)
    __ARM_exceptions_buffer_init             0x0000251d   Thumb Code    18  arm_exceptions_mem.o(.text)
    __ARM_exceptions_buffer_allocate         0x0000252f   Thumb Code    26  arm_exceptions_mem.o(.text)
    __ARM_exceptions_buffer_free             0x00002549   Thumb Code    22  arm_exceptions_mem.o(.text)
    __ctype_lookup                           0x00002561   Thumb Code    32  ctype_c.o(.text)
    main                                     0x00002585   Thumb Code    16  retarget.o(i.$Sub$$main)
    NVIC_SetVector                           0x00002595   Thumb Code    62  cmsis_nvic.o(i.NVIC_SetVector)
    SystemInit                               0x000025dd   Thumb Code    78  system_LPC11xx.o(i.SystemInit)
    AjK::PinDetect::setSampleFrequency(int)  0x0000263d   Thumb Code    82  interruptmanager.o(i._ZN3AjK9PinDetect18setSampleFrequencyEi)
    AjK::PinDetect::isr()                    0x00002699   Thumb Code   124  interruptmanager.o(i._ZN3AjK9PinDetect3isrEv)
    AjK::PinDetect::init(PinName, PinMode)   0x00002715   Thumb Code   104  interruptmanager.o(i._ZN3AjK9PinDetect4initE7PinName7PinMode)
    AjK::PinDetect::PinDetect(PinName, PinMode) 0x00002781   Thumb Code    78  interruptmanager.o(i._ZN3AjK9PinDetectC1E7PinName7PinMode)
    AjK::PinDetect::PinDetect__sub_object(PinName, PinMode) 0x00002781   Thumb Code     0  interruptmanager.o(i._ZN3AjK9PinDetectC1E7PinName7PinMode)
    IAP::IAP()                               0x000027d1   Thumb Code    26  interruptmanager.o(i._ZN3IAPC1Ev)
    IAP::IAP__sub_object()                   0x000027d1   Thumb Code     0  interruptmanager.o(i._ZN3IAPC1Ev)
    mbed::DigitalOut::DigitalOut(PinName)    0x000027f5   Thumb Code    28  textlcd.o(i._ZN4mbed10DigitalOutC1E7PinName)
    mbed::DigitalOut::DigitalOut__sub_object(PinName) 0x000027f5   Thumb Code     0  textlcd.o(i._ZN4mbed10DigitalOutC1E7PinName)
    mbed::DigitalOut::operator =(int)        0x00002811   Thumb Code    22  textlcd.o(i._ZN4mbed10DigitalOutaSEi)
    mbed::TimerEvent::irq(unsigned)          0x00002827   Thumb Code     6  TimerEvent.o(i._ZN4mbed10TimerEvent3irqEj)
    mbed::TimerEvent::insert(unsigned long long) 0x0000282d   Thumb Code    12  TimerEvent.o(i._ZN4mbed10TimerEvent6insertEy)
    mbed::TimerEvent::remove()               0x00002839   Thumb Code    10  TimerEvent.o(i._ZN4mbed10TimerEvent6removeEv)
    mbed::TimerEvent::TimerEvent__sub_object() 0x00002845   Thumb Code    28  TimerEvent.o(i._ZN4mbed10TimerEventC2Ev)
    mbed::FunctionPointer::call()            0x00002869   Thumb Code    26  FunctionPointer.o(i._ZN4mbed15FunctionPointer4callEv)
    mbed::FunctionPointer::FunctionPointer(void(*)()) 0x00002883   Thumb Code    10  FunctionPointer.o(i._ZN4mbed15FunctionPointerC1EPFvvE)
    mbed::FunctionPointer::FunctionPointer__sub_object(void(*)()) 0x00002883   Thumb Code     0  FunctionPointer.o(i._ZN4mbed15FunctionPointerC1EPFvvE)
    mbed::I2C::read(int, char*, int, bool)   0x0000288d   Thumb Code    62  I2C.o(i._ZN4mbed3I2C4readEiPcib)
    mbed::I2C::write(int, const char*, int, bool) 0x000028d1   Thumb Code    62  I2C.o(i._ZN4mbed3I2C5writeEiPKcib)
    mbed::I2C::frequency(int)                0x00002915   Thumb Code    16  I2C.o(i._ZN4mbed3I2C9frequencyEi)
    mbed::I2C::I2C(PinName, PinName)         0x00002929   Thumb Code    26  I2C.o(i._ZN4mbed3I2CC1E7PinNameS1_)
    mbed::I2C::I2C__sub_object(PinName, PinName) 0x00002929   Thumb Code     0  I2C.o(i._ZN4mbed3I2CC1E7PinNameS1_)
    mbed::BusOut::write(int)                 0x0000294d   Thumb Code    84  BusOut.o(i._ZN4mbed6BusOut5writeEi)
    mbed::BusOut::BusOut(PinName, PinName, PinName, PinName, PinName, PinName, PinName, PinName, PinName, PinName, PinName, PinName, PinName, PinName, PinName, PinName) 0x000029bd   Thumb Code   134  BusOut.o(i._ZN4mbed6BusOutC1E7PinNameS1_S1_S1_S1_S1_S1_S1_S1_S1_S1_S1_S1_S1_S1_S1_)
    mbed::BusOut::BusOut__sub_object(PinName, PinName, PinName, PinName, PinName, PinName, PinName, PinName, PinName, PinName, PinName, PinName, PinName, PinName, PinName, PinName) 0x000029bd   Thumb Code     0  BusOut.o(i._ZN4mbed6BusOutC1E7PinNameS1_S1_S1_S1_S1_S1_S1_S1_S1_S1_S1_S1_S1_S1_S1_)
    mbed::BusOut::operator =(int)            0x00002a49   Thumb Code    88  BusOut.o(i._ZN4mbed6BusOutaSEi)
    mbed::Stream::lseek(long, int)           0x00002aa9   Thumb Code     4  Stream.o(i._ZN4mbed6Stream5lseekEli)
    mbed::Stream::write(const void*, unsigned) 0x00002aad   Thumb Code    38  Stream.o(i._ZN4mbed6Stream5writeEPKvj)
    mbed::Stream::printf(const char*, ...)   0x00002ad3   Thumb Code    32  Stream.o(i._ZN4mbed6Stream6printfEPKcz)
    mbed::Stream::Stream__sub_object(const char*) 0x00002af5   Thumb Code    54  Stream.o(i._ZN4mbed6StreamC2EPKc)
    mbed::Ticker::setup(unsigned long long)  0x00002b3d   Thumb Code    38  Ticker.o(i._ZN4mbed6Ticker5setupEy)
    mbed::Ticker::handler()                  0x00002b63   Thumb Code    32  Ticker.o(i._ZN4mbed6Ticker7handlerEv)
    mbed::Ticker::Ticker()                   0x00002b85   Thumb Code    34  interruptmanager.o(i._ZN4mbed6TickerC1Ev)
    mbed::Ticker::Ticker__sub_object()       0x00002b85   Thumb Code     0  interruptmanager.o(i._ZN4mbed6TickerC1Ev)
    mbed::FileBase::getPathType()            0x00002bad   Thumb Code     4  FileBase.o(i._ZN4mbed8FileBase11getPathTypeEv)
    mbed::FileBase::lookup(const char*, unsigned) 0x00002bb1   Thumb Code    56  FileBase.o(i._ZN4mbed8FileBase6lookupEPKcj)
    mbed::FileBase::FileBase(const char*, mbed::PathType) 0x00002bed   Thumb Code    26  FileBase.o(i._ZN4mbed8FileBaseC1EPKcNS_8PathTypeE)
    mbed::FileBase::FileBase__sub_object(const char*, mbed::PathType) 0x00002bed   Thumb Code     0  FileBase.o(i._ZN4mbed8FileBaseC1EPKcNS_8PathTypeE)
    mbed::FileLike::FileLike__sub_object(const char*) 0x00002c11   Thumb Code    24  FileLike.o(i._ZN4mbed8FileLikeC2EPKc)
    mbed::FilePath::fileSystem()             0x00002c35   Thumb Code    26  FilePath.o(i._ZN4mbed8FilePath10fileSystemEv)
    mbed::FilePath::file()                   0x00002c4f   Thumb Code    32  FilePath.o(i._ZN4mbed8FilePath4fileEv)
    mbed::FilePath::exists()                 0x00002c6f   Thumb Code    10  FilePath.o(i._ZN4mbed8FilePath6existsEv)
    mbed::FilePath::isFile()                 0x00002c79   Thumb Code    24  FilePath.o(i._ZN4mbed8FilePath6isFileEv)
    mbed::FilePath::fileName()               0x00002c91   Thumb Code     4  FilePath.o(i._ZN4mbed8FilePath8fileNameEv)
    mbed::FilePath::FilePath(const char*)    0x00002c95   Thumb Code    68  FilePath.o(i._ZN4mbed8FilePathC1EPKc)
    mbed::FilePath::FilePath__sub_object(const char*) 0x00002c95   Thumb Code     0  FilePath.o(i._ZN4mbed8FilePathC1EPKc)
    mbed::DigitalIn::read()                  0x00002cd9   Thumb Code    48  interruptmanager.o(i._ZN4mbed9DigitalIn4readEv)
    operator new(unsigned)                   0x00002d25   Thumb Code    36  new.o(i._Znwj)
    __0fprintf                               0x00002d4d   Thumb Code    24  printfa.o(i.__0fprintf)
    __1fprintf                               0x00002d4d   Thumb Code     0  printfa.o(i.__0fprintf)
    __2fprintf                               0x00002d4d   Thumb Code     0  printfa.o(i.__0fprintf)
    __c89fprintf                             0x00002d4d   Thumb Code     0  printfa.o(i.__0fprintf)
    fprintf                                  0x00002d4d   Thumb Code     0  printfa.o(i.__0fprintf)
    __0sprintf                               0x00002d69   Thumb Code    36  printfa.o(i.__0sprintf)
    __1sprintf                               0x00002d69   Thumb Code     0  printfa.o(i.__0sprintf)
    __2sprintf                               0x00002d69   Thumb Code     0  printfa.o(i.__0sprintf)
    __c89sprintf                             0x00002d69   Thumb Code     0  printfa.o(i.__0sprintf)
    sprintf                                  0x00002d69   Thumb Code     0  printfa.o(i.__0sprintf)
    __0vfprintf                              0x00002d91   Thumb Code    20  printfa.o(i.__0vfprintf)
    __1vfprintf                              0x00002d91   Thumb Code     0  printfa.o(i.__0vfprintf)
    __2vfprintf                              0x00002d91   Thumb Code     0  printfa.o(i.__0vfprintf)
    __c89vfprintf                            0x00002d91   Thumb Code     0  printfa.o(i.__0vfprintf)
    vfprintf                                 0x00002d91   Thumb Code     0  printfa.o(i.__0vfprintf)
    __ARM_clz                                0x00002da9   Thumb Code    46  depilogue.o(i.__ARM_clz)
    __cxa_pure_virtual                       0x00002dd7   Thumb Code    10  pure_virt.o(i.__cxa_pure_virtual)
    __scatterload_copy                       0x00002de1   Thumb Code    14  handlers.o(i.__scatterload_copy)
    __scatterload_null                       0x00002def   Thumb Code     2  handlers.o(i.__scatterload_null)
    __scatterload_zeroinit                   0x00002df1   Thumb Code    14  handlers.o(i.__scatterload_zeroinit)
    fflush                                   0x00002dff   Thumb Code    24  fflush_f.o(i._fflush$full)
    fopen                                    0x00002e17   Thumb Code    38  fopen_f.o(i._fopen$full)
    freopen                                  0x00002f95   Thumb Code    96  fopen_f.o(i._freopen$full)
    _sys_close                               0x00003739   Thumb Code    38  retarget.o(i._sys_close)
    _sys_open                                0x00003765   Thumb Code   210  retarget.o(i._sys_open)
    _sys_seek                                0x00003849   Thumb Code    36  retarget.o(i._sys_seek)
    _sys_write                               0x00003871   Thumb Code    84  retarget.o(i._sys_write)
    error                                    0x000038d9   Thumb Code    20  error.o(i.error)
    exit                                     0x000038f1   Thumb Code    24  exit.o(i.exit)
    gpio_dir                                 0x00003911   Thumb Code    62  gpio_api.o(i.gpio_dir)
    gpio_init                                0x0000396d   Thumb Code    96  gpio_api.o(i.gpio_init)
    gpio_init_in                             0x000039dd   Thumb Code    34  gpio.o(i.gpio_init_in)
    gpio_init_out                            0x00003a01   Thumb Code    68  gpio.o(i.gpio_init_out)
    gpio_init_out_ex                         0x00003a4d   Thumb Code    80  gpio.o(i.gpio_init_out_ex)
    gpio_mode                                0x00003ab9   Thumb Code    14  gpio_api.o(i.gpio_mode)
    i2c_frequency                            0x00003ac9   Thumb Code    24  i2c_api.o(i.i2c_frequency)
    i2c_init                                 0x00003ae5   Thumb Code   118  i2c_api.o(i.i2c_init)
    i2c_read                                 0x00003b8d   Thumb Code   274  i2c_api.o(i.i2c_read)
    i2c_stop                                 0x00003ca5   Thumb Code    46  i2c_api.o(i.i2c_stop)
    i2c_write                                0x00003cd9   Thumb Code   198  i2c_api.o(i.i2c_write)
    malloc                                   0x00003da5   Thumb Code    92  malloc.o(i.malloc)
    mbed_assert_internal                     0x00003e11   Thumb Code    22  assert.o(i.mbed_assert_internal)
    mbed_die                                 0x00003e61   Thumb Code   396  board.o(i.mbed_die)
    mbed_main                                0x00004009   Thumb Code     2  retarget.o(i.mbed_main)
    mbed_sdk_init                            0x0000400b   Thumb Code     2  retarget.o(i.mbed_sdk_init)
    pin_function                             0x0000400d   Thumb Code    42  pinmap.o(i.pin_function)
    pin_mode                                 0x00004055   Thumb Code    56  pinmap.o(i.pin_mode)
    pinmap_merge                             0x000040a9   Thumb Code    30  pinmap_common.o(i.pinmap_merge)
    pinmap_peripheral                        0x000040dd   Thumb Code    60  pinmap_common.o(i.pinmap_peripheral)
    pinmap_pinout                            0x00004139   Thumb Code    62  pinmap_common.o(i.pinmap_pinout)
    serial_baud                              0x0000418d   Thumb Code   272  serial_api.o(i.serial_baud)
    serial_format                            0x000042a5   Thumb Code   144  serial_api.o(i.serial_format)
    serial_init                              0x00004389   Thumb Code   168  serial_api.o(i.serial_init)
    serial_putc                              0x0000445d   Thumb Code    14  serial_api.o(i.serial_putc)
    us_ticker_clear_interrupt                0x0000446d   Thumb Code     8  us_ticker.o(i.us_ticker_clear_interrupt)
    us_ticker_disable_interrupt              0x00004479   Thumb Code    12  us_ticker.o(i.us_ticker_disable_interrupt)
    us_ticker_init                           0x00004489   Thumb Code    64  us_ticker.o(i.us_ticker_init)
    us_ticker_insert_event                   0x000044e5   Thumb Code    70  us_ticker_api.o(i.us_ticker_insert_event)
    us_ticker_irq_handler                    0x00004531   Thumb Code    60  us_ticker_api.o(i.us_ticker_irq_handler)
    us_ticker_read                           0x00004571   Thumb Code    64  us_ticker.o(i.us_ticker_read)
    us_ticker_remove_event                   0x000045cd   Thumb Code    60  us_ticker_api.o(i.us_ticker_remove_event)
    us_ticker_set_handler                    0x0000460d   Thumb Code    14  us_ticker_api.o(i.us_ticker_set_handler)
    us_ticker_set_interrupt                  0x00004621   Thumb Code    14  us_ticker.o(i.us_ticker_set_interrupt)
    wait                                     0x00004635   Thumb Code    32  wait_api.o(i.wait)
    wait_ms                                  0x00004659   Thumb Code    28  wait_api.o(i.wait_ms)
    void AjK::PinDetect::attach_asserted<InterruptManager>(T1*, void(T1::*)()) 0x00004675   Thumb Code    22  interruptmanager.o(t._ZN3AjK9PinDetect15attach_assertedI16InterruptManagerEEvPT_MS3_FvvE)
    void mbed::FunctionPointer::membercaller<InterruptManager>(void*, char*) 0x0000468b   Thumb Code    80  interruptmanager.o(t._ZN4mbed15FunctionPointer12membercallerI16InterruptManagerEEvPvPc)
    void mbed::FunctionPointer::membercaller<AjK::PinDetect>(void*, char*) 0x000046db   Thumb Code    80  interruptmanager.o(t._ZN4mbed15FunctionPointer12membercallerIN3AjK9PinDetectEEEvPvPc)
    void mbed::FunctionPointer::attach<InterruptManager>(T1*, void(T1::*)()) 0x0000472d   Thumb Code    22  interruptmanager.o(t._ZN4mbed15FunctionPointer6attachI16InterruptManagerEEvPT_MS3_FvvE)
    void mbed::Ticker::attach_us<InterruptManager>(T1*, void(T1::*)(), unsigned long long) 0x00004749   Thumb Code    40  interruptmanager.o(t._ZN4mbed6Ticker9attach_usI16InterruptManagerEEvPT_MS3_FvvEy)
    __ctype_categories                       0x00004838   Data          64  ctype_c.o(.constdata)
    vtable for TextLCD                       0x00004878   Data          68  textlcd.o(.constdata__ZTV7TextLCD)
    vtable for mbed::FileHandle              0x000048bc   Data          44  retarget.o(.constdata__ZTVN4mbed10FileHandleE)
    vtable for mbed::TimerEvent              0x000048e8   Data          20  TimerEvent.o(.constdata__ZTVN4mbed10TimerEventE)
    vtable for mbed::BusOut                  0x000048fc   Data          16  BusOut.o(.constdata__ZTVN4mbed6BusOutE)
    vtable for mbed::Stream                  0x0000490c   Data          68  Stream.o(.constdata__ZTVN4mbed6StreamE)
    vtable for mbed::Ticker                  0x00004950   Data          20  Ticker.o(.constdata__ZTVN4mbed6TickerE)
    vtable for mbed::FileBase                0x00004964   Data          16  FileBase.o(.constdata__ZTVN4mbed8FileBaseE)
    vtable for mbed::FileLike                0x00004974   Data          60  FileLike.o(.constdata__ZTVN4mbed8FileLikeE)
    Region$$Table$$Base                      0x00004cc8   Number         0  anon$$obj.o(Region$$Table)
    Region$$Table$$Limit                     0x00004ce8   Number         0  anon$$obj.o(Region$$Table)
    user_area                                0x00007000   Data        4096  iap.o(.ARM.__at_0x00007000)
    SystemCoreClock                          0x10000118   Data           4  system_LPC11xx.o(.data)
    stdio_uart_inited                        0x10000120   Data           4  serial_api.o(.data)
    stdio_uart                               0x10000128   Data           8  serial_api.o(.data)
    mbed::I2C::_owner                        0x10000130   Data           4  I2C.o(.data)
    us_ticker_inited                         0x10000134   Data           4  us_ticker.o(.data)
    mbed::FileBase::_head                    0x10000138   Data           4  FileBase.o(.data)
    __microlib_freelist                      0x10000150   Data           4  mvars.o(.data)
    __microlib_freelist_initialised          0x10000154   Data           4  mvars.o(.data)
    __stdout                                 0x10000198   Data          20  stdout_f.o(.bss)
    __stderr                                 0x100001ac   Data          20  stderr_f.o(.bss)
    Image$$RW_IRAM1$$ZI$$Limit               0x100001c0   Number         0  anon$$obj.o ABSOLUTE
    __heap_base                              0x100001c0   Data           0  startup_LPC11xx.o(HEAP)
    __heap_limit                             0x100001c0   Data           0  startup_LPC11xx.o(HEAP)
    __initial_sp                             0x10001000   Number         0  startup_LPC11xx.o ABSOLUTE



==============================================================================

Memory Map of the image

  Image Entry point : 0x00000201

  Load Region LR_IROM1 (Base: 0x00000000, Size: 0x00004d80, Max: 0x00008000, ABSOLUTE)

    Execution Region ER_IROM1 (Base: 0x00000000, Size: 0x00004ce8, Max: 0x00008000, ABSOLUTE)

    Base Addr    Size         Type   Attr      Idx    E Section Name        Object

    0x00000000   0x00000200   Data   RO          777    RESET               startup_LPC11xx.o
    0x00000200   0x00000000   Code   RO         1532  * .ARM.Collect$$$$00000000  mc_p.l(entry.o)
    0x00000200   0x00000004   Code   RO         1942    .ARM.Collect$$$$00000001  mc_p.l(entry2.o)
    0x00000204   0x00000004   Code   RO         1945    .ARM.Collect$$$$00000004  mc_p.l(entry5.o)
    0x00000208   0x00000004   Code   RO         1534    .ARM.Collect$$$$00000006  mc_p.l(entry6b.o)
    0x0000020c   0x00000000   Code   RO         1947    .ARM.Collect$$$$00000008  mc_p.l(entry7b.o)
    0x0000020c   0x00000000   Code   RO         1949    .ARM.Collect$$$$0000000A  mc_p.l(entry8b.o)
    0x0000020c   0x00000008   Code   RO         1950    .ARM.Collect$$$$0000000B  mc_p.l(entry9a.o)
    0x00000214   0x00000000   Code   RO         1952    .ARM.Collect$$$$0000000D  mc_p.l(entry10a.o)
    0x00000214   0x00000000   Code   RO         1954    .ARM.Collect$$$$0000000F  mc_p.l(entry11a.o)
    0x00000214   0x00000004   Code   RO         1943    .ARM.Collect$$$$00002712  mc_p.l(entry2.o)
    0x00000218   0x0000006c   Code   RO          712    .text               watchdog.o
    0x00000284   0x0000001c   Code   RO          779    .text               startup_LPC11xx.o
    0x000002a0   0x00000020   Code   RO         1578    .text               mc_p.l(initio_oe.o)
    0x000002c0   0x0000002a   Code   RO         1584    .text               mc_p.l(fputc_fp.o)
    0x000002ea   0x0000000e   Code   RO         1610    .text               mc_p.l(strlen.o)
    0x000002f8   0x00000000   Code   RO         2011    .text               mc_p.l(iusefp.o)
    0x000002f8   0x00000004   Code   RO         1139    i._ZN4mbed6Stream5closeEv  mbed.ar(Stream.o)
    0x000002fc   0x00000004   Code   RO          778    .ARM.__at_0x02FC    startup_LPC11xx.o
    0x00000300   0x00000128   Code   RO            3    .text               main.o
    0x00000428   0x00000438   Code   RO          293    .text               ds3231.o
    0x00000860   0x00000308   Code   RO          367    .text               ds2482.o
    0x00000b68   0x0000035c   Code   RO          396    .text               textlcd.o
    0x00000ec4   0x000001c4   Code   RO          487    .text               logicengine.o
    0x00001088   0x000001b4   Code   RO          520    .text               menu.o
    0x0000123c   0x000002d8   Code   RO          558    .text               interruptmanager.o
    0x00001514   0x000000fc   Code   RO          744    .text               iap.o
    0x00001610   0x0000002c   Code   RO         1600    .text               mc_p.l(uidiv.o)
    0x0000163c   0x00000028   Code   RO         1602    .text               mc_p.l(idiv.o)
    0x00001664   0x00000024   Code   RO         1604    .text               mc_p.l(memcpya.o)
    0x00001688   0x00000024   Code   RO         1606    .text               mc_p.l(memseta.o)
    0x000016ac   0x0000001c   Code   RO         1612    .text               mc_p.l(strcmp.o)
    0x000016c8   0x0000001e   Code   RO         1614    .text               mc_p.l(strncmp.o)
    0x000016e6   0x00000002   PAD
    0x000016e8   0x0000003c   Code   RO         1881    .text               mc_p.l(__0sscanf.o)
    0x00001724   0x0000014a   Code   RO         1883    .text               mc_p.l(_scanf_int.o)
    0x0000186e   0x000000b2   Code   RO         1885    .text               mf_p.l(fadd.o)
    0x00001920   0x0000007a   Code   RO         1887    .text               mf_p.l(fmul.o)
    0x0000199a   0x00000002   PAD
    0x0000199c   0x00000164   Code   RO         1889    .text               mf_p.l(dadd.o)
    0x00001b00   0x000000f0   Code   RO         1891    .text               mf_p.l(ddiv.o)
    0x00001bf0   0x00000016   Code   RO         1893    .text               mf_p.l(fflti.o)
    0x00001c06   0x0000000e   Code   RO         1895    .text               mf_p.l(ffltui.o)
    0x00001c14   0x0000001c   Code   RO         1897    .text               mf_p.l(dfltui.o)
    0x00001c30   0x00000032   Code   RO         1899    .text               mf_p.l(ffixi.o)
    0x00001c62   0x00000028   Code   RO         1901    .text               mf_p.l(ffixui.o)
    0x00001c8a   0x00000030   Code   RO         1903    .text               mf_p.l(ffixul.o)
    0x00001cba   0x00000028   Code   RO         1905    .text               mf_p.l(f2d.o)
    0x00001ce2   0x00000038   Code   RO         1907    .text               mf_p.l(d2f.o)
    0x00001d1a   0x00000002   PAD
    0x00001d1c   0x00000014   Code   RO         1909    .text               mf_p.l(cfcmple.o)
    0x00001d30   0x00000014   Code   RO         1911    .text               mf_p.l(cfrcmple.o)
    0x00001d44   0x00000008   Code   RO         1916    .text               cpprt_p.l(arm_newhandler_noexceptions.o)
    0x00001d4c   0x00000060   Code   RO         1961    .text               mc_p.l(uldiv.o)
    0x00001dac   0x00000020   Code   RO         1963    .text               mc_p.l(llshl.o)
    0x00001dcc   0x00000026   Code   RO         1965    .text               mc_p.l(llsshr.o)
    0x00001df2   0x0000001e   Code   RO         1995    .text               mc_p.l(_chval.o)
    0x00001e10   0x0000002c   Code   RO         2005    .text               mc_p.l(scanf_char.o)
    0x00001e3c   0x00000044   Code   RO         2007    .text               mc_p.l(_sgetc.o)
    0x00001e80   0x00000008   Code   RO         2014    .text               mc_p.l(cpp_memory.o)
    0x00001e88   0x00000020   Code   RO         2019    .text               mc_p.l(cpp_unwinder.o)
    0x00001ea8   0x00000082   Code   RO         2022    .text               mf_p.l(fepilogue.o)
    0x00001f2a   0x000000be   Code   RO         2024    .text               mf_p.l(depilogue.o)
    0x00001fe8   0x000000d0   Code   RO         2028    .text               mf_p.l(dmul.o)
    0x000020b8   0x00000040   Code   RO         2030    .text               mf_p.l(dfixul.o)
    0x000020f8   0x00000028   Code   RO         2032    .text               mf_p.l(cdrcmple.o)
    0x00002120   0x0000001c   Code   RO         2054    .text               cpprt_p.l(arm_exceptions_terminate.o)
    0x0000213c   0x00000054   Code   RO         2057    .text               cpprt_p.l(arm_exceptions_globs.o)
    0x00002190   0x00000024   Code   RO         2060    .text               mc_p.l(init.o)
    0x000021b4   0x00000022   Code   RO         2064    .text               mc_p.l(llushr.o)
    0x000021d6   0x0000000e   Code   RO         2066    .text               mc_p.l(isspace_c.o)
    0x000021e4   0x00000338   Code   RO         2070    .text               mc_p.l(_scanf.o)
    0x0000251c   0x00000042   Code   RO         2078    .text               cpprt_p.l(arm_exceptions_mem.o)
    0x0000255e   0x00000002   PAD
    0x00002560   0x00000024   Code   RO         2081    .text               mc_p.l(ctype_c.o)
    0x00002584   0x00000010   Code   RO          783    i.$Sub$$main        retarget.o
    0x00002594   0x00000048   Code   RO          900    i.NVIC_SetVector    cmsis_nvic.o
    0x000025dc   0x00000060   Code   RO          909    i.SystemInit        system_LPC11xx.o
    0x0000263c   0x0000005c   Code   RO          582    i._ZN3AjK9PinDetect18setSampleFrequencyEi  interruptmanager.o
    0x00002698   0x0000007c   Code   RO          640    i._ZN3AjK9PinDetect3isrEv  interruptmanager.o
    0x00002714   0x0000006c   Code   RO          633    i._ZN3AjK9PinDetect4initE7PinName7PinMode  interruptmanager.o
    0x00002780   0x0000004e   Code   RO          603    i._ZN3AjK9PinDetectC1E7PinName7PinMode  interruptmanager.o
    0x000027ce   0x00000002   PAD
    0x000027d0   0x00000024   Code   RO          609    i._ZN3IAPC1Ev       interruptmanager.o
    0x000027f4   0x0000001c   Code   RO          426    i._ZN4mbed10DigitalOutC1E7PinName  textlcd.o
    0x00002810   0x00000016   Code   RO          420    i._ZN4mbed10DigitalOutaSEi  textlcd.o
    0x00002826   0x00000006   Code   RO         1216    i._ZN4mbed10TimerEvent3irqEj  mbed.ar(TimerEvent.o)
    0x0000282c   0x0000000c   Code   RO         1217    i._ZN4mbed10TimerEvent6insertEy  mbed.ar(TimerEvent.o)
    0x00002838   0x0000000a   Code   RO         1218    i._ZN4mbed10TimerEvent6removeEv  mbed.ar(TimerEvent.o)
    0x00002842   0x00000002   PAD
    0x00002844   0x00000024   Code   RO         1219    i._ZN4mbed10TimerEventC2Ev  mbed.ar(TimerEvent.o)
    0x00002868   0x0000001a   Code   RO         1090    i._ZN4mbed15FunctionPointer4callEv  mbed.ar(FunctionPointer.o)
    0x00002882   0x0000000a   Code   RO         1092    i._ZN4mbed15FunctionPointerC1EPFvvE  mbed.ar(FunctionPointer.o)
    0x0000288c   0x00000044   Code   RO         1102    i._ZN4mbed3I2C4readEiPcib  mbed.ar(I2C.o)
    0x000028d0   0x00000044   Code   RO         1106    i._ZN4mbed3I2C5writeEiPKcib  mbed.ar(I2C.o)
    0x00002914   0x00000014   Code   RO         1108    i._ZN4mbed3I2C9frequencyEi  mbed.ar(I2C.o)
    0x00002928   0x00000024   Code   RO         1109    i._ZN4mbed3I2CC1E7PinNameS1_  mbed.ar(I2C.o)
    0x0000294c   0x00000070   Code   RO          972    i._ZN4mbed6BusOut5writeEi  mbed.ar(BusOut.o)
    0x000029bc   0x0000008c   Code   RO          973    i._ZN4mbed6BusOutC1E7PinNameS1_S1_S1_S1_S1_S1_S1_S1_S1_S1_S1_S1_S1_S1_S1_  mbed.ar(BusOut.o)
    0x00002a48   0x00000060   Code   RO          978    i._ZN4mbed6BusOutaSEi  mbed.ar(BusOut.o)
    0x00002aa8   0x00000004   Code   RO         1141    i._ZN4mbed6Stream5lseekEli  mbed.ar(Stream.o)
    0x00002aac   0x00000026   Code   RO         1143    i._ZN4mbed6Stream5writeEPKvj  mbed.ar(Stream.o)
    0x00002ad2   0x00000020   Code   RO         1145    i._ZN4mbed6Stream6printfEPKcz  mbed.ar(Stream.o)
    0x00002af2   0x00000002   PAD
    0x00002af4   0x00000048   Code   RO         1146    i._ZN4mbed6StreamC2EPKc  mbed.ar(Stream.o)
    0x00002b3c   0x00000026   Code   RO         1195    i._ZN4mbed6Ticker5setupEy  mbed.ar(Ticker.o)
    0x00002b62   0x00000020   Code   RO         1197    i._ZN4mbed6Ticker7handlerEv  mbed.ar(Ticker.o)
    0x00002b82   0x00000002   PAD
    0x00002b84   0x00000028   Code   RO          600    i._ZN4mbed6TickerC1Ev  interruptmanager.o
    0x00002bac   0x00000004   Code   RO         1328    i._ZN4mbed8FileBase11getPathTypeEv  mbed.ar(FileBase.o)
    0x00002bb0   0x0000003c   Code   RO         1330    i._ZN4mbed8FileBase6lookupEPKcj  mbed.ar(FileBase.o)
    0x00002bec   0x00000024   Code   RO         1332    i._ZN4mbed8FileBaseC1EPKcNS_8PathTypeE  mbed.ar(FileBase.o)
    0x00002c10   0x00000024   Code   RO         1358    i._ZN4mbed8FileLikeC2EPKc  mbed.ar(FileLike.o)
    0x00002c34   0x0000001a   Code   RO         1007    i._ZN4mbed8FilePath10fileSystemEv  mbed.ar(FilePath.o)
    0x00002c4e   0x00000020   Code   RO         1009    i._ZN4mbed8FilePath4fileEv  mbed.ar(FilePath.o)
    0x00002c6e   0x0000000a   Code   RO         1010    i._ZN4mbed8FilePath6existsEv  mbed.ar(FilePath.o)
    0x00002c78   0x00000018   Code   RO         1011    i._ZN4mbed8FilePath6isFileEv  mbed.ar(FilePath.o)
    0x00002c90   0x00000004   Code   RO         1012    i._ZN4mbed8FilePath8fileNameEv  mbed.ar(FilePath.o)
    0x00002c94   0x00000044   Code   RO         1013    i._ZN4mbed8FilePathC1EPKc  mbed.ar(FilePath.o)
    0x00002cd8   0x0000004c   Code   RO          576    i._ZN4mbed9DigitalIn4readEv  interruptmanager.o
    0x00002d24   0x00000028   Code   RO         1419    i._Znwj             cpprt_p.l(new.o)
    0x00002d4c   0x0000001c   Code   RO         1850    i.__0fprintf        mc_p.l(printfa.o)
    0x00002d68   0x00000028   Code   RO         1853    i.__0sprintf        mc_p.l(printfa.o)
    0x00002d90   0x00000018   Code   RO         1854    i.__0vfprintf       mc_p.l(printfa.o)
    0x00002da8   0x0000002e   Code   RO         2026    i.__ARM_clz         mf_p.l(depilogue.o)
    0x00002dd6   0x0000000a   Code   RO         1423    i.__cxa_pure_virtual  cpprt_p.l(pure_virt.o)
    0x00002de0   0x0000000e   Code   RO         2087    i.__scatterload_copy  mc_p.l(handlers.o)
    0x00002dee   0x00000002   Code   RO         2088    i.__scatterload_null  mc_p.l(handlers.o)
    0x00002df0   0x0000000e   Code   RO         2089    i.__scatterload_zeroinit  mc_p.l(handlers.o)
    0x00002dfe   0x00000018   Code   RO         1576    i._fflush$full      mc_p.l(fflush_f.o)
    0x00002e16   0x00000026   Code   RO         1570    i._fopen$full       mc_p.l(fopen_f.o)
    0x00002e3c   0x00000158   Code   RO         1858    i._fp_digits        mc_p.l(printfa.o)
    0x00002f94   0x00000060   Code   RO         1571    i._freopen$full     mc_p.l(fopen_f.o)
    0x00002ff4   0x000006ec   Code   RO         1859    i._printf_core      mc_p.l(printfa.o)
    0x000036e0   0x00000020   Code   RO         1860    i._printf_post_padding  mc_p.l(printfa.o)
    0x00003700   0x0000002c   Code   RO         1861    i._printf_pre_padding  mc_p.l(printfa.o)
    0x0000372c   0x0000000a   Code   RO         1863    i._sputc            mc_p.l(printfa.o)
    0x00003736   0x00000002   PAD
    0x00003738   0x0000002c   Code   RO          786    i._sys_close        retarget.o
    0x00003764   0x000000e4   Code   RO          791    i._sys_open         retarget.o
    0x00003848   0x00000028   Code   RO          793    i._sys_seek         retarget.o
    0x00003870   0x00000068   Code   RO          794    i._sys_write        retarget.o
    0x000038d8   0x00000018   Code   RO         1406    i.error             mbed.ar(error.o)
    0x000038f0   0x00000020   Code   RO         1412    i.exit              mbed.ar(exit.o)
    0x00003910   0x0000005c   Code   RO          920    i.gpio_dir          mbed.ar(gpio_api.o)
    0x0000396c   0x00000070   Code   RO          921    i.gpio_init         mbed.ar(gpio_api.o)
    0x000039dc   0x00000022   Code   RO         1249    i.gpio_init_in      mbed.ar(gpio.o)
    0x000039fe   0x00000002   PAD
    0x00003a00   0x0000004c   Code   RO         1252    i.gpio_init_out     mbed.ar(gpio.o)
    0x00003a4c   0x0000006c   Code   RO         1253    i.gpio_init_out_ex  mbed.ar(gpio.o)
    0x00003ab8   0x0000000e   Code   RO          922    i.gpio_mode         mbed.ar(gpio_api.o)
    0x00003ac6   0x00000002   PAD
    0x00003ac8   0x0000001c   Code   RO         1272    i.i2c_frequency     mbed.ar(i2c_api.o)
    0x00003ae4   0x000000a8   Code   RO         1273    i.i2c_init          mbed.ar(i2c_api.o)
    0x00003b8c   0x00000118   Code   RO         1274    i.i2c_read          mbed.ar(i2c_api.o)
    0x00003ca4   0x00000034   Code   RO         1282    i.i2c_stop          mbed.ar(i2c_api.o)
    0x00003cd8   0x000000cc   Code   RO         1283    i.i2c_write         mbed.ar(i2c_api.o)
    0x00003da4   0x0000006c   Code   RO         1968    i.malloc            mc_p.l(malloc.o)
    0x00003e10   0x00000050   Code   RO         1243    i.mbed_assert_internal  mbed.ar(assert.o)
    0x00003e60   0x000001a8   Code   RO          892    i.mbed_die          board.o
    0x00004008   0x00000002   Code   RO          796    i.mbed_main         retarget.o
    0x0000400a   0x00000002   Code   RO          797    i.mbed_sdk_init     retarget.o
    0x0000400c   0x00000048   Code   RO         1304    i.pin_function      mbed.ar(pinmap.o)
    0x00004054   0x00000054   Code   RO         1305    i.pin_mode          mbed.ar(pinmap.o)
    0x000040a8   0x00000034   Code   RO         1382    i.pinmap_merge      mbed.ar(pinmap_common.o)
    0x000040dc   0x0000005c   Code   RO         1383    i.pinmap_peripheral  mbed.ar(pinmap_common.o)
    0x00004138   0x00000054   Code   RO         1384    i.pinmap_pinout     mbed.ar(pinmap_common.o)
    0x0000418c   0x00000118   Code   RO          934    i.serial_baud       mbed.ar(serial_api.o)
    0x000042a4   0x000000e4   Code   RO          938    i.serial_format     mbed.ar(serial_api.o)
    0x00004388   0x000000d4   Code   RO          941    i.serial_init       mbed.ar(serial_api.o)
    0x0000445c   0x0000000e   Code   RO          945    i.serial_putc       mbed.ar(serial_api.o)
    0x0000446a   0x00000002   PAD
    0x0000446c   0x0000000c   Code   RO         1313    i.us_ticker_clear_interrupt  mbed.ar(us_ticker.o)
    0x00004478   0x00000010   Code   RO         1314    i.us_ticker_disable_interrupt  mbed.ar(us_ticker.o)
    0x00004488   0x0000005c   Code   RO         1315    i.us_ticker_init    mbed.ar(us_ticker.o)
    0x000044e4   0x0000004c   Code   RO         1393    i.us_ticker_insert_event  mbed.ar(us_ticker_api.o)
    0x00004530   0x00000040   Code   RO         1394    i.us_ticker_irq_handler  mbed.ar(us_ticker_api.o)
    0x00004570   0x0000005c   Code   RO         1316    i.us_ticker_read    mbed.ar(us_ticker.o)
    0x000045cc   0x00000040   Code   RO         1395    i.us_ticker_remove_event  mbed.ar(us_ticker_api.o)
    0x0000460c   0x00000014   Code   RO         1396    i.us_ticker_set_handler  mbed.ar(us_ticker_api.o)
    0x00004620   0x00000014   Code   RO         1317    i.us_ticker_set_interrupt  mbed.ar(us_ticker.o)
    0x00004634   0x00000024   Code   RO         1262    i.wait              mbed.ar(wait_api.o)
    0x00004658   0x0000001c   Code   RO         1263    i.wait_ms           mbed.ar(wait_api.o)
    0x00004674   0x00000016   Code   RO          627    t._ZN3AjK9PinDetect15attach_assertedI16InterruptManagerEEvPT_MS3_FvvE  interruptmanager.o
    0x0000468a   0x00000050   Code   RO          621    t._ZN4mbed15FunctionPointer12membercallerI16InterruptManagerEEvPvPc  interruptmanager.o
    0x000046da   0x00000050   Code   RO          615    t._ZN4mbed15FunctionPointer12membercallerIN3AjK9PinDetectEEEvPvPc  interruptmanager.o
    0x0000472a   0x00000002   PAD
    0x0000472c   0x0000001c   Code   RO          588    t._ZN4mbed15FunctionPointer6attachI16InterruptManagerEEvPT_MS3_FvvE  interruptmanager.o
    0x00004748   0x00000028   Code   RO          594    t._ZN4mbed6Ticker9attach_usI16InterruptManagerEEvPT_MS3_FvvEy  interruptmanager.o
    0x00004770   0x00000078   Data   RO          949    .constdata          mbed.ar(serial_api.o)
    0x000047e8   0x00000050   Data   RO         1284    .constdata          mbed.ar(i2c_api.o)
    0x00004838   0x00000040   Data   RO         2082    .constdata          mc_p.l(ctype_c.o)
    0x00004878   0x00000044   Data   RO          413    .constdata__ZTV7TextLCD  textlcd.o
    0x000048bc   0x0000002c   Data   RO          883    .constdata__ZTVN4mbed10FileHandleE  retarget.o
    0x000048e8   0x00000014   Data   RO         1238    .constdata__ZTVN4mbed10TimerEventE  mbed.ar(TimerEvent.o)
    0x000048fc   0x00000010   Data   RO         1002    .constdata__ZTVN4mbed6BusOutE  mbed.ar(BusOut.o)
    0x0000490c   0x00000044   Data   RO         1192    .constdata__ZTVN4mbed6StreamE  mbed.ar(Stream.o)
    0x00004950   0x00000014   Data   RO         1205    .constdata__ZTVN4mbed6TickerE  mbed.ar(Ticker.o)
    0x00004964   0x00000010   Data   RO         1353    .constdata__ZTVN4mbed8FileBaseE  mbed.ar(FileBase.o)
    0x00004974   0x0000003c   Data   RO         1376    .constdata__ZTVN4mbed8FileLikeE  mbed.ar(FileLike.o)
    0x000049b0   0x00000042   Data   RO          398    .conststring        textlcd.o
    0x000049f2   0x00000002   PAD
    0x000049f4   0x00000077   Data   RO          893    .conststring        board.o
    0x00004a6b   0x00000001   PAD
    0x00004a6c   0x00000075   Data   RO          925    .conststring        mbed.ar(gpio_api.o)
    0x00004ae1   0x00000003   PAD
    0x00004ae4   0x000000fb   Data   RO          950    .conststring        mbed.ar(serial_api.o)
    0x00004bdf   0x00000001   PAD
    0x00004be0   0x00000074   Data   RO         1285    .conststring        mbed.ar(i2c_api.o)
    0x00004c54   0x00000073   Data   RO         1306    .conststring        mbed.ar(pinmap.o)
    0x00004cc7   0x00000001   PAD
    0x00004cc8   0x00000020   Data   RO         2086    Region$$Table       anon$$obj.o


    Execution Region RW_IRAM1 (Base: 0x100000c0, Size: 0x00000100, Max: 0x00000f40, ABSOLUTE)

    Base Addr    Size         Type   Attr      Idx    E Section Name        Object

    0x100000c0   0x00000050   Data   RW          561    .data               interruptmanager.o
    0x10000110   0x00000004   Data   RW          837    .data               retarget.o
    0x10000114   0x00000004   Data   RW          901    .data               cmsis_nvic.o
    0x10000118   0x00000004   Data   RW          910    .data               system_LPC11xx.o
    0x1000011c   0x00000014   Data   RW          951    .data               mbed.ar(serial_api.o)
    0x10000130   0x00000004   Data   RW         1119    .data               mbed.ar(I2C.o)
    0x10000134   0x00000004   Data   RW         1318    .data               mbed.ar(us_ticker.o)
    0x10000138   0x00000004   Data   RW         1342    .data               mbed.ar(FileBase.o)
    0x1000013c   0x00000008   Data   RW         1397    .data               mbed.ar(us_ticker_api.o)
    0x10000144   0x00000004   Data   RW         2015    .data               mc_p.l(cpp_memory.o)
    0x10000148   0x00000008   Data   RW         2020    .data               mc_p.l(cpp_unwinder.o)
    0x10000150   0x00000004   Data   RW         2068    .data               mc_p.l(mvars.o)
    0x10000154   0x00000004   Data   RW         2069    .data               mc_p.l(mvars.o)
    0x10000158   0x00000040   Zero   RW          833    .bss                retarget.o
    0x10000198   0x00000014   Zero   RW         1598    .bss                mc_p.l(stdout_f.o)
    0x100001ac   0x00000014   Zero   RW         1599    .bss                mc_p.l(stderr_f.o)
    0x100001c0   0x00000000   Zero   RW          776    HEAP                startup_LPC11xx.o



  Load Region LR$$.ARM.__at_0x00007000 (Base: 0x00007000, Size: 0x00000000, Max: 0x00001000, ABSOLUTE)

    Execution Region ER$$.ARM.__at_0x00007000 (Base: 0x00007000, Size: 0x00001000, Max: 0x00001000, ABSOLUTE, UNINIT)

    Base Addr    Size         Type   Attr      Idx    E Section Name        Object

    0x00007000   0x00001000   Zero   RW          745    .ARM.__at_0x00007000  iap.o


==============================================================================

Image component sizes


      Code (inc. data)   RO Data    RW Data    ZI Data      Debug   Object Name

       424         28        119          0          0         68   board.o
        72         10          0          4          0         80   cmsis_nvic.o
       776         34          0          0          0       3496   ds2482.o
      1080          8          0          0          0       4972   ds3231.o
       252          0          0          0       4096       4160   iap.o
      1532        104          0         80          0      19392   interruptmanager.o
       452         28          0          0          0       2752   logicengine.o
       296         30          0          0          0      40171   main.o
       436        140          0          0          0       6644   menu.o
       436         48         44          4         64        472   retarget.o
        32         12        512          0          0        164   startup_LPC11xx.o
        96         18          0          4          0         76   system_LPC11xx.o
       910         46        134          0          0      11796   textlcd.o
       108         12          0          0          0       1040   watchdog.o

    ----------------------------------------------------------------------
      6906        518        844         92       4160      95283   Object Totals
         0          0         32          0          0          0   (incl. Generated)
         4          0          3          0          0          0   (incl. Padding)

    ----------------------------------------------------------------------

      Code (inc. data)   RO Data    RW Data    ZI Data      Debug   Library Member Name

        84         12          0          0          0         96   arm_exceptions_globs.o
        66          0          0          0          0        100   arm_exceptions_mem.o
        28          0          0          0          0         68   arm_exceptions_terminate.o
         8          0          0          0          0         68   arm_newhandler_noexceptions.o
        40          4          0          0          0         68   new.o
        10          0          0          0          0         68   pure_virt.o
       348         42         16          0          0        236   BusOut.o
       100         14         16          4          0        192   FileBase.o
        36         12         60          0          0         68   FileLike.o
       164          0          0          0          0        392   FilePath.o
        36          0          0          0          0        120   FunctionPointer.o
       192         26          0          4          0        312   I2C.o
       150         18         68          0          0        364   Stream.o
        70          0         20          0          0        140   Ticker.o
        64          8         20          0          0        264   TimerEvent.o
        80         58          0          0          0         68   assert.o
        24          4          0          0          0         72   error.o
        32          8          0          0          0         64   exit.o
       218         36          0          0          0        220   gpio.o
       218         46        117          0          0        212   gpio_api.o
       732         72        196          0          0        380   i2c_api.o
       156         58        115          0          0        144   pinmap.o
       228         76          0          0          0        204   pinmap_common.o
       734        142        371         20          0        296   serial_api.o
       232         70          0          4          0        324   us_ticker.o
       224         20          0          8          0        280   us_ticker_api.o
        64          4          0          0          0        144   wait_api.o
        60         10          0          0          0         84   __0sscanf.o
        30          0          0          0          0         60   _chval.o
       824         12          0          0          0         84   _scanf.o
       330          0          0          0          0         84   _scanf_int.o
        68          0          0          0          0         76   _sgetc.o
         8          4          0          4          0         60   cpp_memory.o
        32          6          0          8          0        228   cpp_unwinder.o
        36          4         64          0          0         60   ctype_c.o
         0          0          0          0          0          0   entry.o
         0          0          0          0          0          0   entry10a.o
         0          0          0          0          0          0   entry11a.o
         8          4          0          0          0          0   entry2.o
         4          0          0          0          0          0   entry5.o
         4          0          0          0          0          0   entry6b.o
         0          0          0          0          0          0   entry7b.o
         0          0          0          0          0          0   entry8b.o
         8          4          0          0          0          0   entry9a.o
        24          0          0          0          0         68   fflush_f.o
       134          0          0          0          0        144   fopen_f.o
        42          0          0          0          0         72   fputc_fp.o
        30          0          0          0          0          0   handlers.o
        40          0          0          0          0         72   idiv.o
        36          8          0          0          0         68   init.o
        32         12          0          0          0         64   initio_oe.o
        14          0          0          0          0         68   isspace_c.o
         0          0          0          0          0          0   iusefp.o
        32          0          0          0          0         68   llshl.o
        38          0          0          0          0         68   llsshr.o
        34          0          0          0          0         68   llushr.o
       108         16          0          0          0         76   malloc.o
        36          0          0          0          0         60   memcpya.o
        36          0          0          0          0        100   memseta.o
         0          0          0          8          0          0   mvars.o
      2294        102          0          0          0        628   printfa.o
        44          8          0          0          0         84   scanf_char.o
         0          0          0          0         20          0   stderr_f.o
         0          0          0          0         20          0   stdout_f.o
        28          0          0          0          0         68   strcmp.o
        14          0          0          0          0         60   strlen.o
        30          0          0          0          0         72   strncmp.o
        44          0          0          0          0         72   uidiv.o
        96          0          0          0          0         84   uldiv.o
        40          2          0          0          0         68   cdrcmple.o
        20          0          0          0          0         68   cfcmple.o
        20          0          0          0          0         68   cfrcmple.o
        56          0          0          0          0         68   d2f.o
       356          4          0          0          0        140   dadd.o
       240          6          0          0          0         84   ddiv.o
       236          0          0          0          0        216   depilogue.o
        64         10          0          0          0         68   dfixul.o
        28          4          0          0          0         68   dfltui.o
       208          6          0          0          0         88   dmul.o
        40          0          0          0          0         60   f2d.o
       178          0          0          0          0        108   fadd.o
       130          0          0          0          0        144   fepilogue.o
        50          0          0          0          0         60   ffixi.o
        40          0          0          0          0         60   ffixui.o
        48          0          0          0          0         68   ffixul.o
        22          0          0          0          0         68   fflti.o
        14          0          0          0          0         68   ffltui.o
       122          0          0          0          0         72   fmul.o

    ----------------------------------------------------------------------
     10870        952       1068         60         40       9408   Library Totals
        22          0          5          0          0          0   (incl. Padding)

    ----------------------------------------------------------------------

      Code (inc. data)   RO Data    RW Data    ZI Data      Debug   Library Name

       236         16          0          0          0        468   cpprt_p.l
      4102        714        999         40          0       4496   mbed.ar
      4598        190         64         20         40       2800   mc_p.l
      1912         32          0          0          0       1644   mf_p.l

    ----------------------------------------------------------------------
     10870        952       1068         60         40       9408   Library Totals

    ----------------------------------------------------------------------

==============================================================================


      Code (inc. data)   RO Data    RW Data    ZI Data      Debug   

     17776       1470       1912        152       4200      97823   Grand Totals
     17776       1470       1912        152       4200      97823   ELF Image Totals
     17776       1470       1912        152          0          0   ROM Totals

==============================================================================

    Total RO  Size (Code + RO Data)                19688 (  19.23kB)
    Total RW  Size (RW Data + ZI Data)              4352 (   4.25kB)
    Total ROM Size (Code + RO Data + RW Data)      19840 (  19.38kB)

==============================================================================

