<!doctype html public "-//w3c//dtd html 4.0 transitional//en">
<html><head>
<title>Static Call Graph - [.\build\mbed_blinky.axf]</title></head>
<body><HR>
<H1>Static Call Graph for image .\build\mbed_blinky.axf</H1><HR>
<BR><P>#&#060CALLGRAPH&#062# ARM Linker, 5050106: Last Updated: Tue Feb 03 12:32:00 2015
<BR><P>
<H3>Maximum Stack Usage =       1256 bytes + Unknown(Cycles, Untraceable Function Pointers)</H3><H3>
Call chain for Maximum Stack Depth:</H3>
main &rArr; $Super$$main &rArr; TextLCD::TextLCD(PinName, PinName, PinName, PinName, PinName, PinName, TextLCD::LCDType) &rArr; mbed::Stream::Stream__sub_object(const char*) &rArr; fopen &rArr; freopen &rArr; _sys_open &rArr; __0sscanf &rArr; __vfscanf_char &rArr; __vfscanf &rArr; _scanf_int
<P>
<H3>
Mutually Recursive functions
</H3> <LI><a href="#[9]">HardFault_Handler</a>&nbsp;&nbsp;&nbsp;&rArr;&nbsp;&nbsp;&nbsp;<a href="#[9]">HardFault_Handler</a><BR>
 <LI><a href="#[a]">SVC_Handler</a>&nbsp;&nbsp;&nbsp;&rArr;&nbsp;&nbsp;&nbsp;<a href="#[a]">SVC_Handler</a><BR>
 <LI><a href="#[b]">PendSV_Handler</a>&nbsp;&nbsp;&nbsp;&rArr;&nbsp;&nbsp;&nbsp;<a href="#[b]">PendSV_Handler</a><BR>
 <LI><a href="#[c]">SysTick_Handler</a>&nbsp;&nbsp;&nbsp;&rArr;&nbsp;&nbsp;&nbsp;<a href="#[c]">SysTick_Handler</a><BR>
 <LI><a href="#[23]">Reserved_IRQHandler</a>&nbsp;&nbsp;&nbsp;&rArr;&nbsp;&nbsp;&nbsp;<a href="#[23]">Reserved_IRQHandler</a><BR>
 <LI><a href="#[24]">ADC_IRQHandler</a>&nbsp;&nbsp;&nbsp;&rArr;&nbsp;&nbsp;&nbsp;<a href="#[24]">ADC_IRQHandler</a><BR>
 <LI><a href="#[da]">gpio_init_out</a>&nbsp;&nbsp;&nbsp;&rArr;&nbsp;&nbsp;&nbsp;<a href="#[99]">mbed_assert_internal</a><BR>
 <LI><a href="#[10c]">pin_function</a>&nbsp;&nbsp;&nbsp;&rArr;&nbsp;&nbsp;&nbsp;<a href="#[99]">mbed_assert_internal</a><BR>
 <LI><a href="#[10a]">gpio_dir</a>&nbsp;&nbsp;&nbsp;&rArr;&nbsp;&nbsp;&nbsp;<a href="#[99]">mbed_assert_internal</a><BR>
 <LI><a href="#[10e]">pin_mode</a>&nbsp;&nbsp;&nbsp;&rArr;&nbsp;&nbsp;&nbsp;<a href="#[99]">mbed_assert_internal</a><BR>
 <LI><a href="#[109]">mbed_die</a>&nbsp;&nbsp;&nbsp;&rArr;&nbsp;&nbsp;&nbsp;<a href="#[99]">mbed_assert_internal</a><BR>
</UL>
<P>
<H3>
Function Pointers
</H3><UL>
 <LI><a href="#[24]">ADC_IRQHandler</a> from startup_LPC11xx.o(.text) referenced from startup_LPC11xx.o(RESET)
 <LI><a href="#[26]">BOD_IRQHandler</a> from startup_LPC11xx.o(.text) referenced from startup_LPC11xx.o(RESET)
 <LI><a href="#[1a]">C_CAN_IRQHandler</a> from startup_LPC11xx.o(.text) referenced from startup_LPC11xx.o(RESET)
 <LI><a href="#[9]">HardFault_Handler</a> from startup_LPC11xx.o(.text) referenced from startup_LPC11xx.o(RESET)
 <LI><a href="#[1c]">I2C_IRQHandler</a> from startup_LPC11xx.o(.text) referenced from startup_LPC11xx.o(RESET)
 <LI><a href="#[8]">NMI_Handler</a> from startup_LPC11xx.o(.text) referenced from startup_LPC11xx.o(RESET)
 <LI><a href="#[2a]">PIO_0_IRQHandler</a> from startup_LPC11xx.o(.text) referenced from startup_LPC11xx.o(RESET)
 <LI><a href="#[29]">PIO_1_IRQHandler</a> from startup_LPC11xx.o(.text) referenced from startup_LPC11xx.o(RESET)
 <LI><a href="#[28]">PIO_2_IRQHandler</a> from startup_LPC11xx.o(.text) referenced from startup_LPC11xx.o(RESET)
 <LI><a href="#[27]">PIO_3_IRQHandler</a> from startup_LPC11xx.o(.text) referenced from startup_LPC11xx.o(RESET)
 <LI><a href="#[b]">PendSV_Handler</a> from startup_LPC11xx.o(.text) referenced from startup_LPC11xx.o(RESET)
 <LI><a href="#[23]">Reserved_IRQHandler</a> from startup_LPC11xx.o(.text) referenced 3 times from startup_LPC11xx.o(RESET)
 <LI><a href="#[7]">Reset_Handler</a> from startup_LPC11xx.o(.text) referenced from startup_LPC11xx.o(RESET)
 <LI><a href="#[d]">SLWU_INT0_IRQHandler</a> from startup_LPC11xx.o(.text) referenced from startup_LPC11xx.o(RESET)
 <LI><a href="#[17]">SLWU_INT10_IRQHandler</a> from startup_LPC11xx.o(.text) referenced from startup_LPC11xx.o(RESET)
 <LI><a href="#[18]">SLWU_INT11_IRQHandler</a> from startup_LPC11xx.o(.text) referenced from startup_LPC11xx.o(RESET)
 <LI><a href="#[19]">SLWU_INT12_IRQHandler</a> from startup_LPC11xx.o(.text) referenced from startup_LPC11xx.o(RESET)
 <LI><a href="#[e]">SLWU_INT1_IRQHandler</a> from startup_LPC11xx.o(.text) referenced from startup_LPC11xx.o(RESET)
 <LI><a href="#[f]">SLWU_INT2_IRQHandler</a> from startup_LPC11xx.o(.text) referenced from startup_LPC11xx.o(RESET)
 <LI><a href="#[10]">SLWU_INT3_IRQHandler</a> from startup_LPC11xx.o(.text) referenced from startup_LPC11xx.o(RESET)
 <LI><a href="#[11]">SLWU_INT4_IRQHandler</a> from startup_LPC11xx.o(.text) referenced from startup_LPC11xx.o(RESET)
 <LI><a href="#[12]">SLWU_INT5_IRQHandler</a> from startup_LPC11xx.o(.text) referenced from startup_LPC11xx.o(RESET)
 <LI><a href="#[13]">SLWU_INT6_IRQHandler</a> from startup_LPC11xx.o(.text) referenced from startup_LPC11xx.o(RESET)
 <LI><a href="#[14]">SLWU_INT7_IRQHandler</a> from startup_LPC11xx.o(.text) referenced from startup_LPC11xx.o(RESET)
 <LI><a href="#[15]">SLWU_INT8_IRQHandler</a> from startup_LPC11xx.o(.text) referenced from startup_LPC11xx.o(RESET)
 <LI><a href="#[16]">SLWU_INT9_IRQHandler</a> from startup_LPC11xx.o(.text) referenced from startup_LPC11xx.o(RESET)
 <LI><a href="#[21]">SSP0_IRQHandler</a> from startup_LPC11xx.o(.text) referenced from startup_LPC11xx.o(RESET)
 <LI><a href="#[1b]">SSP1_IRQHandler</a> from startup_LPC11xx.o(.text) referenced from startup_LPC11xx.o(RESET)
 <LI><a href="#[a]">SVC_Handler</a> from startup_LPC11xx.o(.text) referenced from startup_LPC11xx.o(RESET)
 <LI><a href="#[c]">SysTick_Handler</a> from startup_LPC11xx.o(.text) referenced from startup_LPC11xx.o(RESET)
 <LI><a href="#[2c]">SystemInit</a> from system_LPC11xx.o(i.SystemInit) referenced from startup_LPC11xx.o(.text)
 <LI><a href="#[1d]">TIMER16_0_IRQHandler</a> from startup_LPC11xx.o(.text) referenced from startup_LPC11xx.o(RESET)
 <LI><a href="#[1e]">TIMER16_1_IRQHandler</a> from startup_LPC11xx.o(.text) referenced from startup_LPC11xx.o(RESET)
 <LI><a href="#[1f]">TIMER32_0_IRQHandler</a> from startup_LPC11xx.o(.text) referenced from startup_LPC11xx.o(RESET)
 <LI><a href="#[20]">TIMER32_1_IRQHandler</a> from startup_LPC11xx.o(.text) referenced from startup_LPC11xx.o(RESET)
 <LI><a href="#[22]">UART_IRQHandler</a> from startup_LPC11xx.o(.text) referenced from startup_LPC11xx.o(RESET)
 <LI><a href="#[25]">WDT_IRQHandler</a> from startup_LPC11xx.o(.text) referenced from startup_LPC11xx.o(RESET)
 <LI><a href="#[35]">__default_new_handler()</a> from arm_newhandler_noexceptions.o(.text) referenced from new.o(i._Znwj)
 <LI><a href="#[42]">InterruptManager::lcdRefresh()</a> from interruptmanager.o(.text) referenced from interruptmanager.o(.data)
 <LI><a href="#[43]">InterruptManager::screenSwitch()</a> from interruptmanager.o(.text) referenced from interruptmanager.o(.data)
 <LI><a href="#[45]">InterruptManager::upButtonHandler()</a> from interruptmanager.o(.text) referenced from interruptmanager.o(.data)
 <LI><a href="#[46]">InterruptManager::downButtonHandler()</a> from interruptmanager.o(.text) referenced from interruptmanager.o(.data)
 <LI><a href="#[44]">InterruptManager::configurationButtonHandler()</a> from interruptmanager.o(.text) referenced from interruptmanager.o(.data)
 <LI><a href="#[32]">[local to arm_exceptions_c]::__default_terminate_handler()</a> from arm_exceptions_globs.o(.text) referenced from arm_exceptions_globs.o(.text)
 <LI><a href="#[41]">AjK::PinDetect::isr()</a> from interruptmanager.o(i._ZN3AjK9PinDetect3isrEv) referenced from interruptmanager.o(.data)
 <LI><a href="#[34]">mbed::TimerEvent::irq(unsigned)</a> from TimerEvent.o(i._ZN4mbed10TimerEvent3irqEj) referenced from TimerEvent.o(i._ZN4mbed10TimerEventC2Ev)
 <LI><a href="#[39]">void mbed::FunctionPointer::membercaller&lang;InterruptManager&rang;(void*, char*)</a> from interruptmanager.o(t._ZN4mbed15FunctionPointer12membercallerI16InterruptManagerEEvPvPc) referenced from interruptmanager.o(t._ZN4mbed15FunctionPointer6attachI16InterruptManagerEEvPT_MS3_FvvE)
 <LI><a href="#[33]">void mbed::FunctionPointer::membercaller&lang;AjK::PinDetect&rang;(void*, char*)</a> from interruptmanager.o(t._ZN4mbed15FunctionPointer12membercallerIN3AjK9PinDetectEEEvPvPc) referenced from interruptmanager.o(i._ZN3AjK9PinDetect18setSampleFrequencyEi)
 <LI><a href="#[3b]">mbed::Stream::close()</a> from Stream.o(i._ZN4mbed6Stream5closeEv) referenced from textlcd.o(.constdata__ZTV7TextLCD)
 <LI><a href="#[3b]">mbed::Stream::close()</a> from Stream.o(i._ZN4mbed6Stream5closeEv) referenced from Stream.o(.constdata__ZTVN4mbed6StreamE)
 <LI><a href="#[3c]">mbed::Stream::lseek(long, int)</a> from Stream.o(i._ZN4mbed6Stream5lseekEli) referenced from textlcd.o(.constdata__ZTV7TextLCD)
 <LI><a href="#[3c]">mbed::Stream::lseek(long, int)</a> from Stream.o(i._ZN4mbed6Stream5lseekEli) referenced from Stream.o(.constdata__ZTVN4mbed6StreamE)
 <LI><a href="#[3a]">mbed::Stream::write(const void*, unsigned)</a> from Stream.o(i._ZN4mbed6Stream5writeEPKvj) referenced from textlcd.o(.constdata__ZTV7TextLCD)
 <LI><a href="#[3a]">mbed::Stream::write(const void*, unsigned)</a> from Stream.o(i._ZN4mbed6Stream5writeEPKvj) referenced from Stream.o(.constdata__ZTVN4mbed6StreamE)
 <LI><a href="#[40]">mbed::Ticker::handler()</a> from Ticker.o(i._ZN4mbed6Ticker7handlerEv) referenced from Ticker.o(.constdata__ZTVN4mbed6TickerE)
 <LI><a href="#[3e]">TextLCD::_getc()</a> from textlcd.o(.text) referenced from textlcd.o(.constdata__ZTV7TextLCD)
 <LI><a href="#[3d]">TextLCD::_putc(int)</a> from textlcd.o(.text) referenced from textlcd.o(.constdata__ZTV7TextLCD)
 <LI><a href="#[3f]">__cxa_pure_virtual</a> from pure_virt.o(i.__cxa_pure_virtual) referenced 6 times from retarget.o(.constdata__ZTVN4mbed10FileHandleE)
 <LI><a href="#[3f]">__cxa_pure_virtual</a> from pure_virt.o(i.__cxa_pure_virtual) referenced from TimerEvent.o(.constdata__ZTVN4mbed10TimerEventE)
 <LI><a href="#[3f]">__cxa_pure_virtual</a> from pure_virt.o(i.__cxa_pure_virtual) referenced 2 times from Stream.o(.constdata__ZTVN4mbed6StreamE)
 <LI><a href="#[3f]">__cxa_pure_virtual</a> from pure_virt.o(i.__cxa_pure_virtual) referenced 6 times from FileLike.o(.constdata__ZTVN4mbed8FileLikeE)
 <LI><a href="#[2d]">__main</a> from entry.o(.ARM.Collect$$$$00000000) referenced from startup_LPC11xx.o(.text)
 <LI><a href="#[2f]">_sbackspace</a> from _sgetc.o(.text) referenced from __0sscanf.o(.text)
 <LI><a href="#[30]">_scanf_char_input</a> from scanf_char.o(.text) referenced from scanf_char.o(.text)
 <LI><a href="#[2e]">_sgetc</a> from _sgetc.o(.text) referenced from __0sscanf.o(.text)
 <LI><a href="#[37]">_sputc</a> from printfa.o(i._sputc) referenced from printfa.o(i.__0sprintf)
 <LI><a href="#[36]">fputc</a> from fputc_fp.o(.text) referenced from printfa.o(i.__0fprintf)
 <LI><a href="#[36]">fputc</a> from fputc_fp.o(.text) referenced from printfa.o(i.__0vfprintf)
 <LI><a href="#[31]">isspace</a> from isspace_c.o(.text) referenced from scanf_char.o(.text)
 <LI><a href="#[2b]">main</a> from retarget.o(i.$Sub$$main) referenced from entry9a.o(.ARM.Collect$$$$0000000B)
 <LI><a href="#[38]">us_ticker_irq_handler</a> from us_ticker_api.o(i.us_ticker_irq_handler) referenced from us_ticker.o(i.us_ticker_init)
 <LI><a href="#[38]">us_ticker_irq_handler</a> from us_ticker_api.o(i.us_ticker_irq_handler) referenced from us_ticker.o(i.us_ticker_read)
</UL>
<P>
<H3>
Global Symbols
</H3>
<P><STRONG><a name="[2d]"></a>__main</STRONG> (Thumb, 0 bytes, Stack size unknown bytes, entry.o(.ARM.Collect$$$$00000000))
<BR>[Address Reference Count : 1]<UL><LI> startup_LPC11xx.o(.text)
</UL>
<P><STRONG><a name="[11f]"></a>_main_stk</STRONG> (Thumb, 0 bytes, Stack size unknown bytes, entry2.o(.ARM.Collect$$$$00000001))

<P><STRONG><a name="[47]"></a>_main_scatterload</STRONG> (Thumb, 0 bytes, Stack size unknown bytes, entry5.o(.ARM.Collect$$$$00000004))
<BR><BR>[Calls]<UL><LI><a href="#[48]">&gt;&gt;</a>&nbsp;&nbsp;&nbsp;__scatterload
</UL>

<P><STRONG><a name="[ce]"></a>__main_after_scatterload</STRONG> (Thumb, 0 bytes, Stack size unknown bytes, entry5.o(.ARM.Collect$$$$00000004))
<BR><BR>[Called By]<UL><LI><a href="#[48]">&gt;&gt;</a>&nbsp;&nbsp;&nbsp;__scatterload
</UL>

<P><STRONG><a name="[49]"></a>__use_full_stdio</STRONG> (Thumb, 0 bytes, Stack size unknown bytes, entry6b.o(.ARM.Collect$$$$00000006))
<BR><BR>[Stack]<UL><LI>Max Depth = 240 + Unknown Stack Size
<LI>Call Chain = __use_full_stdio &rArr; _initio &rArr; _sys_open &rArr; __0sscanf &rArr; __vfscanf_char &rArr; __vfscanf &rArr; _scanf_int
</UL>
<BR>[Calls]<UL><LI><a href="#[4a]">&gt;&gt;</a>&nbsp;&nbsp;&nbsp;_initio
</UL>

<P><STRONG><a name="[51]"></a>__main_after_initio</STRONG> (Thumb, 0 bytes, Stack size unknown bytes, entry6b.o(.ARM.Collect$$$$00000006))
<BR><BR>[Called By]<UL><LI><a href="#[4a]">&gt;&gt;</a>&nbsp;&nbsp;&nbsp;_initio
</UL>

<P><STRONG><a name="[120]"></a>_main_clock</STRONG> (Thumb, 0 bytes, Stack size unknown bytes, entry7b.o(.ARM.Collect$$$$00000008))

<P><STRONG><a name="[121]"></a>_main_cpp_init</STRONG> (Thumb, 0 bytes, Stack size unknown bytes, entry8b.o(.ARM.Collect$$$$0000000A))

<P><STRONG><a name="[122]"></a>_main_init</STRONG> (Thumb, 0 bytes, Stack size unknown bytes, entry9a.o(.ARM.Collect$$$$0000000B))

<P><STRONG><a name="[123]"></a>__rt_final_cpp</STRONG> (Thumb, 0 bytes, Stack size unknown bytes, entry10a.o(.ARM.Collect$$$$0000000D))

<P><STRONG><a name="[124]"></a>__rt_final_exit</STRONG> (Thumb, 0 bytes, Stack size unknown bytes, entry11a.o(.ARM.Collect$$$$0000000F))

<P><STRONG><a name="[4f]"></a>Watchdog::kick()</STRONG> (Thumb, 12 bytes, Stack size 0 bytes, watchdog.o(.text))
<BR><BR>[Called By]<UL><LI><a href="#[4b]">&gt;&gt;</a>&nbsp;&nbsp;&nbsp;Watchdog::setUp(float)
<LI><a href="#[53]">&gt;&gt;</a>&nbsp;&nbsp;&nbsp;$Super$$main
</UL>

<P><STRONG><a name="[4b]"></a>Watchdog::setUp(float)</STRONG> (Thumb, 84 bytes, Stack size 24 bytes, watchdog.o(.text))
<BR><BR>[Stack]<UL><LI>Max Depth = 44<LI>Call Chain = Watchdog::setUp(float) &rArr; __aeabi_ui2f &rArr; _float_epilogue
</UL>
<BR>[Calls]<UL><LI><a href="#[4f]">&gt;&gt;</a>&nbsp;&nbsp;&nbsp;Watchdog::kick()
<LI><a href="#[4c]">&gt;&gt;</a>&nbsp;&nbsp;&nbsp;__aeabi_ui2f
<LI><a href="#[4e]">&gt;&gt;</a>&nbsp;&nbsp;&nbsp;__aeabi_f2uiz
<LI><a href="#[4d]">&gt;&gt;</a>&nbsp;&nbsp;&nbsp;__aeabi_fmul
</UL>
<BR>[Called By]<UL><LI><a href="#[53]">&gt;&gt;</a>&nbsp;&nbsp;&nbsp;$Super$$main
</UL>

<P><STRONG><a name="[7]"></a>Reset_Handler</STRONG> (Thumb, 8 bytes, Stack size 0 bytes, startup_LPC11xx.o(.text))
<BR>[Address Reference Count : 1]<UL><LI> startup_LPC11xx.o(RESET)
</UL>
<P><STRONG><a name="[9]"></a>HardFault_Handler</STRONG> (Thumb, 2 bytes, Stack size 0 bytes, startup_LPC11xx.o(.text))
<BR><BR>[Calls]<UL><LI><a href="#[9]">&gt;&gt;</a>&nbsp;&nbsp;&nbsp;HardFault_Handler
</UL>
<BR>[Called By]<UL><LI><a href="#[9]">&gt;&gt;</a>&nbsp;&nbsp;&nbsp;HardFault_Handler
</UL>
<BR>[Address Reference Count : 1]<UL><LI> startup_LPC11xx.o(RESET)
</UL>
<P><STRONG><a name="[a]"></a>SVC_Handler</STRONG> (Thumb, 2 bytes, Stack size 0 bytes, startup_LPC11xx.o(.text))
<BR><BR>[Calls]<UL><LI><a href="#[a]">&gt;&gt;</a>&nbsp;&nbsp;&nbsp;SVC_Handler
</UL>
<BR>[Called By]<UL><LI><a href="#[a]">&gt;&gt;</a>&nbsp;&nbsp;&nbsp;SVC_Handler
</UL>
<BR>[Address Reference Count : 1]<UL><LI> startup_LPC11xx.o(RESET)
</UL>
<P><STRONG><a name="[b]"></a>PendSV_Handler</STRONG> (Thumb, 2 bytes, Stack size 0 bytes, startup_LPC11xx.o(.text))
<BR><BR>[Calls]<UL><LI><a href="#[b]">&gt;&gt;</a>&nbsp;&nbsp;&nbsp;PendSV_Handler
</UL>
<BR>[Called By]<UL><LI><a href="#[b]">&gt;&gt;</a>&nbsp;&nbsp;&nbsp;PendSV_Handler
</UL>
<BR>[Address Reference Count : 1]<UL><LI> startup_LPC11xx.o(RESET)
</UL>
<P><STRONG><a name="[c]"></a>SysTick_Handler</STRONG> (Thumb, 2 bytes, Stack size 0 bytes, startup_LPC11xx.o(.text))
<BR><BR>[Calls]<UL><LI><a href="#[c]">&gt;&gt;</a>&nbsp;&nbsp;&nbsp;SysTick_Handler
</UL>
<BR>[Called By]<UL><LI><a href="#[c]">&gt;&gt;</a>&nbsp;&nbsp;&nbsp;SysTick_Handler
</UL>
<BR>[Address Reference Count : 1]<UL><LI> startup_LPC11xx.o(RESET)
</UL>
<P><STRONG><a name="[23]"></a>Reserved_IRQHandler</STRONG> (Thumb, 2 bytes, Stack size 0 bytes, startup_LPC11xx.o(.text))
<BR><BR>[Calls]<UL><LI><a href="#[23]">&gt;&gt;</a>&nbsp;&nbsp;&nbsp;Reserved_IRQHandler
</UL>
<BR>[Called By]<UL><LI><a href="#[23]">&gt;&gt;</a>&nbsp;&nbsp;&nbsp;Reserved_IRQHandler
</UL>
<BR>[Address Reference Count : 1]<UL><LI> startup_LPC11xx.o(RESET)
</UL>
<P><STRONG><a name="[24]"></a>ADC_IRQHandler</STRONG> (Thumb, 0 bytes, Stack size 0 bytes, startup_LPC11xx.o(.text))
<BR><BR>[Calls]<UL><LI><a href="#[24]">&gt;&gt;</a>&nbsp;&nbsp;&nbsp;ADC_IRQHandler
</UL>
<BR>[Called By]<UL><LI><a href="#[24]">&gt;&gt;</a>&nbsp;&nbsp;&nbsp;ADC_IRQHandler
</UL>
<BR>[Address Reference Count : 1]<UL><LI> startup_LPC11xx.o(RESET)
</UL>
<P><STRONG><a name="[26]"></a>BOD_IRQHandler</STRONG> (Thumb, 0 bytes, Stack size 0 bytes, startup_LPC11xx.o(.text))
<BR>[Address Reference Count : 1]<UL><LI> startup_LPC11xx.o(RESET)
</UL>
<P><STRONG><a name="[1a]"></a>C_CAN_IRQHandler</STRONG> (Thumb, 0 bytes, Stack size 0 bytes, startup_LPC11xx.o(.text))
<BR>[Address Reference Count : 1]<UL><LI> startup_LPC11xx.o(RESET)
</UL>
<P><STRONG><a name="[1c]"></a>I2C_IRQHandler</STRONG> (Thumb, 0 bytes, Stack size 0 bytes, startup_LPC11xx.o(.text))
<BR>[Address Reference Count : 1]<UL><LI> startup_LPC11xx.o(RESET)
</UL>
<P><STRONG><a name="[8]"></a>NMI_Handler</STRONG> (Thumb, 0 bytes, Stack size 0 bytes, startup_LPC11xx.o(.text))
<BR>[Address Reference Count : 1]<UL><LI> startup_LPC11xx.o(RESET)
</UL>
<P><STRONG><a name="[2a]"></a>PIO_0_IRQHandler</STRONG> (Thumb, 0 bytes, Stack size 0 bytes, startup_LPC11xx.o(.text))
<BR>[Address Reference Count : 1]<UL><LI> startup_LPC11xx.o(RESET)
</UL>
<P><STRONG><a name="[29]"></a>PIO_1_IRQHandler</STRONG> (Thumb, 0 bytes, Stack size 0 bytes, startup_LPC11xx.o(.text))
<BR>[Address Reference Count : 1]<UL><LI> startup_LPC11xx.o(RESET)
</UL>
<P><STRONG><a name="[28]"></a>PIO_2_IRQHandler</STRONG> (Thumb, 0 bytes, Stack size 0 bytes, startup_LPC11xx.o(.text))
<BR>[Address Reference Count : 1]<UL><LI> startup_LPC11xx.o(RESET)
</UL>
<P><STRONG><a name="[27]"></a>PIO_3_IRQHandler</STRONG> (Thumb, 0 bytes, Stack size 0 bytes, startup_LPC11xx.o(.text))
<BR>[Address Reference Count : 1]<UL><LI> startup_LPC11xx.o(RESET)
</UL>
<P><STRONG><a name="[d]"></a>SLWU_INT0_IRQHandler</STRONG> (Thumb, 0 bytes, Stack size 0 bytes, startup_LPC11xx.o(.text))
<BR>[Address Reference Count : 1]<UL><LI> startup_LPC11xx.o(RESET)
</UL>
<P><STRONG><a name="[17]"></a>SLWU_INT10_IRQHandler</STRONG> (Thumb, 0 bytes, Stack size 0 bytes, startup_LPC11xx.o(.text))
<BR>[Address Reference Count : 1]<UL><LI> startup_LPC11xx.o(RESET)
</UL>
<P><STRONG><a name="[18]"></a>SLWU_INT11_IRQHandler</STRONG> (Thumb, 0 bytes, Stack size 0 bytes, startup_LPC11xx.o(.text))
<BR>[Address Reference Count : 1]<UL><LI> startup_LPC11xx.o(RESET)
</UL>
<P><STRONG><a name="[19]"></a>SLWU_INT12_IRQHandler</STRONG> (Thumb, 0 bytes, Stack size 0 bytes, startup_LPC11xx.o(.text))
<BR>[Address Reference Count : 1]<UL><LI> startup_LPC11xx.o(RESET)
</UL>
<P><STRONG><a name="[e]"></a>SLWU_INT1_IRQHandler</STRONG> (Thumb, 0 bytes, Stack size 0 bytes, startup_LPC11xx.o(.text))
<BR>[Address Reference Count : 1]<UL><LI> startup_LPC11xx.o(RESET)
</UL>
<P><STRONG><a name="[f]"></a>SLWU_INT2_IRQHandler</STRONG> (Thumb, 0 bytes, Stack size 0 bytes, startup_LPC11xx.o(.text))
<BR>[Address Reference Count : 1]<UL><LI> startup_LPC11xx.o(RESET)
</UL>
<P><STRONG><a name="[10]"></a>SLWU_INT3_IRQHandler</STRONG> (Thumb, 0 bytes, Stack size 0 bytes, startup_LPC11xx.o(.text))
<BR>[Address Reference Count : 1]<UL><LI> startup_LPC11xx.o(RESET)
</UL>
<P><STRONG><a name="[11]"></a>SLWU_INT4_IRQHandler</STRONG> (Thumb, 0 bytes, Stack size 0 bytes, startup_LPC11xx.o(.text))
<BR>[Address Reference Count : 1]<UL><LI> startup_LPC11xx.o(RESET)
</UL>
<P><STRONG><a name="[12]"></a>SLWU_INT5_IRQHandler</STRONG> (Thumb, 0 bytes, Stack size 0 bytes, startup_LPC11xx.o(.text))
<BR>[Address Reference Count : 1]<UL><LI> startup_LPC11xx.o(RESET)
</UL>
<P><STRONG><a name="[13]"></a>SLWU_INT6_IRQHandler</STRONG> (Thumb, 0 bytes, Stack size 0 bytes, startup_LPC11xx.o(.text))
<BR>[Address Reference Count : 1]<UL><LI> startup_LPC11xx.o(RESET)
</UL>
<P><STRONG><a name="[14]"></a>SLWU_INT7_IRQHandler</STRONG> (Thumb, 0 bytes, Stack size 0 bytes, startup_LPC11xx.o(.text))
<BR>[Address Reference Count : 1]<UL><LI> startup_LPC11xx.o(RESET)
</UL>
<P><STRONG><a name="[15]"></a>SLWU_INT8_IRQHandler</STRONG> (Thumb, 0 bytes, Stack size 0 bytes, startup_LPC11xx.o(.text))
<BR>[Address Reference Count : 1]<UL><LI> startup_LPC11xx.o(RESET)
</UL>
<P><STRONG><a name="[16]"></a>SLWU_INT9_IRQHandler</STRONG> (Thumb, 0 bytes, Stack size 0 bytes, startup_LPC11xx.o(.text))
<BR>[Address Reference Count : 1]<UL><LI> startup_LPC11xx.o(RESET)
</UL>
<P><STRONG><a name="[21]"></a>SSP0_IRQHandler</STRONG> (Thumb, 0 bytes, Stack size 0 bytes, startup_LPC11xx.o(.text))
<BR>[Address Reference Count : 1]<UL><LI> startup_LPC11xx.o(RESET)
</UL>
<P><STRONG><a name="[1b]"></a>SSP1_IRQHandler</STRONG> (Thumb, 0 bytes, Stack size 0 bytes, startup_LPC11xx.o(.text))
<BR>[Address Reference Count : 1]<UL><LI> startup_LPC11xx.o(RESET)
</UL>
<P><STRONG><a name="[1d]"></a>TIMER16_0_IRQHandler</STRONG> (Thumb, 0 bytes, Stack size 0 bytes, startup_LPC11xx.o(.text))
<BR>[Address Reference Count : 1]<UL><LI> startup_LPC11xx.o(RESET)
</UL>
<P><STRONG><a name="[1e]"></a>TIMER16_1_IRQHandler</STRONG> (Thumb, 0 bytes, Stack size 0 bytes, startup_LPC11xx.o(.text))
<BR>[Address Reference Count : 1]<UL><LI> startup_LPC11xx.o(RESET)
</UL>
<P><STRONG><a name="[1f]"></a>TIMER32_0_IRQHandler</STRONG> (Thumb, 0 bytes, Stack size 0 bytes, startup_LPC11xx.o(.text))
<BR>[Address Reference Count : 1]<UL><LI> startup_LPC11xx.o(RESET)
</UL>
<P><STRONG><a name="[20]"></a>TIMER32_1_IRQHandler</STRONG> (Thumb, 0 bytes, Stack size 0 bytes, startup_LPC11xx.o(.text))
<BR>[Address Reference Count : 1]<UL><LI> startup_LPC11xx.o(RESET)
</UL>
<P><STRONG><a name="[22]"></a>UART_IRQHandler</STRONG> (Thumb, 0 bytes, Stack size 0 bytes, startup_LPC11xx.o(.text))
<BR>[Address Reference Count : 1]<UL><LI> startup_LPC11xx.o(RESET)
</UL>
<P><STRONG><a name="[25]"></a>WDT_IRQHandler</STRONG> (Thumb, 0 bytes, Stack size 0 bytes, startup_LPC11xx.o(.text))
<BR>[Address Reference Count : 1]<UL><LI> startup_LPC11xx.o(RESET)
</UL>
<P><STRONG><a name="[4a]"></a>_initio</STRONG> (Thumb, 20 bytes, Stack size 0 bytes, initio_oe.o(.text))
<BR><BR>[Stack]<UL><LI>Max Depth = 240 + Unknown Stack Size
<LI>Call Chain = _initio &rArr; _sys_open &rArr; __0sscanf &rArr; __vfscanf_char &rArr; __vfscanf &rArr; _scanf_int
</UL>
<BR>[Calls]<UL><LI><a href="#[50]">&gt;&gt;</a>&nbsp;&nbsp;&nbsp;_sys_open
<LI><a href="#[51]">&gt;&gt;</a>&nbsp;&nbsp;&nbsp;__main_after_initio
</UL>
<BR>[Called By]<UL><LI><a href="#[49]">&gt;&gt;</a>&nbsp;&nbsp;&nbsp;__use_full_stdio
</UL>

<P><STRONG><a name="[36]"></a>fputc</STRONG> (Thumb, 42 bytes, Stack size 16 bytes, fputc_fp.o(.text))
<BR><BR>[Stack]<UL><LI>Max Depth = 208<LI>Call Chain = fputc &rArr; _sys_write &rArr; serial_init &rArr; pinmap_pinout &rArr; error &rArr; exit &rArr; mbed_die &rArr;  mbed_assert_internal (Cycle)
</UL>
<BR>[Calls]<UL><LI><a href="#[52]">&gt;&gt;</a>&nbsp;&nbsp;&nbsp;_sys_write
</UL>
<BR>[Address Reference Count : 2]<UL><LI> printfa.o(i.__0vfprintf)
<LI> printfa.o(i.__0fprintf)
</UL>
<P><STRONG><a name="[ee]"></a>strlen</STRONG> (Thumb, 14 bytes, Stack size 0 bytes, strlen.o(.text))
<BR><BR>[Called By]<UL><LI><a href="#[ec]">&gt;&gt;</a>&nbsp;&nbsp;&nbsp;mbed::FileBase::lookup(const char*, unsigned)
</UL>

<P><STRONG><a name="[3b]"></a>mbed::Stream::close()</STRONG> (Thumb, 4 bytes, Stack size 0 bytes, Stream.o(i._ZN4mbed6Stream5closeEv))
<BR>[Address Reference Count : 2]<UL><LI> textlcd.o(.constdata__ZTV7TextLCD)
<LI> Stream.o(.constdata__ZTVN4mbed6StreamE)
</UL>
<P><STRONG><a name="[125]"></a>__I$use$fp</STRONG> (Thumb, 0 bytes, Stack size 0 bytes, iusefp.o(.text), UNUSED)

<P><STRONG><a name="[53]"></a>$Super$$main</STRONG> (Thumb, 266 bytes, Stack size 864 bytes, main.o(.text))
<BR><BR>[Stack]<UL><LI>Max Depth = 1248<LI>Call Chain = $Super$$main &rArr; TextLCD::TextLCD(PinName, PinName, PinName, PinName, PinName, PinName, TextLCD::LCDType) &rArr; mbed::Stream::Stream__sub_object(const char*) &rArr; fopen &rArr; freopen &rArr; _sys_open &rArr; __0sscanf &rArr; __vfscanf_char &rArr; __vfscanf &rArr; _scanf_int
</UL>
<BR>[Calls]<UL><LI><a href="#[4b]">&gt;&gt;</a>&nbsp;&nbsp;&nbsp;Watchdog::setUp(float)
<LI><a href="#[4f]">&gt;&gt;</a>&nbsp;&nbsp;&nbsp;Watchdog::kick()
<LI><a href="#[57]">&gt;&gt;</a>&nbsp;&nbsp;&nbsp;TextLCD::TextLCD(PinName, PinName, PinName, PinName, PinName, PinName, TextLCD::LCDType)
<LI><a href="#[55]">&gt;&gt;</a>&nbsp;&nbsp;&nbsp;DS3231::DS3231(PinName, PinName)
<LI><a href="#[56]">&gt;&gt;</a>&nbsp;&nbsp;&nbsp;DS2482::DS2482(PinName, PinName, int)
<LI><a href="#[59]">&gt;&gt;</a>&nbsp;&nbsp;&nbsp;DS2482::reset()
<LI><a href="#[5d]">&gt;&gt;</a>&nbsp;&nbsp;&nbsp;DS2482::getSecondTankTemperature()
<LI><a href="#[5a]">&gt;&gt;</a>&nbsp;&nbsp;&nbsp;DS2482::issueMeasureTempCommand()
<LI><a href="#[5c]">&gt;&gt;</a>&nbsp;&nbsp;&nbsp;DS2482::getFirstTankTemperature()
<LI><a href="#[5b]">&gt;&gt;</a>&nbsp;&nbsp;&nbsp;DS2482::getSolarTemperature()
<LI><a href="#[65]">&gt;&gt;</a>&nbsp;&nbsp;&nbsp;Menu::menu(InterruptManager&, TextLCD&, bool, bool, float, float, float, bool, bool, configurarationEnum, int, int, int)
<LI><a href="#[58]">&gt;&gt;</a>&nbsp;&nbsp;&nbsp;InterruptManager::InterruptManager(PinName, PinName, PinName)
<LI><a href="#[63]">&gt;&gt;</a>&nbsp;&nbsp;&nbsp;InterruptManager::getScreen()
<LI><a href="#[62]">&gt;&gt;</a>&nbsp;&nbsp;&nbsp;InterruptManager::getState()
<LI><a href="#[64]">&gt;&gt;</a>&nbsp;&nbsp;&nbsp;InterruptManager::getConfigurationMode()
<LI><a href="#[5e]">&gt;&gt;</a>&nbsp;&nbsp;&nbsp;InterruptManager::getHysteresisValue()
<LI><a href="#[5f]">&gt;&gt;</a>&nbsp;&nbsp;&nbsp;InterruptManager::getDiffrenceInTemp()
<LI><a href="#[60]">&gt;&gt;</a>&nbsp;&nbsp;&nbsp;InterruptManager::getMinTempInTank1()
<LI><a href="#[54]">&gt;&gt;</a>&nbsp;&nbsp;&nbsp;LogicEngine::LogicEngine(PinName, PinName)
<LI><a href="#[61]">&gt;&gt;</a>&nbsp;&nbsp;&nbsp;LogicEngine::exexute(int, int, int, bool&, bool&, float, float, float)
</UL>
<BR>[Called By]<UL><LI><a href="#[2b]">&gt;&gt;</a>&nbsp;&nbsp;&nbsp;main
</UL>

<P><STRONG><a name="[55]"></a>DS3231::DS3231(PinName, PinName)</STRONG> (Thumb, 24 bytes, Stack size 16 bytes, ds3231.o(.text))
<BR><BR>[Stack]<UL><LI>Max Depth = 192<LI>Call Chain = DS3231::DS3231(PinName, PinName) &rArr; mbed::I2C::I2C(PinName, PinName) &rArr; i2c_init &rArr; pinmap_pinout &rArr; error &rArr; exit &rArr; mbed_die &rArr;  mbed_assert_internal (Cycle)
</UL>
<BR>[Calls]<UL><LI><a href="#[66]">&gt;&gt;</a>&nbsp;&nbsp;&nbsp;mbed::I2C::I2C(PinName, PinName)
</UL>
<BR>[Called By]<UL><LI><a href="#[53]">&gt;&gt;</a>&nbsp;&nbsp;&nbsp;$Super$$main
</UL>

<P><STRONG><a name="[126]"></a>DS3231::DS3231__sub_object(PinName, PinName)</STRONG> (Thumb, 0 bytes, Stack size 16 bytes, ds3231.o(.text), UNUSED)

<P><STRONG><a name="[67]"></a>DS3231::setI2Cfrequency(int)</STRONG> (Thumb, 16 bytes, Stack size 16 bytes, ds3231.o(.text), UNUSED)
<BR><BR>[Calls]<UL><LI><a href="#[68]">&gt;&gt;</a>&nbsp;&nbsp;&nbsp;mbed::I2C::frequency(int)
</UL>

<P><STRONG><a name="[69]"></a>DS3231::readTemp()</STRONG> (Thumb, 120 bytes, Stack size 56 bytes, ds3231.o(.text), UNUSED)
<BR><BR>[Calls]<UL><LI><a href="#[6c]">&gt;&gt;</a>&nbsp;&nbsp;&nbsp;__aeabi_ui2d
<LI><a href="#[6d]">&gt;&gt;</a>&nbsp;&nbsp;&nbsp;__aeabi_ddiv
<LI><a href="#[6e]">&gt;&gt;</a>&nbsp;&nbsp;&nbsp;__aeabi_dadd
<LI><a href="#[6f]">&gt;&gt;</a>&nbsp;&nbsp;&nbsp;__aeabi_d2f
<LI><a href="#[6a]">&gt;&gt;</a>&nbsp;&nbsp;&nbsp;mbed::I2C::write(int, const char*, int, bool)
<LI><a href="#[6b]">&gt;&gt;</a>&nbsp;&nbsp;&nbsp;mbed::I2C::read(int, char*, int, bool)
</UL>

<P><STRONG><a name="[71]"></a>DS3231::bcd2dec(int)</STRONG> (Thumb, 20 bytes, Stack size 0 bytes, ds3231.o(.text), UNUSED)
<BR><BR>[Called By]<UL><LI><a href="#[79]">&gt;&gt;</a>&nbsp;&nbsp;&nbsp;DS3231::decodeDate(int, int, int, int&, int&, int&)
<LI><a href="#[70]">&gt;&gt;</a>&nbsp;&nbsp;&nbsp;DS3231::decodeTime(int, int, int, int&, int&, int&)
</UL>

<P><STRONG><a name="[70]"></a>DS3231::decodeTime(int, int, int, int&, int&, int&)</STRONG> (Thumb, 46 bytes, Stack size 36 bytes, ds3231.o(.text), UNUSED)
<BR><BR>[Calls]<UL><LI><a href="#[71]">&gt;&gt;</a>&nbsp;&nbsp;&nbsp;DS3231::bcd2dec(int)
</UL>
<BR>[Called By]<UL><LI><a href="#[7c]">&gt;&gt;</a>&nbsp;&nbsp;&nbsp;DS3231::readDateTime(int&, int&, int&, int&, int&, int&, int&)
<LI><a href="#[72]">&gt;&gt;</a>&nbsp;&nbsp;&nbsp;DS3231::readTime(int&, int&, int&)
</UL>

<P><STRONG><a name="[72]"></a>DS3231::readTime(int&, int&, int&)</STRONG> (Thumb, 96 bytes, Stack size 48 bytes, ds3231.o(.text), UNUSED)
<BR><BR>[Calls]<UL><LI><a href="#[6a]">&gt;&gt;</a>&nbsp;&nbsp;&nbsp;mbed::I2C::write(int, const char*, int, bool)
<LI><a href="#[6b]">&gt;&gt;</a>&nbsp;&nbsp;&nbsp;mbed::I2C::read(int, char*, int, bool)
<LI><a href="#[70]">&gt;&gt;</a>&nbsp;&nbsp;&nbsp;DS3231::decodeTime(int, int, int, int&, int&, int&)
</UL>

<P><STRONG><a name="[73]"></a>DS3231::writeRegister(int, char)</STRONG> (Thumb, 46 bytes, Stack size 32 bytes, ds3231.o(.text), UNUSED)
<BR><BR>[Calls]<UL><LI><a href="#[6a]">&gt;&gt;</a>&nbsp;&nbsp;&nbsp;mbed::I2C::write(int, const char*, int, bool)
</UL>
<BR>[Called By]<UL><LI><a href="#[7d]">&gt;&gt;</a>&nbsp;&nbsp;&nbsp;DS3231::eraseOSF()
<LI><a href="#[7b]">&gt;&gt;</a>&nbsp;&nbsp;&nbsp;DS3231::setDate(int, int, int, int)
<LI><a href="#[78]">&gt;&gt;</a>&nbsp;&nbsp;&nbsp;DS3231::setTime(int, int, int)
<LI><a href="#[75]">&gt;&gt;</a>&nbsp;&nbsp;&nbsp;DS3231::convertTemperature()
</UL>

<P><STRONG><a name="[74]"></a>DS3231::readRegister(char)</STRONG> (Thumb, 66 bytes, Stack size 32 bytes, ds3231.o(.text), UNUSED)
<BR><BR>[Calls]<UL><LI><a href="#[6a]">&gt;&gt;</a>&nbsp;&nbsp;&nbsp;mbed::I2C::write(int, const char*, int, bool)
<LI><a href="#[6b]">&gt;&gt;</a>&nbsp;&nbsp;&nbsp;mbed::I2C::read(int, char*, int, bool)
</UL>
<BR>[Called By]<UL><LI><a href="#[7e]">&gt;&gt;</a>&nbsp;&nbsp;&nbsp;DS3231::OSF()
<LI><a href="#[7d]">&gt;&gt;</a>&nbsp;&nbsp;&nbsp;DS3231::eraseOSF()
<LI><a href="#[75]">&gt;&gt;</a>&nbsp;&nbsp;&nbsp;DS3231::convertTemperature()
</UL>

<P><STRONG><a name="[75]"></a>DS3231::convertTemperature()</STRONG> (Thumb, 30 bytes, Stack size 16 bytes, ds3231.o(.text), UNUSED)
<BR><BR>[Calls]<UL><LI><a href="#[74]">&gt;&gt;</a>&nbsp;&nbsp;&nbsp;DS3231::readRegister(char)
<LI><a href="#[73]">&gt;&gt;</a>&nbsp;&nbsp;&nbsp;DS3231::writeRegister(int, char)
</UL>

<P><STRONG><a name="[76]"></a>DS3231::dec2bcd(int)</STRONG> (Thumb, 28 bytes, Stack size 16 bytes, ds3231.o(.text), UNUSED)
<BR><BR>[Calls]<UL><LI><a href="#[77]">&gt;&gt;</a>&nbsp;&nbsp;&nbsp;__aeabi_idivmod
</UL>
<BR>[Called By]<UL><LI><a href="#[7b]">&gt;&gt;</a>&nbsp;&nbsp;&nbsp;DS3231::setDate(int, int, int, int)
<LI><a href="#[78]">&gt;&gt;</a>&nbsp;&nbsp;&nbsp;DS3231::setTime(int, int, int)
</UL>

<P><STRONG><a name="[78]"></a>DS3231::setTime(int, int, int)</STRONG> (Thumb, 74 bytes, Stack size 40 bytes, ds3231.o(.text), UNUSED)
<BR><BR>[Calls]<UL><LI><a href="#[76]">&gt;&gt;</a>&nbsp;&nbsp;&nbsp;DS3231::dec2bcd(int)
<LI><a href="#[73]">&gt;&gt;</a>&nbsp;&nbsp;&nbsp;DS3231::writeRegister(int, char)
</UL>

<P><STRONG><a name="[79]"></a>DS3231::decodeDate(int, int, int, int&, int&, int&)</STRONG> (Thumb, 82 bytes, Stack size 40 bytes, ds3231.o(.text), UNUSED)
<BR><BR>[Calls]<UL><LI><a href="#[71]">&gt;&gt;</a>&nbsp;&nbsp;&nbsp;DS3231::bcd2dec(int)
</UL>
<BR>[Called By]<UL><LI><a href="#[7c]">&gt;&gt;</a>&nbsp;&nbsp;&nbsp;DS3231::readDateTime(int&, int&, int&, int&, int&, int&, int&)
<LI><a href="#[7a]">&gt;&gt;</a>&nbsp;&nbsp;&nbsp;DS3231::readDate(int&, int&, int&)
</UL>

<P><STRONG><a name="[7a]"></a>DS3231::readDate(int&, int&, int&)</STRONG> (Thumb, 96 bytes, Stack size 48 bytes, ds3231.o(.text), UNUSED)
<BR><BR>[Calls]<UL><LI><a href="#[6a]">&gt;&gt;</a>&nbsp;&nbsp;&nbsp;mbed::I2C::write(int, const char*, int, bool)
<LI><a href="#[6b]">&gt;&gt;</a>&nbsp;&nbsp;&nbsp;mbed::I2C::read(int, char*, int, bool)
<LI><a href="#[79]">&gt;&gt;</a>&nbsp;&nbsp;&nbsp;DS3231::decodeDate(int, int, int, int&, int&, int&)
</UL>

<P><STRONG><a name="[7b]"></a>DS3231::setDate(int, int, int, int)</STRONG> (Thumb, 144 bytes, Stack size 48 bytes, ds3231.o(.text), UNUSED)
<BR><BR>[Calls]<UL><LI><a href="#[76]">&gt;&gt;</a>&nbsp;&nbsp;&nbsp;DS3231::dec2bcd(int)
<LI><a href="#[73]">&gt;&gt;</a>&nbsp;&nbsp;&nbsp;DS3231::writeRegister(int, char)
</UL>

<P><STRONG><a name="[7c]"></a>DS3231::readDateTime(int&, int&, int&, int&, int&, int&, int&)</STRONG> (Thumb, 132 bytes, Stack size 48 bytes, ds3231.o(.text), UNUSED)
<BR><BR>[Calls]<UL><LI><a href="#[6a]">&gt;&gt;</a>&nbsp;&nbsp;&nbsp;mbed::I2C::write(int, const char*, int, bool)
<LI><a href="#[6b]">&gt;&gt;</a>&nbsp;&nbsp;&nbsp;mbed::I2C::read(int, char*, int, bool)
<LI><a href="#[79]">&gt;&gt;</a>&nbsp;&nbsp;&nbsp;DS3231::decodeDate(int, int, int, int&, int&, int&)
<LI><a href="#[70]">&gt;&gt;</a>&nbsp;&nbsp;&nbsp;DS3231::decodeTime(int, int, int, int&, int&, int&)
</UL>

<P><STRONG><a name="[7d]"></a>DS3231::eraseOSF()</STRONG> (Thumb, 30 bytes, Stack size 16 bytes, ds3231.o(.text), UNUSED)
<BR><BR>[Calls]<UL><LI><a href="#[74]">&gt;&gt;</a>&nbsp;&nbsp;&nbsp;DS3231::readRegister(char)
<LI><a href="#[73]">&gt;&gt;</a>&nbsp;&nbsp;&nbsp;DS3231::writeRegister(int, char)
</UL>

<P><STRONG><a name="[7e]"></a>DS3231::OSF()</STRONG> (Thumb, 22 bytes, Stack size 16 bytes, ds3231.o(.text), UNUSED)
<BR><BR>[Calls]<UL><LI><a href="#[74]">&gt;&gt;</a>&nbsp;&nbsp;&nbsp;DS3231::readRegister(char)
</UL>

<P><STRONG><a name="[56]"></a>DS2482::DS2482(PinName, PinName, int)</STRONG> (Thumb, 28 bytes, Stack size 24 bytes, ds2482.o(.text))
<BR><BR>[Stack]<UL><LI>Max Depth = 200<LI>Call Chain = DS2482::DS2482(PinName, PinName, int) &rArr; mbed::I2C::I2C(PinName, PinName) &rArr; i2c_init &rArr; pinmap_pinout &rArr; error &rArr; exit &rArr; mbed_die &rArr;  mbed_assert_internal (Cycle)
</UL>
<BR>[Calls]<UL><LI><a href="#[66]">&gt;&gt;</a>&nbsp;&nbsp;&nbsp;mbed::I2C::I2C(PinName, PinName)
</UL>
<BR>[Called By]<UL><LI><a href="#[53]">&gt;&gt;</a>&nbsp;&nbsp;&nbsp;$Super$$main
</UL>

<P><STRONG><a name="[127]"></a>DS2482::DS2482__sub_object(PinName, PinName, int)</STRONG> (Thumb, 0 bytes, Stack size 24 bytes, ds2482.o(.text), UNUSED)

<P><STRONG><a name="[7f]"></a>DS2482::oneWireReadByte()</STRONG> (Thumb, 102 bytes, Stack size 16 bytes, ds2482.o(.text))
<BR><BR>[Stack]<UL><LI>Max Depth = 92<LI>Call Chain = DS2482::oneWireReadByte() &rArr; mbed::I2C::read(int, char*, int, bool) &rArr; i2c_read
</UL>
<BR>[Calls]<UL><LI><a href="#[6a]">&gt;&gt;</a>&nbsp;&nbsp;&nbsp;mbed::I2C::write(int, const char*, int, bool)
<LI><a href="#[6b]">&gt;&gt;</a>&nbsp;&nbsp;&nbsp;mbed::I2C::read(int, char*, int, bool)
</UL>
<BR>[Called By]<UL><LI><a href="#[85]">&gt;&gt;</a>&nbsp;&nbsp;&nbsp;DS2482::readFromROMadress(char*)
<LI><a href="#[82]">&gt;&gt;</a>&nbsp;&nbsp;&nbsp;DS2482::oneWireSearch()
</UL>

<P><STRONG><a name="[80]"></a>DS2482::oneWireWriteByte(char)</STRONG> (Thumb, 62 bytes, Stack size 24 bytes, ds2482.o(.text))
<BR><BR>[Stack]<UL><LI>Max Depth = 100<LI>Call Chain = DS2482::oneWireWriteByte(char) &rArr; mbed::I2C::read(int, char*, int, bool) &rArr; i2c_read
</UL>
<BR>[Calls]<UL><LI><a href="#[6a]">&gt;&gt;</a>&nbsp;&nbsp;&nbsp;mbed::I2C::write(int, const char*, int, bool)
<LI><a href="#[6b]">&gt;&gt;</a>&nbsp;&nbsp;&nbsp;mbed::I2C::read(int, char*, int, bool)
</UL>
<BR>[Called By]<UL><LI><a href="#[85]">&gt;&gt;</a>&nbsp;&nbsp;&nbsp;DS2482::readFromROMadress(char*)
<LI><a href="#[82]">&gt;&gt;</a>&nbsp;&nbsp;&nbsp;DS2482::oneWireSearch()
<LI><a href="#[5a]">&gt;&gt;</a>&nbsp;&nbsp;&nbsp;DS2482::issueMeasureTempCommand()
</UL>

<P><STRONG><a name="[81]"></a>DS2482::oneWireReset()</STRONG> (Thumb, 90 bytes, Stack size 24 bytes, ds2482.o(.text))
<BR><BR>[Stack]<UL><LI>Max Depth = 100<LI>Call Chain = DS2482::oneWireReset() &rArr; mbed::I2C::read(int, char*, int, bool) &rArr; i2c_read
</UL>
<BR>[Calls]<UL><LI><a href="#[6a]">&gt;&gt;</a>&nbsp;&nbsp;&nbsp;mbed::I2C::write(int, const char*, int, bool)
<LI><a href="#[6b]">&gt;&gt;</a>&nbsp;&nbsp;&nbsp;mbed::I2C::read(int, char*, int, bool)
</UL>
<BR>[Called By]<UL><LI><a href="#[85]">&gt;&gt;</a>&nbsp;&nbsp;&nbsp;DS2482::readFromROMadress(char*)
<LI><a href="#[82]">&gt;&gt;</a>&nbsp;&nbsp;&nbsp;DS2482::oneWireSearch()
<LI><a href="#[5a]">&gt;&gt;</a>&nbsp;&nbsp;&nbsp;DS2482::issueMeasureTempCommand()
</UL>

<P><STRONG><a name="[82]"></a>DS2482::oneWireSearch()</STRONG> (Thumb, 48 bytes, Stack size 24 bytes, ds2482.o(.text), UNUSED)
<BR><BR>[Calls]<UL><LI><a href="#[81]">&gt;&gt;</a>&nbsp;&nbsp;&nbsp;DS2482::oneWireReset()
<LI><a href="#[80]">&gt;&gt;</a>&nbsp;&nbsp;&nbsp;DS2482::oneWireWriteByte(char)
<LI><a href="#[7f]">&gt;&gt;</a>&nbsp;&nbsp;&nbsp;DS2482::oneWireReadByte()
</UL>

<P><STRONG><a name="[59]"></a>DS2482::reset()</STRONG> (Thumb, 60 bytes, Stack size 16 bytes, ds2482.o(.text))
<BR><BR>[Stack]<UL><LI>Max Depth = 92<LI>Call Chain = DS2482::reset() &rArr; mbed::I2C::read(int, char*, int, bool) &rArr; i2c_read
</UL>
<BR>[Calls]<UL><LI><a href="#[6a]">&gt;&gt;</a>&nbsp;&nbsp;&nbsp;mbed::I2C::write(int, const char*, int, bool)
<LI><a href="#[6b]">&gt;&gt;</a>&nbsp;&nbsp;&nbsp;mbed::I2C::read(int, char*, int, bool)
</UL>
<BR>[Called By]<UL><LI><a href="#[53]">&gt;&gt;</a>&nbsp;&nbsp;&nbsp;$Super$$main
</UL>

<P><STRONG><a name="[83]"></a>DS2482::oneWireTouchBit(char)</STRONG> (Thumb, 92 bytes, Stack size 24 bytes, ds2482.o(.text))
<BR><BR>[Stack]<UL><LI>Max Depth = 100<LI>Call Chain = DS2482::oneWireTouchBit(char) &rArr; mbed::I2C::read(int, char*, int, bool) &rArr; i2c_read
</UL>
<BR>[Calls]<UL><LI><a href="#[6a]">&gt;&gt;</a>&nbsp;&nbsp;&nbsp;mbed::I2C::write(int, const char*, int, bool)
<LI><a href="#[6b]">&gt;&gt;</a>&nbsp;&nbsp;&nbsp;mbed::I2C::read(int, char*, int, bool)
</UL>
<BR>[Called By]<UL><LI><a href="#[88]">&gt;&gt;</a>&nbsp;&nbsp;&nbsp;DS2482::oneWireWriteBit(char)
<LI><a href="#[84]">&gt;&gt;</a>&nbsp;&nbsp;&nbsp;DS2482::oneWireReadBit()
</UL>

<P><STRONG><a name="[84]"></a>DS2482::oneWireReadBit()</STRONG> (Thumb, 14 bytes, Stack size 8 bytes, ds2482.o(.text))
<BR><BR>[Stack]<UL><LI>Max Depth = 108<LI>Call Chain = DS2482::oneWireReadBit() &rArr; DS2482::oneWireTouchBit(char) &rArr; mbed::I2C::read(int, char*, int, bool) &rArr; i2c_read
</UL>
<BR>[Calls]<UL><LI><a href="#[83]">&gt;&gt;</a>&nbsp;&nbsp;&nbsp;DS2482::oneWireTouchBit(char)
</UL>
<BR>[Called By]<UL><LI><a href="#[5a]">&gt;&gt;</a>&nbsp;&nbsp;&nbsp;DS2482::issueMeasureTempCommand()
</UL>

<P><STRONG><a name="[5a]"></a>DS2482::issueMeasureTempCommand()</STRONG> (Thumb, 48 bytes, Stack size 8 bytes, ds2482.o(.text))
<BR><BR>[Stack]<UL><LI>Max Depth = 116<LI>Call Chain = DS2482::issueMeasureTempCommand() &rArr; DS2482::oneWireReadBit() &rArr; DS2482::oneWireTouchBit(char) &rArr; mbed::I2C::read(int, char*, int, bool) &rArr; i2c_read
</UL>
<BR>[Calls]<UL><LI><a href="#[84]">&gt;&gt;</a>&nbsp;&nbsp;&nbsp;DS2482::oneWireReadBit()
<LI><a href="#[81]">&gt;&gt;</a>&nbsp;&nbsp;&nbsp;DS2482::oneWireReset()
<LI><a href="#[80]">&gt;&gt;</a>&nbsp;&nbsp;&nbsp;DS2482::oneWireWriteByte(char)
</UL>
<BR>[Called By]<UL><LI><a href="#[53]">&gt;&gt;</a>&nbsp;&nbsp;&nbsp;$Super$$main
</UL>

<P><STRONG><a name="[85]"></a>DS2482::readFromROMadress(char*)</STRONG> (Thumb, 116 bytes, Stack size 48 bytes, ds2482.o(.text))
<BR><BR>[Stack]<UL><LI>Max Depth = 148<LI>Call Chain = DS2482::readFromROMadress(char*) &rArr; DS2482::oneWireReset() &rArr; mbed::I2C::read(int, char*, int, bool) &rArr; i2c_read
</UL>
<BR>[Calls]<UL><LI><a href="#[86]">&gt;&gt;</a>&nbsp;&nbsp;&nbsp;__aeabi_i2f
<LI><a href="#[87]">&gt;&gt;</a>&nbsp;&nbsp;&nbsp;__aeabi_f2d
<LI><a href="#[81]">&gt;&gt;</a>&nbsp;&nbsp;&nbsp;DS2482::oneWireReset()
<LI><a href="#[80]">&gt;&gt;</a>&nbsp;&nbsp;&nbsp;DS2482::oneWireWriteByte(char)
<LI><a href="#[7f]">&gt;&gt;</a>&nbsp;&nbsp;&nbsp;DS2482::oneWireReadByte()
<LI><a href="#[6d]">&gt;&gt;</a>&nbsp;&nbsp;&nbsp;__aeabi_ddiv
<LI><a href="#[6f]">&gt;&gt;</a>&nbsp;&nbsp;&nbsp;__aeabi_d2f
</UL>
<BR>[Called By]<UL><LI><a href="#[5d]">&gt;&gt;</a>&nbsp;&nbsp;&nbsp;DS2482::getSecondTankTemperature()
<LI><a href="#[5c]">&gt;&gt;</a>&nbsp;&nbsp;&nbsp;DS2482::getFirstTankTemperature()
<LI><a href="#[5b]">&gt;&gt;</a>&nbsp;&nbsp;&nbsp;DS2482::getSolarTemperature()
</UL>

<P><STRONG><a name="[5b]"></a>DS2482::getSolarTemperature()</STRONG> (Thumb, 22 bytes, Stack size 16 bytes, ds2482.o(.text))
<BR><BR>[Stack]<UL><LI>Max Depth = 164<LI>Call Chain = DS2482::getSolarTemperature() &rArr; DS2482::readFromROMadress(char*) &rArr; DS2482::oneWireReset() &rArr; mbed::I2C::read(int, char*, int, bool) &rArr; i2c_read
</UL>
<BR>[Calls]<UL><LI><a href="#[85]">&gt;&gt;</a>&nbsp;&nbsp;&nbsp;DS2482::readFromROMadress(char*)
</UL>
<BR>[Called By]<UL><LI><a href="#[53]">&gt;&gt;</a>&nbsp;&nbsp;&nbsp;$Super$$main
</UL>

<P><STRONG><a name="[5c]"></a>DS2482::getFirstTankTemperature()</STRONG> (Thumb, 22 bytes, Stack size 16 bytes, ds2482.o(.text))
<BR><BR>[Stack]<UL><LI>Max Depth = 164<LI>Call Chain = DS2482::getFirstTankTemperature() &rArr; DS2482::readFromROMadress(char*) &rArr; DS2482::oneWireReset() &rArr; mbed::I2C::read(int, char*, int, bool) &rArr; i2c_read
</UL>
<BR>[Calls]<UL><LI><a href="#[85]">&gt;&gt;</a>&nbsp;&nbsp;&nbsp;DS2482::readFromROMadress(char*)
</UL>
<BR>[Called By]<UL><LI><a href="#[53]">&gt;&gt;</a>&nbsp;&nbsp;&nbsp;$Super$$main
</UL>

<P><STRONG><a name="[5d]"></a>DS2482::getSecondTankTemperature()</STRONG> (Thumb, 22 bytes, Stack size 16 bytes, ds2482.o(.text))
<BR><BR>[Stack]<UL><LI>Max Depth = 164<LI>Call Chain = DS2482::getSecondTankTemperature() &rArr; DS2482::readFromROMadress(char*) &rArr; DS2482::oneWireReset() &rArr; mbed::I2C::read(int, char*, int, bool) &rArr; i2c_read
</UL>
<BR>[Calls]<UL><LI><a href="#[85]">&gt;&gt;</a>&nbsp;&nbsp;&nbsp;DS2482::readFromROMadress(char*)
</UL>
<BR>[Called By]<UL><LI><a href="#[53]">&gt;&gt;</a>&nbsp;&nbsp;&nbsp;$Super$$main
</UL>

<P><STRONG><a name="[88]"></a>DS2482::oneWireWriteBit(char)</STRONG> (Thumb, 16 bytes, Stack size 16 bytes, ds2482.o(.text), UNUSED)
<BR><BR>[Calls]<UL><LI><a href="#[83]">&gt;&gt;</a>&nbsp;&nbsp;&nbsp;DS2482::oneWireTouchBit(char)
</UL>

<P><STRONG><a name="[8f]"></a>TextLCD::locate(int, int)</STRONG> (Thumb, 10 bytes, Stack size 0 bytes, textlcd.o(.text))
<BR><BR>[Called By]<UL><LI><a href="#[8e]">&gt;&gt;</a>&nbsp;&nbsp;&nbsp;TextLCD::cls()
</UL>

<P><STRONG><a name="[89]"></a>TextLCD::writeByte(int)</STRONG> (Thumb, 92 bytes, Stack size 16 bytes, textlcd.o(.text))
<BR><BR>[Stack]<UL><LI>Max Depth = 168<LI>Call Chain = TextLCD::writeByte(int) &rArr; mbed::DigitalOut::operator =(int) &rArr; gpio_write(gpio_t*, int) &rArr; mbed_assert_internal &rArr; mbed_die &rArr;  mbed_assert_internal (Cycle)
</UL>
<BR>[Calls]<UL><LI><a href="#[8c]">&gt;&gt;</a>&nbsp;&nbsp;&nbsp;mbed::DigitalOut::operator =(int)
<LI><a href="#[8b]">&gt;&gt;</a>&nbsp;&nbsp;&nbsp;wait
<LI><a href="#[8a]">&gt;&gt;</a>&nbsp;&nbsp;&nbsp;mbed::BusOut::operator =(int)
</UL>
<BR>[Called By]<UL><LI><a href="#[93]">&gt;&gt;</a>&nbsp;&nbsp;&nbsp;TextLCD::writeData(int)
<LI><a href="#[8d]">&gt;&gt;</a>&nbsp;&nbsp;&nbsp;TextLCD::writeCommand(int)
<LI><a href="#[57]">&gt;&gt;</a>&nbsp;&nbsp;&nbsp;TextLCD::TextLCD(PinName, PinName, PinName, PinName, PinName, PinName, TextLCD::LCDType)
</UL>

<P><STRONG><a name="[8d]"></a>TextLCD::writeCommand(int)</STRONG> (Thumb, 26 bytes, Stack size 16 bytes, textlcd.o(.text))
<BR><BR>[Stack]<UL><LI>Max Depth = 184<LI>Call Chain = TextLCD::writeCommand(int) &rArr; TextLCD::writeByte(int) &rArr; mbed::DigitalOut::operator =(int) &rArr; gpio_write(gpio_t*, int) &rArr; mbed_assert_internal &rArr; mbed_die &rArr;  mbed_assert_internal (Cycle)
</UL>
<BR>[Calls]<UL><LI><a href="#[8c]">&gt;&gt;</a>&nbsp;&nbsp;&nbsp;mbed::DigitalOut::operator =(int)
<LI><a href="#[89]">&gt;&gt;</a>&nbsp;&nbsp;&nbsp;TextLCD::writeByte(int)
</UL>
<BR>[Called By]<UL><LI><a href="#[94]">&gt;&gt;</a>&nbsp;&nbsp;&nbsp;TextLCD::character(int, int, int)
<LI><a href="#[8e]">&gt;&gt;</a>&nbsp;&nbsp;&nbsp;TextLCD::cls()
<LI><a href="#[57]">&gt;&gt;</a>&nbsp;&nbsp;&nbsp;TextLCD::TextLCD(PinName, PinName, PinName, PinName, PinName, PinName, TextLCD::LCDType)
</UL>

<P><STRONG><a name="[8e]"></a>TextLCD::cls()</STRONG> (Thumb, 30 bytes, Stack size 8 bytes, textlcd.o(.text))
<BR><BR>[Stack]<UL><LI>Max Depth = 192<LI>Call Chain = TextLCD::cls() &rArr; TextLCD::writeCommand(int) &rArr; TextLCD::writeByte(int) &rArr; mbed::DigitalOut::operator =(int) &rArr; gpio_write(gpio_t*, int) &rArr; mbed_assert_internal &rArr; mbed_die &rArr;  mbed_assert_internal (Cycle)
</UL>
<BR>[Calls]<UL><LI><a href="#[8b]">&gt;&gt;</a>&nbsp;&nbsp;&nbsp;wait
<LI><a href="#[8d]">&gt;&gt;</a>&nbsp;&nbsp;&nbsp;TextLCD::writeCommand(int)
<LI><a href="#[8f]">&gt;&gt;</a>&nbsp;&nbsp;&nbsp;TextLCD::locate(int, int)
</UL>
<BR>[Called By]<UL><LI><a href="#[57]">&gt;&gt;</a>&nbsp;&nbsp;&nbsp;TextLCD::TextLCD(PinName, PinName, PinName, PinName, PinName, PinName, TextLCD::LCDType)
<LI><a href="#[65]">&gt;&gt;</a>&nbsp;&nbsp;&nbsp;Menu::menu(InterruptManager&, TextLCD&, bool, bool, float, float, float, bool, bool, configurarationEnum, int, int, int)
</UL>

<P><STRONG><a name="[57]"></a>TextLCD::TextLCD(PinName, PinName, PinName, PinName, PinName, PinName, TextLCD::LCDType)</STRONG> (Thumb, 212 bytes, Stack size 88 bytes, textlcd.o(.text))
<BR><BR>[Stack]<UL><LI>Max Depth = 384<LI>Call Chain = TextLCD::TextLCD(PinName, PinName, PinName, PinName, PinName, PinName, TextLCD::LCDType) &rArr; mbed::Stream::Stream__sub_object(const char*) &rArr; fopen &rArr; freopen &rArr; _sys_open &rArr; __0sscanf &rArr; __vfscanf_char &rArr; __vfscanf &rArr; _scanf_int
</UL>
<BR>[Calls]<UL><LI><a href="#[8c]">&gt;&gt;</a>&nbsp;&nbsp;&nbsp;mbed::DigitalOut::operator =(int)
<LI><a href="#[91]">&gt;&gt;</a>&nbsp;&nbsp;&nbsp;mbed::DigitalOut::DigitalOut(PinName)
<LI><a href="#[8b]">&gt;&gt;</a>&nbsp;&nbsp;&nbsp;wait
<LI><a href="#[90]">&gt;&gt;</a>&nbsp;&nbsp;&nbsp;mbed::Stream::Stream__sub_object(const char*)
<LI><a href="#[92]">&gt;&gt;</a>&nbsp;&nbsp;&nbsp;mbed::BusOut::BusOut(PinName, PinName, PinName, PinName, PinName, PinName, PinName, PinName, PinName, PinName, PinName, PinName, PinName, PinName, PinName, PinName)
<LI><a href="#[8e]">&gt;&gt;</a>&nbsp;&nbsp;&nbsp;TextLCD::cls()
<LI><a href="#[8d]">&gt;&gt;</a>&nbsp;&nbsp;&nbsp;TextLCD::writeCommand(int)
<LI><a href="#[89]">&gt;&gt;</a>&nbsp;&nbsp;&nbsp;TextLCD::writeByte(int)
</UL>
<BR>[Called By]<UL><LI><a href="#[53]">&gt;&gt;</a>&nbsp;&nbsp;&nbsp;$Super$$main
</UL>

<P><STRONG><a name="[128]"></a>TextLCD::TextLCD__sub_object(PinName, PinName, PinName, PinName, PinName, PinName, TextLCD::LCDType)</STRONG> (Thumb, 0 bytes, Stack size 88 bytes, textlcd.o(.text), UNUSED)

<P><STRONG><a name="[96]"></a>TextLCD::rows()</STRONG> (Thumb, 36 bytes, Stack size 0 bytes, textlcd.o(.text))
<BR><BR>[Called By]<UL><LI><a href="#[3d]">&gt;&gt;</a>&nbsp;&nbsp;&nbsp;TextLCD::_putc(int)
</UL>

<P><STRONG><a name="[97]"></a>TextLCD::columns()</STRONG> (Thumb, 36 bytes, Stack size 0 bytes, textlcd.o(.text))
<BR><BR>[Called By]<UL><LI><a href="#[3d]">&gt;&gt;</a>&nbsp;&nbsp;&nbsp;TextLCD::_putc(int)
</UL>

<P><STRONG><a name="[93]"></a>TextLCD::writeData(int)</STRONG> (Thumb, 26 bytes, Stack size 16 bytes, textlcd.o(.text))
<BR><BR>[Stack]<UL><LI>Max Depth = 184<LI>Call Chain = TextLCD::writeData(int) &rArr; TextLCD::writeByte(int) &rArr; mbed::DigitalOut::operator =(int) &rArr; gpio_write(gpio_t*, int) &rArr; mbed_assert_internal &rArr; mbed_die &rArr;  mbed_assert_internal (Cycle)
</UL>
<BR>[Calls]<UL><LI><a href="#[8c]">&gt;&gt;</a>&nbsp;&nbsp;&nbsp;mbed::DigitalOut::operator =(int)
<LI><a href="#[89]">&gt;&gt;</a>&nbsp;&nbsp;&nbsp;TextLCD::writeByte(int)
</UL>
<BR>[Called By]<UL><LI><a href="#[94]">&gt;&gt;</a>&nbsp;&nbsp;&nbsp;TextLCD::character(int, int, int)
</UL>

<P><STRONG><a name="[95]"></a>TextLCD::address(int, int)</STRONG> (Thumb, 92 bytes, Stack size 8 bytes, textlcd.o(.text))
<BR><BR>[Stack]<UL><LI>Max Depth = 8<LI>Call Chain = TextLCD::address(int, int)
</UL>
<BR>[Called By]<UL><LI><a href="#[94]">&gt;&gt;</a>&nbsp;&nbsp;&nbsp;TextLCD::character(int, int, int)
</UL>

<P><STRONG><a name="[94]"></a>TextLCD::character(int, int, int)</STRONG> (Thumb, 40 bytes, Stack size 24 bytes, textlcd.o(.text))
<BR><BR>[Stack]<UL><LI>Max Depth = 208<LI>Call Chain = TextLCD::character(int, int, int) &rArr; TextLCD::writeData(int) &rArr; TextLCD::writeByte(int) &rArr; mbed::DigitalOut::operator =(int) &rArr; gpio_write(gpio_t*, int) &rArr; mbed_assert_internal &rArr; mbed_die &rArr;  mbed_assert_internal (Cycle)
</UL>
<BR>[Calls]<UL><LI><a href="#[95]">&gt;&gt;</a>&nbsp;&nbsp;&nbsp;TextLCD::address(int, int)
<LI><a href="#[93]">&gt;&gt;</a>&nbsp;&nbsp;&nbsp;TextLCD::writeData(int)
<LI><a href="#[8d]">&gt;&gt;</a>&nbsp;&nbsp;&nbsp;TextLCD::writeCommand(int)
</UL>
<BR>[Called By]<UL><LI><a href="#[3d]">&gt;&gt;</a>&nbsp;&nbsp;&nbsp;TextLCD::_putc(int)
</UL>

<P><STRONG><a name="[3d]"></a>TextLCD::_putc(int)</STRONG> (Thumb, 128 bytes, Stack size 16 bytes, textlcd.o(.text))
<BR><BR>[Stack]<UL><LI>Max Depth = 224<LI>Call Chain = TextLCD::_putc(int) &rArr; TextLCD::character(int, int, int) &rArr; TextLCD::writeData(int) &rArr; TextLCD::writeByte(int) &rArr; mbed::DigitalOut::operator =(int) &rArr; gpio_write(gpio_t*, int) &rArr; mbed_assert_internal &rArr; mbed_die &rArr;  mbed_assert_internal (Cycle)
</UL>
<BR>[Calls]<UL><LI><a href="#[94]">&gt;&gt;</a>&nbsp;&nbsp;&nbsp;TextLCD::character(int, int, int)
<LI><a href="#[97]">&gt;&gt;</a>&nbsp;&nbsp;&nbsp;TextLCD::columns()
<LI><a href="#[96]">&gt;&gt;</a>&nbsp;&nbsp;&nbsp;TextLCD::rows()
</UL>
<BR>[Address Reference Count : 1]<UL><LI> textlcd.o(.constdata__ZTV7TextLCD)
</UL>
<P><STRONG><a name="[3e]"></a>TextLCD::_getc()</STRONG> (Thumb, 8 bytes, Stack size 0 bytes, textlcd.o(.text))
<BR>[Address Reference Count : 1]<UL><LI> textlcd.o(.constdata__ZTV7TextLCD)
</UL>
<P><STRONG><a name="[54]"></a>LogicEngine::LogicEngine(PinName, PinName)</STRONG> (Thumb, 54 bytes, Stack size 16 bytes, logicengine.o(.text))
<BR><BR>[Stack]<UL><LI>Max Depth = 168<LI>Call Chain = LogicEngine::LogicEngine(PinName, PinName) &rArr; mbed::DigitalOut::operator =(int) &rArr; gpio_write(gpio_t*, int) &rArr; mbed_assert_internal &rArr; mbed_die &rArr;  mbed_assert_internal (Cycle)
</UL>
<BR>[Calls]<UL><LI><a href="#[8c]">&gt;&gt;</a>&nbsp;&nbsp;&nbsp;mbed::DigitalOut::operator =(int)
<LI><a href="#[91]">&gt;&gt;</a>&nbsp;&nbsp;&nbsp;mbed::DigitalOut::DigitalOut(PinName)
</UL>
<BR>[Called By]<UL><LI><a href="#[53]">&gt;&gt;</a>&nbsp;&nbsp;&nbsp;$Super$$main
</UL>

<P><STRONG><a name="[129]"></a>LogicEngine::LogicEngine__sub_object(PinName, PinName)</STRONG> (Thumb, 0 bytes, Stack size 16 bytes, logicengine.o(.text), UNUSED)

<P><STRONG><a name="[9a]"></a>LogicEngine::pump2Logic(bool&, int, int, int, float, float)</STRONG> (Thumb, 148 bytes, Stack size 48 bytes, logicengine.o(.text))
<BR><BR>[Stack]<UL><LI>Max Depth = 200<LI>Call Chain = LogicEngine::pump2Logic(bool&, int, int, int, float, float) &rArr; mbed::DigitalOut::operator =(int) &rArr; gpio_write(gpio_t*, int) &rArr; mbed_assert_internal &rArr; mbed_die &rArr;  mbed_assert_internal (Cycle)
</UL>
<BR>[Calls]<UL><LI><a href="#[9c]">&gt;&gt;</a>&nbsp;&nbsp;&nbsp;__aeabi_fsub
<LI><a href="#[9d]">&gt;&gt;</a>&nbsp;&nbsp;&nbsp;__aeabi_cfrcmple
<LI><a href="#[9b]">&gt;&gt;</a>&nbsp;&nbsp;&nbsp;__aeabi_cfcmple
<LI><a href="#[8c]">&gt;&gt;</a>&nbsp;&nbsp;&nbsp;mbed::DigitalOut::operator =(int)
<LI><a href="#[86]">&gt;&gt;</a>&nbsp;&nbsp;&nbsp;__aeabi_i2f
</UL>
<BR>[Called By]<UL><LI><a href="#[61]">&gt;&gt;</a>&nbsp;&nbsp;&nbsp;LogicEngine::exexute(int, int, int, bool&, bool&, float, float, float)
</UL>

<P><STRONG><a name="[9e]"></a>LogicEngine::pump1Logic(bool&, int, int, float, float)</STRONG> (Thumb, 90 bytes, Stack size 32 bytes, logicengine.o(.text))
<BR><BR>[Stack]<UL><LI>Max Depth = 184<LI>Call Chain = LogicEngine::pump1Logic(bool&, int, int, float, float) &rArr; mbed::DigitalOut::operator =(int) &rArr; gpio_write(gpio_t*, int) &rArr; mbed_assert_internal &rArr; mbed_die &rArr;  mbed_assert_internal (Cycle)
</UL>
<BR>[Calls]<UL><LI><a href="#[9c]">&gt;&gt;</a>&nbsp;&nbsp;&nbsp;__aeabi_fsub
<LI><a href="#[9d]">&gt;&gt;</a>&nbsp;&nbsp;&nbsp;__aeabi_cfrcmple
<LI><a href="#[9b]">&gt;&gt;</a>&nbsp;&nbsp;&nbsp;__aeabi_cfcmple
<LI><a href="#[8c]">&gt;&gt;</a>&nbsp;&nbsp;&nbsp;mbed::DigitalOut::operator =(int)
<LI><a href="#[86]">&gt;&gt;</a>&nbsp;&nbsp;&nbsp;__aeabi_i2f
</UL>
<BR>[Called By]<UL><LI><a href="#[61]">&gt;&gt;</a>&nbsp;&nbsp;&nbsp;LogicEngine::exexute(int, int, int, bool&, bool&, float, float, float)
</UL>

<P><STRONG><a name="[61]"></a>LogicEngine::exexute(int, int, int, bool&, bool&, float, float, float)</STRONG> (Thumb, 54 bytes, Stack size 48 bytes, logicengine.o(.text))
<BR><BR>[Stack]<UL><LI>Max Depth = 248<LI>Call Chain = LogicEngine::exexute(int, int, int, bool&, bool&, float, float, float) &rArr; LogicEngine::pump2Logic(bool&, int, int, int, float, float) &rArr; mbed::DigitalOut::operator =(int) &rArr; gpio_write(gpio_t*, int) &rArr; mbed_assert_internal &rArr; mbed_die &rArr;  mbed_assert_internal (Cycle)
</UL>
<BR>[Calls]<UL><LI><a href="#[9e]">&gt;&gt;</a>&nbsp;&nbsp;&nbsp;LogicEngine::pump1Logic(bool&, int, int, float, float)
<LI><a href="#[9a]">&gt;&gt;</a>&nbsp;&nbsp;&nbsp;LogicEngine::pump2Logic(bool&, int, int, int, float, float)
</UL>
<BR>[Called By]<UL><LI><a href="#[53]">&gt;&gt;</a>&nbsp;&nbsp;&nbsp;$Super$$main
</UL>

<P><STRONG><a name="[a0]"></a>Menu::configurationMenu(TextLCD&, configurarationEnum, int, int, int)</STRONG> (Thumb, 64 bytes, Stack size 24 bytes, menu.o(.text))
<BR><BR>[Stack]<UL><LI>Max Depth = 72<LI>Call Chain = Menu::configurationMenu(TextLCD&, configurarationEnum, int, int, int) &rArr; mbed::Stream::printf(const char*, ...) &rArr; __c89vfprintf
</UL>
<BR>[Calls]<UL><LI><a href="#[a1]">&gt;&gt;</a>&nbsp;&nbsp;&nbsp;mbed::Stream::printf(const char*, ...)
</UL>
<BR>[Called By]<UL><LI><a href="#[65]">&gt;&gt;</a>&nbsp;&nbsp;&nbsp;Menu::menu(InterruptManager&, TextLCD&, bool, bool, float, float, float, bool, bool, configurarationEnum, int, int, int)
</UL>

<P><STRONG><a name="[a2]"></a>Menu::standardMenu(TextLCD&, bool, float, float, float, bool, bool)</STRONG> (Thumb, 150 bytes, Stack size 48 bytes, menu.o(.text))
<BR><BR>[Stack]<UL><LI>Max Depth = 96<LI>Call Chain = Menu::standardMenu(TextLCD&, bool, float, float, float, bool, bool) &rArr; mbed::Stream::printf(const char*, ...) &rArr; __c89vfprintf
</UL>
<BR>[Calls]<UL><LI><a href="#[a1]">&gt;&gt;</a>&nbsp;&nbsp;&nbsp;mbed::Stream::printf(const char*, ...)
<LI><a href="#[87]">&gt;&gt;</a>&nbsp;&nbsp;&nbsp;__aeabi_f2d
</UL>
<BR>[Called By]<UL><LI><a href="#[65]">&gt;&gt;</a>&nbsp;&nbsp;&nbsp;Menu::menu(InterruptManager&, TextLCD&, bool, bool, float, float, float, bool, bool, configurarationEnum, int, int, int)
</UL>

<P><STRONG><a name="[65]"></a>Menu::menu(InterruptManager&, TextLCD&, bool, bool, float, float, float, bool, bool, configurarationEnum, int, int, int)</STRONG> (Thumb, 82 bytes, Stack size 48 bytes, menu.o(.text))
<BR><BR>[Stack]<UL><LI>Max Depth = 240<LI>Call Chain = Menu::menu(InterruptManager&, TextLCD&, bool, bool, float, float, float, bool, bool, configurarationEnum, int, int, int) &rArr; TextLCD::cls() &rArr; TextLCD::writeCommand(int) &rArr; TextLCD::writeByte(int) &rArr; mbed::DigitalOut::operator =(int) &rArr; gpio_write(gpio_t*, int) &rArr; mbed_assert_internal &rArr; mbed_die &rArr;  mbed_assert_internal (Cycle)
</UL>
<BR>[Calls]<UL><LI><a href="#[a4]">&gt;&gt;</a>&nbsp;&nbsp;&nbsp;InterruptManager::setLcdRefresh(bool)
<LI><a href="#[a3]">&gt;&gt;</a>&nbsp;&nbsp;&nbsp;InterruptManager::getLcdRefresh()
<LI><a href="#[a2]">&gt;&gt;</a>&nbsp;&nbsp;&nbsp;Menu::standardMenu(TextLCD&, bool, float, float, float, bool, bool)
<LI><a href="#[a0]">&gt;&gt;</a>&nbsp;&nbsp;&nbsp;Menu::configurationMenu(TextLCD&, configurarationEnum, int, int, int)
<LI><a href="#[8e]">&gt;&gt;</a>&nbsp;&nbsp;&nbsp;TextLCD::cls()
</UL>
<BR>[Called By]<UL><LI><a href="#[53]">&gt;&gt;</a>&nbsp;&nbsp;&nbsp;$Super$$main
</UL>

<P><STRONG><a name="[58]"></a>InterruptManager::InterruptManager(PinName, PinName, PinName)</STRONG> (Thumb, 320 bytes, Stack size 120 bytes, interruptmanager.o(.text))
<BR><BR>[Stack]<UL><LI>Max Depth = 296<LI>Call Chain = InterruptManager::InterruptManager(PinName, PinName, PinName) &rArr; AjK::PinDetect::PinDetect(PinName, PinMode) &rArr; AjK::PinDetect::init(PinName, PinMode) &rArr; mbed::DigitalIn::read() &rArr; mbed_assert_internal &rArr; mbed_die &rArr;  mbed_assert_internal (Cycle)
</UL>
<BR>[Calls]<UL><LI><a href="#[a9]">&gt;&gt;</a>&nbsp;&nbsp;&nbsp;void mbed::Ticker::attach_us&lang;InterruptManager&rang;(T1*, void(T1::*)(), unsigned long long)
<LI><a href="#[ab]">&gt;&gt;</a>&nbsp;&nbsp;&nbsp;void AjK::PinDetect::attach_asserted&lang;InterruptManager&rang;(T1*, void(T1::*)())
<LI><a href="#[a6]">&gt;&gt;</a>&nbsp;&nbsp;&nbsp;mbed::Ticker::Ticker()
<LI><a href="#[a7]">&gt;&gt;</a>&nbsp;&nbsp;&nbsp;IAP::IAP()
<LI><a href="#[a5]">&gt;&gt;</a>&nbsp;&nbsp;&nbsp;AjK::PinDetect::PinDetect(PinName, PinMode)
<LI><a href="#[ac]">&gt;&gt;</a>&nbsp;&nbsp;&nbsp;AjK::PinDetect::setSampleFrequency(int)
<LI><a href="#[4d]">&gt;&gt;</a>&nbsp;&nbsp;&nbsp;__aeabi_fmul
<LI><a href="#[aa]">&gt;&gt;</a>&nbsp;&nbsp;&nbsp;__aeabi_f2ulz
<LI><a href="#[a8]">&gt;&gt;</a>&nbsp;&nbsp;&nbsp;IAP::blank_check(int, int)
</UL>
<BR>[Called By]<UL><LI><a href="#[53]">&gt;&gt;</a>&nbsp;&nbsp;&nbsp;$Super$$main
</UL>

<P><STRONG><a name="[12a]"></a>InterruptManager::InterruptManager__sub_object(PinName, PinName, PinName)</STRONG> (Thumb, 0 bytes, Stack size 120 bytes, interruptmanager.o(.text), UNUSED)

<P><STRONG><a name="[64]"></a>InterruptManager::getConfigurationMode()</STRONG> (Thumb, 6 bytes, Stack size 0 bytes, interruptmanager.o(.text))
<BR><BR>[Called By]<UL><LI><a href="#[53]">&gt;&gt;</a>&nbsp;&nbsp;&nbsp;$Super$$main
</UL>

<P><STRONG><a name="[63]"></a>InterruptManager::getScreen()</STRONG> (Thumb, 6 bytes, Stack size 0 bytes, interruptmanager.o(.text))
<BR><BR>[Called By]<UL><LI><a href="#[53]">&gt;&gt;</a>&nbsp;&nbsp;&nbsp;$Super$$main
</UL>

<P><STRONG><a name="[a3]"></a>InterruptManager::getLcdRefresh()</STRONG> (Thumb, 6 bytes, Stack size 0 bytes, interruptmanager.o(.text))
<BR><BR>[Called By]<UL><LI><a href="#[65]">&gt;&gt;</a>&nbsp;&nbsp;&nbsp;Menu::menu(InterruptManager&, TextLCD&, bool, bool, float, float, float, bool, bool, configurarationEnum, int, int, int)
</UL>

<P><STRONG><a name="[62]"></a>InterruptManager::getState()</STRONG> (Thumb, 6 bytes, Stack size 0 bytes, interruptmanager.o(.text))
<BR><BR>[Called By]<UL><LI><a href="#[53]">&gt;&gt;</a>&nbsp;&nbsp;&nbsp;$Super$$main
</UL>

<P><STRONG><a name="[5e]"></a>InterruptManager::getHysteresisValue()</STRONG> (Thumb, 6 bytes, Stack size 0 bytes, interruptmanager.o(.text))
<BR><BR>[Called By]<UL><LI><a href="#[53]">&gt;&gt;</a>&nbsp;&nbsp;&nbsp;$Super$$main
</UL>

<P><STRONG><a name="[60]"></a>InterruptManager::getMinTempInTank1()</STRONG> (Thumb, 6 bytes, Stack size 0 bytes, interruptmanager.o(.text))
<BR><BR>[Called By]<UL><LI><a href="#[53]">&gt;&gt;</a>&nbsp;&nbsp;&nbsp;$Super$$main
</UL>

<P><STRONG><a name="[5f]"></a>InterruptManager::getDiffrenceInTemp()</STRONG> (Thumb, 6 bytes, Stack size 0 bytes, interruptmanager.o(.text))
<BR><BR>[Called By]<UL><LI><a href="#[53]">&gt;&gt;</a>&nbsp;&nbsp;&nbsp;$Super$$main
</UL>

<P><STRONG><a name="[a4]"></a>InterruptManager::setLcdRefresh(bool)</STRONG> (Thumb, 4 bytes, Stack size 0 bytes, interruptmanager.o(.text))
<BR><BR>[Called By]<UL><LI><a href="#[65]">&gt;&gt;</a>&nbsp;&nbsp;&nbsp;Menu::menu(InterruptManager&, TextLCD&, bool, bool, float, float, float, bool, bool, configurarationEnum, int, int, int)
</UL>

<P><STRONG><a name="[44]"></a>InterruptManager::configurationButtonHandler()</STRONG> (Thumb, 164 bytes, Stack size 320 bytes, interruptmanager.o(.text))
<BR><BR>[Stack]<UL><LI>Max Depth = 344<LI>Call Chain = InterruptManager::configurationButtonHandler() &rArr; IAP::write(char*, char*, int)
</UL>
<BR>[Calls]<UL><LI><a href="#[a7]">&gt;&gt;</a>&nbsp;&nbsp;&nbsp;IAP::IAP()
<LI><a href="#[ae]">&gt;&gt;</a>&nbsp;&nbsp;&nbsp;IAP::prepare(int, int)
<LI><a href="#[b0]">&gt;&gt;</a>&nbsp;&nbsp;&nbsp;IAP::write(char*, char*, int)
<LI><a href="#[af]">&gt;&gt;</a>&nbsp;&nbsp;&nbsp;IAP::erase(int, int)
<LI><a href="#[a8]">&gt;&gt;</a>&nbsp;&nbsp;&nbsp;IAP::blank_check(int, int)
<LI><a href="#[ad]">&gt;&gt;</a>&nbsp;&nbsp;&nbsp;__aeabi_memclr4
</UL>
<BR>[Address Reference Count : 1]<UL><LI> interruptmanager.o(.data)
</UL>
<P><STRONG><a name="[45]"></a>InterruptManager::upButtonHandler()</STRONG> (Thumb, 68 bytes, Stack size 0 bytes, interruptmanager.o(.text))
<BR>[Address Reference Count : 1]<UL><LI> interruptmanager.o(.data)
</UL>
<P><STRONG><a name="[46]"></a>InterruptManager::downButtonHandler()</STRONG> (Thumb, 68 bytes, Stack size 0 bytes, interruptmanager.o(.text))
<BR>[Address Reference Count : 1]<UL><LI> interruptmanager.o(.data)
</UL>
<P><STRONG><a name="[43]"></a>InterruptManager::screenSwitch()</STRONG> (Thumb, 16 bytes, Stack size 0 bytes, interruptmanager.o(.text))
<BR>[Address Reference Count : 1]<UL><LI> interruptmanager.o(.data)
</UL>
<P><STRONG><a name="[42]"></a>InterruptManager::lcdRefresh()</STRONG> (Thumb, 6 bytes, Stack size 0 bytes, interruptmanager.o(.text))
<BR>[Address Reference Count : 1]<UL><LI> interruptmanager.o(.data)
</UL>
<P><STRONG><a name="[12b]"></a>IAP::read_ID()</STRONG> (Thumb, 22 bytes, Stack size 8 bytes, iap.o(.text), UNUSED)

<P><STRONG><a name="[12c]"></a>IAP::read_serial()</STRONG> (Thumb, 22 bytes, Stack size 8 bytes, iap.o(.text), UNUSED)

<P><STRONG><a name="[a8]"></a>IAP::blank_check(int, int)</STRONG> (Thumb, 30 bytes, Stack size 16 bytes, iap.o(.text))
<BR><BR>[Stack]<UL><LI>Max Depth = 16<LI>Call Chain = IAP::blank_check(int, int)
</UL>
<BR>[Called By]<UL><LI><a href="#[44]">&gt;&gt;</a>&nbsp;&nbsp;&nbsp;InterruptManager::configurationButtonHandler()
<LI><a href="#[58]">&gt;&gt;</a>&nbsp;&nbsp;&nbsp;InterruptManager::InterruptManager(PinName, PinName, PinName)
</UL>

<P><STRONG><a name="[af]"></a>IAP::erase(int, int)</STRONG> (Thumb, 34 bytes, Stack size 16 bytes, iap.o(.text))
<BR><BR>[Stack]<UL><LI>Max Depth = 16<LI>Call Chain = IAP::erase(int, int)
</UL>
<BR>[Called By]<UL><LI><a href="#[44]">&gt;&gt;</a>&nbsp;&nbsp;&nbsp;InterruptManager::configurationButtonHandler()
</UL>

<P><STRONG><a name="[ae]"></a>IAP::prepare(int, int)</STRONG> (Thumb, 30 bytes, Stack size 16 bytes, iap.o(.text))
<BR><BR>[Stack]<UL><LI>Max Depth = 16<LI>Call Chain = IAP::prepare(int, int)
</UL>
<BR>[Called By]<UL><LI><a href="#[44]">&gt;&gt;</a>&nbsp;&nbsp;&nbsp;InterruptManager::configurationButtonHandler()
</UL>

<P><STRONG><a name="[b0]"></a>IAP::write(char*, char*, int)</STRONG> (Thumb, 38 bytes, Stack size 24 bytes, iap.o(.text))
<BR><BR>[Stack]<UL><LI>Max Depth = 24<LI>Call Chain = IAP::write(char*, char*, int)
</UL>
<BR>[Called By]<UL><LI><a href="#[44]">&gt;&gt;</a>&nbsp;&nbsp;&nbsp;InterruptManager::configurationButtonHandler()
</UL>

<P><STRONG><a name="[12d]"></a>IAP::compare(char*, char*, int)</STRONG> (Thumb, 34 bytes, Stack size 24 bytes, iap.o(.text), UNUSED)

<P><STRONG><a name="[12e]"></a>IAP::read_BootVer()</STRONG> (Thumb, 26 bytes, Stack size 8 bytes, iap.o(.text), UNUSED)

<P><STRONG><a name="[12f]"></a>IAP::reserved_flash_area_start()</STRONG> (Thumb, 8 bytes, Stack size 0 bytes, iap.o(.text), UNUSED)

<P><STRONG><a name="[130]"></a>IAP::reserved_flash_area_size()</STRONG> (Thumb, 8 bytes, Stack size 0 bytes, iap.o(.text), UNUSED)

<P><STRONG><a name="[131]"></a>__aeabi_uidiv</STRONG> (Thumb, 0 bytes, Stack size 12 bytes, uidiv.o(.text), UNUSED)

<P><STRONG><a name="[b1]"></a>__aeabi_uidivmod</STRONG> (Thumb, 44 bytes, Stack size 12 bytes, uidiv.o(.text))
<BR><BR>[Stack]<UL><LI>Max Depth = 12<LI>Call Chain = __aeabi_uidivmod
</UL>
<BR>[Called By]<UL><LI><a href="#[117]">&gt;&gt;</a>&nbsp;&nbsp;&nbsp;us_ticker_init
<LI><a href="#[eb]">&gt;&gt;</a>&nbsp;&nbsp;&nbsp;us_ticker_read
<LI><a href="#[e4]">&gt;&gt;</a>&nbsp;&nbsp;&nbsp;i2c_init
<LI><a href="#[e1]">&gt;&gt;</a>&nbsp;&nbsp;&nbsp;i2c_frequency
<LI><a href="#[115]">&gt;&gt;</a>&nbsp;&nbsp;&nbsp;serial_baud
<LI><a href="#[a7]">&gt;&gt;</a>&nbsp;&nbsp;&nbsp;IAP::IAP()
<LI><a href="#[f7]">&gt;&gt;</a>&nbsp;&nbsp;&nbsp;_printf_core
<LI><a href="#[77]">&gt;&gt;</a>&nbsp;&nbsp;&nbsp;__aeabi_idivmod
</UL>

<P><STRONG><a name="[132]"></a>__aeabi_idiv</STRONG> (Thumb, 0 bytes, Stack size 16 bytes, idiv.o(.text), UNUSED)

<P><STRONG><a name="[77]"></a>__aeabi_idivmod</STRONG> (Thumb, 40 bytes, Stack size 16 bytes, idiv.o(.text), UNUSED)
<BR><BR>[Calls]<UL><LI><a href="#[b1]">&gt;&gt;</a>&nbsp;&nbsp;&nbsp;__aeabi_uidivmod
</UL>
<BR>[Called By]<UL><LI><a href="#[76]">&gt;&gt;</a>&nbsp;&nbsp;&nbsp;DS3231::dec2bcd(int)
</UL>

<P><STRONG><a name="[11e]"></a>__aeabi_memcpy</STRONG> (Thumb, 36 bytes, Stack size 0 bytes, memcpya.o(.text))
<BR><BR>[Called By]<UL><LI><a href="#[33]">&gt;&gt;</a>&nbsp;&nbsp;&nbsp;void mbed::FunctionPointer::membercaller&lang;AjK::PinDetect&rang;(void*, char*)
<LI><a href="#[39]">&gt;&gt;</a>&nbsp;&nbsp;&nbsp;void mbed::FunctionPointer::membercaller&lang;InterruptManager&rang;(void*, char*)
</UL>

<P><STRONG><a name="[133]"></a>__aeabi_memcpy4</STRONG> (Thumb, 0 bytes, Stack size 0 bytes, memcpya.o(.text), UNUSED)

<P><STRONG><a name="[134]"></a>__aeabi_memcpy8</STRONG> (Thumb, 0 bytes, Stack size 0 bytes, memcpya.o(.text), UNUSED)

<P><STRONG><a name="[b3]"></a>__aeabi_memset</STRONG> (Thumb, 14 bytes, Stack size 0 bytes, memseta.o(.text), UNUSED)
<BR><BR>[Called By]<UL><LI><a href="#[b4]">&gt;&gt;</a>&nbsp;&nbsp;&nbsp;_memset$wrapper
<LI><a href="#[b2]">&gt;&gt;</a>&nbsp;&nbsp;&nbsp;__aeabi_memclr
</UL>

<P><STRONG><a name="[135]"></a>__aeabi_memset4</STRONG> (Thumb, 0 bytes, Stack size 0 bytes, memseta.o(.text), UNUSED)

<P><STRONG><a name="[136]"></a>__aeabi_memset8</STRONG> (Thumb, 0 bytes, Stack size 0 bytes, memseta.o(.text), UNUSED)

<P><STRONG><a name="[b2]"></a>__aeabi_memclr</STRONG> (Thumb, 4 bytes, Stack size 0 bytes, memseta.o(.text), UNUSED)
<BR><BR>[Calls]<UL><LI><a href="#[b3]">&gt;&gt;</a>&nbsp;&nbsp;&nbsp;__aeabi_memset
</UL>

<P><STRONG><a name="[ad]"></a>__aeabi_memclr4</STRONG> (Thumb, 0 bytes, Stack size 0 bytes, memseta.o(.text))
<BR><BR>[Called By]<UL><LI><a href="#[44]">&gt;&gt;</a>&nbsp;&nbsp;&nbsp;InterruptManager::configurationButtonHandler()
<LI><a href="#[ea]">&gt;&gt;</a>&nbsp;&nbsp;&nbsp;fopen
</UL>

<P><STRONG><a name="[137]"></a>__aeabi_memclr8</STRONG> (Thumb, 0 bytes, Stack size 0 bytes, memseta.o(.text), UNUSED)

<P><STRONG><a name="[b4]"></a>_memset$wrapper</STRONG> (Thumb, 18 bytes, Stack size 8 bytes, memseta.o(.text), UNUSED)
<BR><BR>[Calls]<UL><LI><a href="#[b3]">&gt;&gt;</a>&nbsp;&nbsp;&nbsp;__aeabi_memset
</UL>

<P><STRONG><a name="[101]"></a>strcmp</STRONG> (Thumb, 28 bytes, Stack size 8 bytes, strcmp.o(.text))
<BR><BR>[Stack]<UL><LI>Max Depth = 8<LI>Call Chain = strcmp
</UL>
<BR>[Called By]<UL><LI><a href="#[50]">&gt;&gt;</a>&nbsp;&nbsp;&nbsp;_sys_open
</UL>

<P><STRONG><a name="[ed]"></a>strncmp</STRONG> (Thumb, 30 bytes, Stack size 12 bytes, strncmp.o(.text))
<BR><BR>[Stack]<UL><LI>Max Depth = 12<LI>Call Chain = strncmp
</UL>
<BR>[Called By]<UL><LI><a href="#[ec]">&gt;&gt;</a>&nbsp;&nbsp;&nbsp;mbed::FileBase::lookup(const char*, unsigned)
</UL>

<P><STRONG><a name="[b5]"></a>__0sscanf</STRONG> (Thumb, 50 bytes, Stack size 72 bytes, __0sscanf.o(.text))
<BR><BR>[Stack]<UL><LI>Max Depth = 208<LI>Call Chain = __0sscanf &rArr; __vfscanf_char &rArr; __vfscanf &rArr; _scanf_int
</UL>
<BR>[Calls]<UL><LI><a href="#[b6]">&gt;&gt;</a>&nbsp;&nbsp;&nbsp;__vfscanf_char
</UL>
<BR>[Called By]<UL><LI><a href="#[50]">&gt;&gt;</a>&nbsp;&nbsp;&nbsp;_sys_open
</UL>

<P><STRONG><a name="[b7]"></a>_scanf_int</STRONG> (Thumb, 330 bytes, Stack size 48 bytes, _scanf_int.o(.text))
<BR><BR>[Stack]<UL><LI>Max Depth = 48<LI>Call Chain = _scanf_int
</UL>
<BR>[Calls]<UL><LI><a href="#[b8]">&gt;&gt;</a>&nbsp;&nbsp;&nbsp;_chval
</UL>
<BR>[Called By]<UL><LI><a href="#[c6]">&gt;&gt;</a>&nbsp;&nbsp;&nbsp;__vfscanf
</UL>

<P><STRONG><a name="[b9]"></a>__aeabi_fadd</STRONG> (Thumb, 162 bytes, Stack size 24 bytes, fadd.o(.text))
<BR><BR>[Stack]<UL><LI>Max Depth = 36<LI>Call Chain = __aeabi_fadd &rArr; _float_epilogue
</UL>
<BR>[Calls]<UL><LI><a href="#[bb]">&gt;&gt;</a>&nbsp;&nbsp;&nbsp;_float_round
<LI><a href="#[ba]">&gt;&gt;</a>&nbsp;&nbsp;&nbsp;_float_epilogue
</UL>
<BR>[Called By]<UL><LI><a href="#[9c]">&gt;&gt;</a>&nbsp;&nbsp;&nbsp;__aeabi_fsub
<LI><a href="#[bc]">&gt;&gt;</a>&nbsp;&nbsp;&nbsp;__aeabi_frsub
</UL>

<P><STRONG><a name="[9c]"></a>__aeabi_fsub</STRONG> (Thumb, 8 bytes, Stack size 0 bytes, fadd.o(.text))
<BR><BR>[Stack]<UL><LI>Max Depth = 36<LI>Call Chain = __aeabi_fsub &rArr; __aeabi_fadd &rArr; _float_epilogue
</UL>
<BR>[Calls]<UL><LI><a href="#[b9]">&gt;&gt;</a>&nbsp;&nbsp;&nbsp;__aeabi_fadd
</UL>
<BR>[Called By]<UL><LI><a href="#[9e]">&gt;&gt;</a>&nbsp;&nbsp;&nbsp;LogicEngine::pump1Logic(bool&, int, int, float, float)
<LI><a href="#[9a]">&gt;&gt;</a>&nbsp;&nbsp;&nbsp;LogicEngine::pump2Logic(bool&, int, int, int, float, float)
</UL>

<P><STRONG><a name="[bc]"></a>__aeabi_frsub</STRONG> (Thumb, 8 bytes, Stack size 0 bytes, fadd.o(.text), UNUSED)
<BR><BR>[Calls]<UL><LI><a href="#[b9]">&gt;&gt;</a>&nbsp;&nbsp;&nbsp;__aeabi_fadd
</UL>

<P><STRONG><a name="[4d]"></a>__aeabi_fmul</STRONG> (Thumb, 122 bytes, Stack size 16 bytes, fmul.o(.text))
<BR><BR>[Stack]<UL><LI>Max Depth = 16<LI>Call Chain = __aeabi_fmul
</UL>
<BR>[Called By]<UL><LI><a href="#[8b]">&gt;&gt;</a>&nbsp;&nbsp;&nbsp;wait
<LI><a href="#[4b]">&gt;&gt;</a>&nbsp;&nbsp;&nbsp;Watchdog::setUp(float)
<LI><a href="#[58]">&gt;&gt;</a>&nbsp;&nbsp;&nbsp;InterruptManager::InterruptManager(PinName, PinName, PinName)
</UL>

<P><STRONG><a name="[6e]"></a>__aeabi_dadd</STRONG> (Thumb, 328 bytes, Stack size 48 bytes, dadd.o(.text), UNUSED)
<BR><BR>[Calls]<UL><LI><a href="#[be]">&gt;&gt;</a>&nbsp;&nbsp;&nbsp;__aeabi_lasr
<LI><a href="#[bd]">&gt;&gt;</a>&nbsp;&nbsp;&nbsp;__aeabi_llsl
<LI><a href="#[c0]">&gt;&gt;</a>&nbsp;&nbsp;&nbsp;_double_round
<LI><a href="#[bf]">&gt;&gt;</a>&nbsp;&nbsp;&nbsp;_double_epilogue
</UL>
<BR>[Called By]<UL><LI><a href="#[69]">&gt;&gt;</a>&nbsp;&nbsp;&nbsp;DS3231::readTemp()
<LI><a href="#[fc]">&gt;&gt;</a>&nbsp;&nbsp;&nbsp;_fp_digits
<LI><a href="#[c2]">&gt;&gt;</a>&nbsp;&nbsp;&nbsp;__aeabi_drsub
<LI><a href="#[c1]">&gt;&gt;</a>&nbsp;&nbsp;&nbsp;__aeabi_dsub
</UL>

<P><STRONG><a name="[c1]"></a>__aeabi_dsub</STRONG> (Thumb, 12 bytes, Stack size 8 bytes, dadd.o(.text), UNUSED)
<BR><BR>[Calls]<UL><LI><a href="#[6e]">&gt;&gt;</a>&nbsp;&nbsp;&nbsp;__aeabi_dadd
</UL>

<P><STRONG><a name="[c2]"></a>__aeabi_drsub</STRONG> (Thumb, 12 bytes, Stack size 8 bytes, dadd.o(.text), UNUSED)
<BR><BR>[Calls]<UL><LI><a href="#[6e]">&gt;&gt;</a>&nbsp;&nbsp;&nbsp;__aeabi_dadd
</UL>

<P><STRONG><a name="[6d]"></a>__aeabi_ddiv</STRONG> (Thumb, 234 bytes, Stack size 40 bytes, ddiv.o(.text))
<BR><BR>[Stack]<UL><LI>Max Depth = 48<LI>Call Chain = __aeabi_ddiv &rArr; _double_round
</UL>
<BR>[Calls]<UL><LI><a href="#[c0]">&gt;&gt;</a>&nbsp;&nbsp;&nbsp;_double_round
</UL>
<BR>[Called By]<UL><LI><a href="#[85]">&gt;&gt;</a>&nbsp;&nbsp;&nbsp;DS2482::readFromROMadress(char*)
<LI><a href="#[69]">&gt;&gt;</a>&nbsp;&nbsp;&nbsp;DS3231::readTemp()
<LI><a href="#[fc]">&gt;&gt;</a>&nbsp;&nbsp;&nbsp;_fp_digits
</UL>

<P><STRONG><a name="[86]"></a>__aeabi_i2f</STRONG> (Thumb, 22 bytes, Stack size 8 bytes, fflti.o(.text))
<BR><BR>[Stack]<UL><LI>Max Depth = 20<LI>Call Chain = __aeabi_i2f &rArr; _float_epilogue
</UL>
<BR>[Calls]<UL><LI><a href="#[ba]">&gt;&gt;</a>&nbsp;&nbsp;&nbsp;_float_epilogue
</UL>
<BR>[Called By]<UL><LI><a href="#[9e]">&gt;&gt;</a>&nbsp;&nbsp;&nbsp;LogicEngine::pump1Logic(bool&, int, int, float, float)
<LI><a href="#[9a]">&gt;&gt;</a>&nbsp;&nbsp;&nbsp;LogicEngine::pump2Logic(bool&, int, int, int, float, float)
<LI><a href="#[85]">&gt;&gt;</a>&nbsp;&nbsp;&nbsp;DS2482::readFromROMadress(char*)
</UL>

<P><STRONG><a name="[4c]"></a>__aeabi_ui2f</STRONG> (Thumb, 14 bytes, Stack size 8 bytes, ffltui.o(.text))
<BR><BR>[Stack]<UL><LI>Max Depth = 20<LI>Call Chain = __aeabi_ui2f &rArr; _float_epilogue
</UL>
<BR>[Calls]<UL><LI><a href="#[ba]">&gt;&gt;</a>&nbsp;&nbsp;&nbsp;_float_epilogue
</UL>
<BR>[Called By]<UL><LI><a href="#[4b]">&gt;&gt;</a>&nbsp;&nbsp;&nbsp;Watchdog::setUp(float)
</UL>

<P><STRONG><a name="[6c]"></a>__aeabi_ui2d</STRONG> (Thumb, 24 bytes, Stack size 16 bytes, dfltui.o(.text), UNUSED)
<BR><BR>[Calls]<UL><LI><a href="#[bf]">&gt;&gt;</a>&nbsp;&nbsp;&nbsp;_double_epilogue
</UL>
<BR>[Called By]<UL><LI><a href="#[69]">&gt;&gt;</a>&nbsp;&nbsp;&nbsp;DS3231::readTemp()
</UL>

<P><STRONG><a name="[11c]"></a>__aeabi_f2iz</STRONG> (Thumb, 50 bytes, Stack size 0 bytes, ffixi.o(.text))
<BR><BR>[Called By]<UL><LI><a href="#[8b]">&gt;&gt;</a>&nbsp;&nbsp;&nbsp;wait
</UL>

<P><STRONG><a name="[4e]"></a>__aeabi_f2uiz</STRONG> (Thumb, 40 bytes, Stack size 0 bytes, ffixui.o(.text))
<BR><BR>[Called By]<UL><LI><a href="#[4b]">&gt;&gt;</a>&nbsp;&nbsp;&nbsp;Watchdog::setUp(float)
</UL>

<P><STRONG><a name="[aa]"></a>__aeabi_f2ulz</STRONG> (Thumb, 48 bytes, Stack size 8 bytes, ffixul.o(.text))
<BR><BR>[Stack]<UL><LI>Max Depth = 16<LI>Call Chain = __aeabi_f2ulz &rArr; __aeabi_llsl
</UL>
<BR>[Calls]<UL><LI><a href="#[bd]">&gt;&gt;</a>&nbsp;&nbsp;&nbsp;__aeabi_llsl
</UL>
<BR>[Called By]<UL><LI><a href="#[58]">&gt;&gt;</a>&nbsp;&nbsp;&nbsp;InterruptManager::InterruptManager(PinName, PinName, PinName)
</UL>

<P><STRONG><a name="[87]"></a>__aeabi_f2d</STRONG> (Thumb, 40 bytes, Stack size 0 bytes, f2d.o(.text))
<BR><BR>[Called By]<UL><LI><a href="#[a2]">&gt;&gt;</a>&nbsp;&nbsp;&nbsp;Menu::standardMenu(TextLCD&, bool, float, float, float, bool, bool)
<LI><a href="#[85]">&gt;&gt;</a>&nbsp;&nbsp;&nbsp;DS2482::readFromROMadress(char*)
</UL>

<P><STRONG><a name="[6f]"></a>__aeabi_d2f</STRONG> (Thumb, 56 bytes, Stack size 8 bytes, d2f.o(.text))
<BR><BR>[Stack]<UL><LI>Max Depth = 8<LI>Call Chain = __aeabi_d2f
</UL>
<BR>[Calls]<UL><LI><a href="#[bb]">&gt;&gt;</a>&nbsp;&nbsp;&nbsp;_float_round
</UL>
<BR>[Called By]<UL><LI><a href="#[85]">&gt;&gt;</a>&nbsp;&nbsp;&nbsp;DS2482::readFromROMadress(char*)
<LI><a href="#[69]">&gt;&gt;</a>&nbsp;&nbsp;&nbsp;DS3231::readTemp()
</UL>

<P><STRONG><a name="[138]"></a>__aeabi_cfcmpeq</STRONG> (Thumb, 0 bytes, Stack size 0 bytes, cfcmple.o(.text), UNUSED)

<P><STRONG><a name="[9b]"></a>__aeabi_cfcmple</STRONG> (Thumb, 20 bytes, Stack size 0 bytes, cfcmple.o(.text))
<BR><BR>[Called By]<UL><LI><a href="#[9e]">&gt;&gt;</a>&nbsp;&nbsp;&nbsp;LogicEngine::pump1Logic(bool&, int, int, float, float)
<LI><a href="#[9a]">&gt;&gt;</a>&nbsp;&nbsp;&nbsp;LogicEngine::pump2Logic(bool&, int, int, int, float, float)
</UL>

<P><STRONG><a name="[9d]"></a>__aeabi_cfrcmple</STRONG> (Thumb, 20 bytes, Stack size 0 bytes, cfrcmple.o(.text))
<BR><BR>[Called By]<UL><LI><a href="#[9e]">&gt;&gt;</a>&nbsp;&nbsp;&nbsp;LogicEngine::pump1Logic(bool&, int, int, float, float)
<LI><a href="#[9a]">&gt;&gt;</a>&nbsp;&nbsp;&nbsp;LogicEngine::pump2Logic(bool&, int, int, int, float, float)
</UL>

<P><STRONG><a name="[35]"></a>__default_new_handler()</STRONG> (Thumb, 8 bytes, Stack size 8 bytes, arm_newhandler_noexceptions.o(.text))
<BR><BR>[Stack]<UL><LI>Max Depth = 60<LI>Call Chain = __default_new_handler() &rArr; std::terminate() &rArr; __cxa_get_globals &rArr; __ARM_exceptions_buffer_init &rArr; malloc
</UL>
<BR>[Calls]<UL><LI><a href="#[c3]">&gt;&gt;</a>&nbsp;&nbsp;&nbsp;std::terminate()
</UL>
<BR>[Address Reference Count : 1]<UL><LI> new.o(i._Znwj)
</UL>
<P><STRONG><a name="[c4]"></a>__aeabi_uldivmod</STRONG> (Thumb, 96 bytes, Stack size 48 bytes, uldiv.o(.text), UNUSED)
<BR><BR>[Calls]<UL><LI><a href="#[c5]">&gt;&gt;</a>&nbsp;&nbsp;&nbsp;__aeabi_llsr
<LI><a href="#[bd]">&gt;&gt;</a>&nbsp;&nbsp;&nbsp;__aeabi_llsl
</UL>
<BR>[Called By]<UL><LI><a href="#[f7]">&gt;&gt;</a>&nbsp;&nbsp;&nbsp;_printf_core
<LI><a href="#[fc]">&gt;&gt;</a>&nbsp;&nbsp;&nbsp;_fp_digits
</UL>

<P><STRONG><a name="[bd]"></a>__aeabi_llsl</STRONG> (Thumb, 32 bytes, Stack size 8 bytes, llshl.o(.text))
<BR><BR>[Stack]<UL><LI>Max Depth = 8<LI>Call Chain = __aeabi_llsl
</UL>
<BR>[Called By]<UL><LI><a href="#[6e]">&gt;&gt;</a>&nbsp;&nbsp;&nbsp;__aeabi_dadd
<LI><a href="#[aa]">&gt;&gt;</a>&nbsp;&nbsp;&nbsp;__aeabi_f2ulz
<LI><a href="#[c4]">&gt;&gt;</a>&nbsp;&nbsp;&nbsp;__aeabi_uldivmod
<LI><a href="#[bf]">&gt;&gt;</a>&nbsp;&nbsp;&nbsp;_double_epilogue
<LI><a href="#[c9]">&gt;&gt;</a>&nbsp;&nbsp;&nbsp;__aeabi_d2ulz
</UL>

<P><STRONG><a name="[139]"></a>_ll_shift_l</STRONG> (Thumb, 0 bytes, Stack size 8 bytes, llshl.o(.text), UNUSED)

<P><STRONG><a name="[be]"></a>__aeabi_lasr</STRONG> (Thumb, 38 bytes, Stack size 8 bytes, llsshr.o(.text), UNUSED)
<BR><BR>[Called By]<UL><LI><a href="#[6e]">&gt;&gt;</a>&nbsp;&nbsp;&nbsp;__aeabi_dadd
</UL>

<P><STRONG><a name="[13a]"></a>_ll_sshift_r</STRONG> (Thumb, 0 bytes, Stack size 8 bytes, llsshr.o(.text), UNUSED)

<P><STRONG><a name="[b8]"></a>_chval</STRONG> (Thumb, 30 bytes, Stack size 0 bytes, _chval.o(.text))
<BR><BR>[Called By]<UL><LI><a href="#[b7]">&gt;&gt;</a>&nbsp;&nbsp;&nbsp;_scanf_int
</UL>

<P><STRONG><a name="[b6]"></a>__vfscanf_char</STRONG> (Thumb, 24 bytes, Stack size 8 bytes, scanf_char.o(.text))
<BR><BR>[Stack]<UL><LI>Max Depth = 136<LI>Call Chain = __vfscanf_char &rArr; __vfscanf &rArr; _scanf_int
</UL>
<BR>[Calls]<UL><LI><a href="#[c6]">&gt;&gt;</a>&nbsp;&nbsp;&nbsp;__vfscanf
</UL>
<BR>[Called By]<UL><LI><a href="#[b5]">&gt;&gt;</a>&nbsp;&nbsp;&nbsp;__0sscanf
</UL>

<P><STRONG><a name="[2e]"></a>_sgetc</STRONG> (Thumb, 32 bytes, Stack size 0 bytes, _sgetc.o(.text))
<BR>[Address Reference Count : 1]<UL><LI> __0sscanf.o(.text)
</UL>
<P><STRONG><a name="[2f]"></a>_sbackspace</STRONG> (Thumb, 36 bytes, Stack size 0 bytes, _sgetc.o(.text))
<BR>[Address Reference Count : 1]<UL><LI> __0sscanf.o(.text)
</UL>
<P><STRONG><a name="[f5]"></a>__rt_new_handler_addr</STRONG> (Thumb, 4 bytes, Stack size 0 bytes, cpp_memory.o(.text))
<BR><BR>[Called By]<UL><LI><a href="#[d6]">&gt;&gt;</a>&nbsp;&nbsp;&nbsp;operator new(unsigned)
</UL>

<P><STRONG><a name="[13b]"></a>__aeabi_unwind_cpp_pr0</STRONG> (Thumb, 4 bytes, Stack size 0 bytes, cpp_unwinder.o(.text), UNUSED)

<P><STRONG><a name="[13c]"></a>__aeabi_unwind_cpp_pr1</STRONG> (Thumb, 4 bytes, Stack size 0 bytes, cpp_unwinder.o(.text), UNUSED)

<P><STRONG><a name="[13d]"></a>_Unwind_DeleteException</STRONG> (Thumb, 2 bytes, Stack size 0 bytes, cpp_unwinder.o(.text), UNUSED)

<P><STRONG><a name="[13e]"></a>_Unwind_Activity</STRONG> (Thumb, 2 bytes, Stack size 0 bytes, cpp_unwinder.o(.text), UNUSED)

<P><STRONG><a name="[13f]"></a>_Unwind_RaiseException</STRONG> (Thumb, 4 bytes, Stack size 0 bytes, cpp_unwinder.o(.text), UNUSED)

<P><STRONG><a name="[cb]"></a>__rt_eh_globals_addr</STRONG> (Thumb, 10 bytes, Stack size 0 bytes, cpp_unwinder.o(.text))
<BR><BR>[Called By]<UL><LI><a href="#[ca]">&gt;&gt;</a>&nbsp;&nbsp;&nbsp;__cxa_get_globals
</UL>

<P><STRONG><a name="[bb]"></a>_float_round</STRONG> (Thumb, 16 bytes, Stack size 0 bytes, fepilogue.o(.text))
<BR><BR>[Called By]<UL><LI><a href="#[6f]">&gt;&gt;</a>&nbsp;&nbsp;&nbsp;__aeabi_d2f
<LI><a href="#[b9]">&gt;&gt;</a>&nbsp;&nbsp;&nbsp;__aeabi_fadd
</UL>

<P><STRONG><a name="[ba]"></a>_float_epilogue</STRONG> (Thumb, 114 bytes, Stack size 12 bytes, fepilogue.o(.text))
<BR><BR>[Stack]<UL><LI>Max Depth = 12<LI>Call Chain = _float_epilogue
</UL>
<BR>[Called By]<UL><LI><a href="#[86]">&gt;&gt;</a>&nbsp;&nbsp;&nbsp;__aeabi_i2f
[...]
</UL>
<BR>[Calls]<UL><LI><a href="#[112]">&gt;&gt;</a>&nbsp;&nbsp;&nbsp;i2c_stop
</UL>
<BR>[Called By]<UL><LI><a href="#[6a]">&gt;&gt;</a>&nbsp;&nbsp;&nbsp;mbed::I2C::write(int, const char*, int, bool)
</UL>

<P><STRONG><a name="[cc]"></a>malloc</STRONG> (Thumb, 92 bytes, Stack size 20 bytes, malloc.o(i.malloc))
<BR><BR>[Stack]<UL><LI>Max Depth = 20<LI>Call Chain = malloc
</UL>
<BR>[Called By]<UL><LI><a href="#[ea]">&gt;&gt;</a>&nbsp;&nbsp;&nbsp;fopen
<LI><a href="#[d6]">&gt;&gt;</a>&nbsp;&nbsp;&nbsp;operator new(unsigned)
<LI><a href="#[cd]">&gt;&gt;</a>&nbsp;&nbsp;&nbsp;__ARM_exceptions_buffer_init
<LI><a href="#[ca]">&gt;&gt;</a>&nbsp;&nbsp;&nbsp;__cxa_get_globals
</UL>

<P><STRONG><a name="[99]"></a>mbed_assert_internal</STRONG> (Thumb, 22 bytes, Stack size 8 bytes, assert.o(i.mbed_assert_internal))
<BR><BR>[Stack]<UL><LI>Max Depth = 120<LI>Call Chain = mbed_assert_internal &rArr; mbed_die &rArr;  mbed_assert_internal (Cycle)
</UL>
<BR>[Calls]<UL><LI><a href="#[109]">&gt;&gt;</a>&nbsp;&nbsp;&nbsp;mbed_die
<LI><a href="#[113]">&gt;&gt;</a>&nbsp;&nbsp;&nbsp;__2fprintf
</UL>
<BR>[Called By]<UL><LI><a href="#[9f]">&gt;&gt;</a>&nbsp;&nbsp;&nbsp;gpio_write(gpio_t*, int)
<LI><a href="#[da]">&gt;&gt;</a>&nbsp;&nbsp;&nbsp;gpio_init_out
<LI><a href="#[8a]">&gt;&gt;</a>&nbsp;&nbsp;&nbsp;mbed::BusOut::operator =(int)
<LI><a href="#[98]">&gt;&gt;</a>&nbsp;&nbsp;&nbsp;gpio_write(gpio_t*, int)
<LI><a href="#[10d]">&gt;&gt;</a>&nbsp;&nbsp;&nbsp;gpio_init_out_ex
<LI><a href="#[e4]">&gt;&gt;</a>&nbsp;&nbsp;&nbsp;i2c_init
<LI><a href="#[e5]">&gt;&gt;</a>&nbsp;&nbsp;&nbsp;mbed::BusOut::write(int)
<LI><a href="#[116]">&gt;&gt;</a>&nbsp;&nbsp;&nbsp;serial_format
<LI><a href="#[10e]">&gt;&gt;</a>&nbsp;&nbsp;&nbsp;pin_mode
<LI><a href="#[10c]">&gt;&gt;</a>&nbsp;&nbsp;&nbsp;pin_function
<LI><a href="#[10a]">&gt;&gt;</a>&nbsp;&nbsp;&nbsp;gpio_dir
<LI><a href="#[109]">&gt;&gt;</a>&nbsp;&nbsp;&nbsp;mbed_die
<LI><a href="#[104]">&gt;&gt;</a>&nbsp;&nbsp;&nbsp;serial_init
<LI><a href="#[d2]">&gt;&gt;</a>&nbsp;&nbsp;&nbsp;mbed::DigitalIn::read()
</UL>

<P><STRONG><a name="[109]"></a>mbed_die</STRONG> (Thumb, 396 bytes, Stack size 64 bytes, board.o(i.mbed_die))
<BR><BR>[Stack]<UL><LI>Max Depth = 112 + In Cycle
<LI>Call Chain = mbed_die &rArr;  mbed_assert_internal (Cycle)
</UL>
<BR>[Calls]<UL><LI><a href="#[da]">&gt;&gt;</a>&nbsp;&nbsp;&nbsp;gpio_init_out
<LI><a href="#[99]">&gt;&gt;</a>&nbsp;&nbsp;&nbsp;mbed_assert_internal
<LI><a href="#[114]">&gt;&gt;</a>&nbsp;&nbsp;&nbsp;wait_ms
</UL>
<BR>[Called By]<UL><LI><a href="#[99]">&gt;&gt;</a>&nbsp;&nbsp;&nbsp;mbed_assert_internal
<LI><a href="#[108]">&gt;&gt;</a>&nbsp;&nbsp;&nbsp;exit
</UL>

<P><STRONG><a name="[d1]"></a>mbed_main</STRONG> (Thumb, 2 bytes, Stack size 0 bytes, retarget.o(i.mbed_main))
<BR><BR>[Called By]<UL><LI><a href="#[2b]">&gt;&gt;</a>&nbsp;&nbsp;&nbsp;main
</UL>

<P><STRONG><a name="[d0]"></a>mbed_sdk_init</STRONG> (Thumb, 2 bytes, Stack size 0 bytes, retarget.o(i.mbed_sdk_init))
<BR><BR>[Called By]<UL><LI><a href="#[2b]">&gt;&gt;</a>&nbsp;&nbsp;&nbsp;main
</UL>

<P><STRONG><a name="[10c]"></a>pin_function</STRONG> (Thumb, 42 bytes, Stack size 16 bytes, pinmap.o(i.pin_function))
<BR><BR>[Stack]<UL><LI>Max Depth = 16 + In Cycle
<LI>Call Chain = pin_function &rArr;  mbed_assert_internal (Cycle)
</UL>
<BR>[Calls]<UL><LI><a href="#[99]">&gt;&gt;</a>&nbsp;&nbsp;&nbsp;mbed_assert_internal
</UL>
<BR>[Called By]<UL><LI><a href="#[111]">&gt;&gt;</a>&nbsp;&nbsp;&nbsp;pinmap_pinout
<LI><a href="#[10b]">&gt;&gt;</a>&nbsp;&nbsp;&nbsp;gpio_init
</UL>

<P><STRONG><a name="[10e]"></a>pin_mode</STRONG> (Thumb, 56 bytes, Stack size 16 bytes, pinmap.o(i.pin_mode))
<BR><BR>[Stack]<UL><LI>Max Depth = 16 + In Cycle
<LI>Call Chain = pin_mode &rArr;  mbed_assert_internal (Cycle)
</UL>
<BR>[Calls]<UL><LI><a href="#[99]">&gt;&gt;</a>&nbsp;&nbsp;&nbsp;mbed_assert_internal
</UL>
<BR>[Called By]<UL><LI><a href="#[111]">&gt;&gt;</a>&nbsp;&nbsp;&nbsp;pinmap_pinout
<LI><a href="#[104]">&gt;&gt;</a>&nbsp;&nbsp;&nbsp;serial_init
<LI><a href="#[d8]">&gt;&gt;</a>&nbsp;&nbsp;&nbsp;gpio_mode
</UL>

<P><STRONG><a name="[110]"></a>pinmap_merge</STRONG> (Thumb, 30 bytes, Stack size 8 bytes, pinmap_common.o(i.pinmap_merge))
<BR><BR>[Stack]<UL><LI>Max Depth = 144<LI>Call Chain = pinmap_merge &rArr; error &rArr; exit &rArr; mbed_die &rArr;  mbed_assert_internal (Cycle)
</UL>
<BR>[Calls]<UL><LI><a href="#[106]">&gt;&gt;</a>&nbsp;&nbsp;&nbsp;error
</UL>
<BR>[Called By]<UL><LI><a href="#[e4]">&gt;&gt;</a>&nbsp;&nbsp;&nbsp;i2c_init
<LI><a href="#[104]">&gt;&gt;</a>&nbsp;&nbsp;&nbsp;serial_init
</UL>

<P><STRONG><a name="[10f]"></a>pinmap_peripheral</STRONG> (Thumb, 60 bytes, Stack size 8 bytes, pinmap_common.o(i.pinmap_peripheral))
<BR><BR>[Stack]<UL><LI>Max Depth = 144<LI>Call Chain = pinmap_peripheral &rArr; error &rArr; exit &rArr; mbed_die &rArr;  mbed_assert_internal (Cycle)
</UL>
<BR>[Calls]<UL><LI><a href="#[106]">&gt;&gt;</a>&nbsp;&nbsp;&nbsp;error
</UL>
<BR>[Called By]<UL><LI><a href="#[e4]">&gt;&gt;</a>&nbsp;&nbsp;&nbsp;i2c_init
<LI><a href="#[104]">&gt;&gt;</a>&nbsp;&nbsp;&nbsp;serial_init
</UL>

<P><STRONG><a name="[111]"></a>pinmap_pinout</STRONG> (Thumb, 62 bytes, Stack size 8 bytes, pinmap_common.o(i.pinmap_pinout))
<BR><BR>[Stack]<UL><LI>Max Depth = 144<LI>Call Chain = pinmap_pinout &rArr; error &rArr; exit &rArr; mbed_die &rArr;  mbed_assert_internal (Cycle)
</UL>
<BR>[Calls]<UL><LI><a href="#[106]">&gt;&gt;</a>&nbsp;&nbsp;&nbsp;error
<LI><a href="#[10e]">&gt;&gt;</a>&nbsp;&nbsp;&nbsp;pin_mode
<LI><a href="#[10c]">&gt;&gt;</a>&nbsp;&nbsp;&nbsp;pin_function
</UL>
<BR>[Called By]<UL><LI><a href="#[e4]">&gt;&gt;</a>&nbsp;&nbsp;&nbsp;i2c_init
<LI><a href="#[104]">&gt;&gt;</a>&nbsp;&nbsp;&nbsp;serial_init
</UL>

<P><STRONG><a name="[115]"></a>serial_baud</STRONG> (Thumb, 272 bytes, Stack size 72 bytes, serial_api.o(i.serial_baud))
<BR><BR>[Stack]<UL><LI>Max Depth = 84<LI>Call Chain = serial_baud &rArr; __aeabi_uidivmod
</UL>
<BR>[Calls]<UL><LI><a href="#[b1]">&gt;&gt;</a>&nbsp;&nbsp;&nbsp;__aeabi_uidivmod
</UL>
<BR>[Called By]<UL><LI><a href="#[104]">&gt;&gt;</a>&nbsp;&nbsp;&nbsp;serial_init
</UL>

<P><STRONG><a name="[116]"></a>serial_format</STRONG> (Thumb, 144 bytes, Stack size 24 bytes, serial_api.o(i.serial_format))
<BR><BR>[Stack]<UL><LI>Max Depth = 144<LI>Call Chain = serial_format &rArr; mbed_assert_internal &rArr; mbed_die &rArr;  mbed_assert_internal (Cycle)
</UL>
<BR>[Calls]<UL><LI><a href="#[99]">&gt;&gt;</a>&nbsp;&nbsp;&nbsp;mbed_assert_internal
</UL>
<BR>[Called By]<UL><LI><a href="#[104]">&gt;&gt;</a>&nbsp;&nbsp;&nbsp;serial_init
</UL>

<P><STRONG><a name="[104]"></a>serial_init</STRONG> (Thumb, 168 bytes, Stack size 32 bytes, serial_api.o(i.serial_init))
<BR><BR>[Stack]<UL><LI>Max Depth = 176<LI>Call Chain = serial_init &rArr; pinmap_pinout &rArr; error &rArr; exit &rArr; mbed_die &rArr;  mbed_assert_internal (Cycle)
</UL>
<BR>[Calls]<UL><LI><a href="#[99]">&gt;&gt;</a>&nbsp;&nbsp;&nbsp;mbed_assert_internal
<LI><a href="#[111]">&gt;&gt;</a>&nbsp;&nbsp;&nbsp;pinmap_pinout
<LI><a href="#[10f]">&gt;&gt;</a>&nbsp;&nbsp;&nbsp;pinmap_peripheral
<LI><a href="#[110]">&gt;&gt;</a>&nbsp;&nbsp;&nbsp;pinmap_merge
<LI><a href="#[116]">&gt;&gt;</a>&nbsp;&nbsp;&nbsp;serial_format
<LI><a href="#[115]">&gt;&gt;</a>&nbsp;&nbsp;&nbsp;serial_baud
<LI><a href="#[10e]">&gt;&gt;</a>&nbsp;&nbsp;&nbsp;pin_mode
</UL>
<BR>[Called By]<UL><LI><a href="#[52]">&gt;&gt;</a>&nbsp;&nbsp;&nbsp;_sys_write
</UL>

<P><STRONG><a name="[105]"></a>serial_putc</STRONG> (Thumb, 14 bytes, Stack size 0 bytes, serial_api.o(i.serial_putc))
<BR><BR>[Called By]<UL><LI><a href="#[52]">&gt;&gt;</a>&nbsp;&nbsp;&nbsp;_sys_write
</UL>

<P><STRONG><a name="[11a]"></a>us_ticker_clear_interrupt</STRONG> (Thumb, 8 bytes, Stack size 0 bytes, us_ticker.o(i.us_ticker_clear_interrupt))
<BR><BR>[Called By]<UL><LI><a href="#[38]">&gt;&gt;</a>&nbsp;&nbsp;&nbsp;us_ticker_irq_handler
</UL>

<P><STRONG><a name="[11b]"></a>us_ticker_disable_interrupt</STRONG> (Thumb, 12 bytes, Stack size 0 bytes, us_ticker.o(i.us_ticker_disable_interrupt))
<BR><BR>[Called By]<UL><LI><a href="#[38]">&gt;&gt;</a>&nbsp;&nbsp;&nbsp;us_ticker_irq_handler
<LI><a href="#[de]">&gt;&gt;</a>&nbsp;&nbsp;&nbsp;us_ticker_remove_event
</UL>

<P><STRONG><a name="[117]"></a>us_ticker_init</STRONG> (Thumb, 64 bytes, Stack size 16 bytes, us_ticker.o(i.us_ticker_init))
<BR><BR>[Stack]<UL><LI>Max Depth = 32<LI>Call Chain = us_ticker_init &rArr; NVIC_SetVector
</UL>
<BR>[Calls]<UL><LI><a href="#[118]">&gt;&gt;</a>&nbsp;&nbsp;&nbsp;NVIC_SetVector
<LI><a href="#[b1]">&gt;&gt;</a>&nbsp;&nbsp;&nbsp;__aeabi_uidivmod
</UL>
<BR>[Called By]<UL><LI><a href="#[e0]">&gt;&gt;</a>&nbsp;&nbsp;&nbsp;us_ticker_set_handler
</UL>

<P><STRONG><a name="[dc]"></a>us_ticker_insert_event</STRONG> (Thumb, 70 bytes, Stack size 24 bytes, us_ticker_api.o(i.us_ticker_insert_event))
<BR><BR>[Stack]<UL><LI>Max Depth = 24<LI>Call Chain = us_ticker_insert_event
</UL>
<BR>[Calls]<UL><LI><a href="#[119]">&gt;&gt;</a>&nbsp;&nbsp;&nbsp;us_ticker_set_interrupt
</UL>
<BR>[Called By]<UL><LI><a href="#[db]">&gt;&gt;</a>&nbsp;&nbsp;&nbsp;mbed::TimerEvent::insert(unsigned long long)
</UL>

<P><STRONG><a name="[38]"></a>us_ticker_irq_handler</STRONG> (Thumb, 60 bytes, Stack size 8 bytes, us_ticker_api.o(i.us_ticker_irq_handler))
<BR><BR>[Stack]<UL><LI>Max Depth = 40<LI>Call Chain = us_ticker_irq_handler &rArr; us_ticker_read &rArr; NVIC_SetVector
</UL>
<BR>[Calls]<UL><LI><a href="#[119]">&gt;&gt;</a>&nbsp;&nbsp;&nbsp;us_ticker_set_interrupt
<LI><a href="#[11b]">&gt;&gt;</a>&nbsp;&nbsp;&nbsp;us_ticker_disable_interrupt
<LI><a href="#[11a]">&gt;&gt;</a>&nbsp;&nbsp;&nbsp;us_ticker_clear_interrupt
<LI><a href="#[eb]">&gt;&gt;</a>&nbsp;&nbsp;&nbsp;us_ticker_read
</UL>
<BR>[Address Reference Count : 2]<UL><LI> us_ticker.o(i.us_ticker_init)
<LI> us_ticker.o(i.us_ticker_read)
</UL>
<P><STRONG><a name="[eb]"></a>us_ticker_read</STRONG> (Thumb, 64 bytes, Stack size 16 bytes, us_ticker.o(i.us_ticker_read))
<BR><BR>[Stack]<UL><LI>Max Depth = 32<LI>Call Chain = us_ticker_read &rArr; NVIC_SetVector
</UL>
<BR>[Calls]<UL><LI><a href="#[118]">&gt;&gt;</a>&nbsp;&nbsp;&nbsp;NVIC_SetVector
<LI><a href="#[b1]">&gt;&gt;</a>&nbsp;&nbsp;&nbsp;__aeabi_uidivmod
</UL>
<BR>[Called By]<UL><LI><a href="#[8b]">&gt;&gt;</a>&nbsp;&nbsp;&nbsp;wait
<LI><a href="#[38]">&gt;&gt;</a>&nbsp;&nbsp;&nbsp;us_ticker_irq_handler
<LI><a href="#[114]">&gt;&gt;</a>&nbsp;&nbsp;&nbsp;wait_ms
<LI><a href="#[d3]">&gt;&gt;</a>&nbsp;&nbsp;&nbsp;mbed::Ticker::setup(unsigned long long)
</UL>

<P><STRONG><a name="[de]"></a>us_ticker_remove_event</STRONG> (Thumb, 60 bytes, Stack size 8 bytes, us_ticker_api.o(i.us_ticker_remove_event))
<BR><BR>[Stack]<UL><LI>Max Depth = 8<LI>Call Chain = us_ticker_remove_event
</UL>
<BR>[Calls]<UL><LI><a href="#[119]">&gt;&gt;</a>&nbsp;&nbsp;&nbsp;us_ticker_set_interrupt
<LI><a href="#[11b]">&gt;&gt;</a>&nbsp;&nbsp;&nbsp;us_ticker_disable_interrupt
</UL>
<BR>[Called By]<UL><LI><a href="#[dd]">&gt;&gt;</a>&nbsp;&nbsp;&nbsp;mbed::TimerEvent::remove()
</UL>

<P><STRONG><a name="[e0]"></a>us_ticker_set_handler</STRONG> (Thumb, 14 bytes, Stack size 8 bytes, us_ticker_api.o(i.us_ticker_set_handler))
<BR><BR>[Stack]<UL><LI>Max Depth = 40<LI>Call Chain = us_ticker_set_handler &rArr; us_ticker_init &rArr; NVIC_SetVector
</UL>
<BR>[Calls]<UL><LI><a href="#[117]">&gt;&gt;</a>&nbsp;&nbsp;&nbsp;us_ticker_init
</UL>
<BR>[Called By]<UL><LI><a href="#[df]">&gt;&gt;</a>&nbsp;&nbsp;&nbsp;mbed::TimerEvent::TimerEvent__sub_object()
</UL>

<P><STRONG><a name="[119]"></a>us_ticker_set_interrupt</STRONG> (Thumb, 14 bytes, Stack size 0 bytes, us_ticker.o(i.us_ticker_set_interrupt))
<BR><BR>[Called By]<UL><LI><a href="#[38]">&gt;&gt;</a>&nbsp;&nbsp;&nbsp;us_ticker_irq_handler
<LI><a href="#[de]">&gt;&gt;</a>&nbsp;&nbsp;&nbsp;us_ticker_remove_event
<LI><a href="#[dc]">&gt;&gt;</a>&nbsp;&nbsp;&nbsp;us_ticker_insert_event
</UL>

<P><STRONG><a name="[8b]"></a>wait</STRONG> (Thumb, 32 bytes, Stack size 16 bytes, wait_api.o(i.wait))
<BR><BR>[Stack]<UL><LI>Max Depth = 48<LI>Call Chain = wait &rArr; us_ticker_read &rArr; NVIC_SetVector
</UL>
<BR>[Calls]<UL><LI><a href="#[11c]">&gt;&gt;</a>&nbsp;&nbsp;&nbsp;__aeabi_f2iz
<LI><a href="#[eb]">&gt;&gt;</a>&nbsp;&nbsp;&nbsp;us_ticker_read
<LI><a href="#[4d]">&gt;&gt;</a>&nbsp;&nbsp;&nbsp;__aeabi_fmul
</UL>
<BR>[Called By]<UL><LI><a href="#[8e]">&gt;&gt;</a>&nbsp;&nbsp;&nbsp;TextLCD::cls()
<LI><a href="#[89]">&gt;&gt;</a>&nbsp;&nbsp;&nbsp;TextLCD::writeByte(int)
<LI><a href="#[57]">&gt;&gt;</a>&nbsp;&nbsp;&nbsp;TextLCD::TextLCD(PinName, PinName, PinName, PinName, PinName, PinName, TextLCD::LCDType)
</UL>

<P><STRONG><a name="[114]"></a>wait_ms</STRONG> (Thumb, 28 bytes, Stack size 16 bytes, wait_api.o(i.wait_ms))
<BR><BR>[Stack]<UL><LI>Max Depth = 48<LI>Call Chain = wait_ms &rArr; us_ticker_read &rArr; NVIC_SetVector
</UL>
<BR>[Calls]<UL><LI><a href="#[eb]">&gt;&gt;</a>&nbsp;&nbsp;&nbsp;us_ticker_read
</UL>
<BR>[Called By]<UL><LI><a href="#[109]">&gt;&gt;</a>&nbsp;&nbsp;&nbsp;mbed_die
</UL>

<P><STRONG><a name="[ab]"></a>void AjK::PinDetect::attach_asserted&lang;InterruptManager&rang;(T1*, void(T1::*)())</STRONG> (Thumb, 22 bytes, Stack size 32 bytes, interruptmanager.o(t._ZN3AjK9PinDetect15attach_assertedI16InterruptManagerEEvPT_MS3_FvvE))
<BR><BR>[Stack]<UL><LI>Max Depth = 52<LI>Call Chain = void AjK::PinDetect::attach_asserted&lang;InterruptManager&rang;(T1*, void(T1::*)()) &rArr; void mbed::FunctionPointer::attach&lang;InterruptManager&rang;(T1*, void(T1::*)())
</UL>
<BR>[Calls]<UL><LI><a href="#[11d]">&gt;&gt;</a>&nbsp;&nbsp;&nbsp;void mbed::FunctionPointer::attach&lang;InterruptManager&rang;(T1*, void(T1::*)())
</UL>
<BR>[Called By]<UL><LI><a href="#[58]">&gt;&gt;</a>&nbsp;&nbsp;&nbsp;InterruptManager::InterruptManager(PinName, PinName, PinName)
</UL>

<P><STRONG><a name="[39]"></a>void mbed::FunctionPointer::membercaller&lang;InterruptManager&rang;(void*, char*)</STRONG> (Thumb, 80 bytes, Stack size 72 bytes, interruptmanager.o(t._ZN4mbed15FunctionPointer12membercallerI16InterruptManagerEEvPvPc))
<BR><BR>[Stack]<UL><LI>Max Depth = 72<LI>Call Chain = void mbed::FunctionPointer::membercaller&lang;InterruptManager&rang;(void*, char*)
</UL>
<BR>[Calls]<UL><LI><a href="#[11e]">&gt;&gt;</a>&nbsp;&nbsp;&nbsp;__aeabi_memcpy
</UL>
<BR>[Address Reference Count : 1]<UL><LI> interruptmanager.o(t._ZN4mbed15FunctionPointer6attachI16InterruptManagerEEvPT_MS3_FvvE)
</UL>
<P><STRONG><a name="[33]"></a>void mbed::FunctionPointer::membercaller&lang;AjK::PinDetect&rang;(void*, char*)</STRONG> (Thumb, 80 bytes, Stack size 72 bytes, interruptmanager.o(t._ZN4mbed15FunctionPointer12membercallerIN3AjK9PinDetectEEEvPvPc))
<BR><BR>[Stack]<UL><LI>Max Depth = 72<LI>Call Chain = void mbed::FunctionPointer::membercaller&lang;AjK::PinDetect&rang;(void*, char*)
</UL>
<BR>[Calls]<UL><LI><a href="#[11e]">&gt;&gt;</a>&nbsp;&nbsp;&nbsp;__aeabi_memcpy
</UL>
<BR>[Address Reference Count : 1]<UL><LI> interruptmanager.o(i._ZN3AjK9PinDetect18setSampleFrequencyEi)
</UL>
<P><STRONG><a name="[11d]"></a>void mbed::FunctionPointer::attach&lang;InterruptManager&rang;(T1*, void(T1::*)())</STRONG> (Thumb, 22 bytes, Stack size 20 bytes, interruptmanager.o(t._ZN4mbed15FunctionPointer6attachI16InterruptManagerEEvPT_MS3_FvvE))
<BR><BR>[Stack]<UL><LI>Max Depth = 20<LI>Call Chain = void mbed::FunctionPointer::attach&lang;InterruptManager&rang;(T1*, void(T1::*)())
</UL>
<BR>[Called By]<UL><LI><a href="#[a9]">&gt;&gt;</a>&nbsp;&nbsp;&nbsp;void mbed::Ticker::attach_us&lang;InterruptManager&rang;(T1*, void(T1::*)(), unsigned long long)
<LI><a href="#[ab]">&gt;&gt;</a>&nbsp;&nbsp;&nbsp;void AjK::PinDetect::attach_asserted&lang;InterruptManager&rang;(T1*, void(T1::*)())
</UL>

<P><STRONG><a name="[a9]"></a>void mbed::Ticker::attach_us&lang;InterruptManager&rang;(T1*, void(T1::*)(), unsigned long long)</STRONG> (Thumb, 40 bytes, Stack size 40 bytes, interruptmanager.o(t._ZN4mbed6Ticker9attach_usI16InterruptManagerEEvPT_MS3_FvvEy))
<BR><BR>[Stack]<UL><LI>Max Depth = 88<LI>Call Chain = void mbed::Ticker::attach_us&lang;InterruptManager&rang;(T1*, void(T1::*)(), unsigned long long) &rArr; mbed::Ticker::setup(unsigned long long) &rArr; us_ticker_read &rArr; NVIC_SetVector
</UL>
<BR>[Calls]<UL><LI><a href="#[11d]">&gt;&gt;</a>&nbsp;&nbsp;&nbsp;void mbed::FunctionPointer::attach&lang;InterruptManager&rang;(T1*, void(T1::*)())
<LI><a href="#[d3]">&gt;&gt;</a>&nbsp;&nbsp;&nbsp;mbed::Ticker::setup(unsigned long long)
</UL>
<BR>[Called By]<UL><LI><a href="#[58]">&gt;&gt;</a>&nbsp;&nbsp;&nbsp;InterruptManager::InterruptManager(PinName, PinName, PinName)
</UL>
<P>
<H3>
Local Symbols
</H3>
<P><STRONG><a name="[98]"></a>gpio_write(gpio_t*, int)</STRONG> (Thumb, 78 bytes, Stack size 16 bytes, textlcd.o(.text))
<BR><BR>[Stack]<UL><LI>Max Depth = 136<LI>Call Chain = gpio_write(gpio_t*, int) &rArr; mbed_assert_internal &rArr; mbed_die &rArr;  mbed_assert_internal (Cycle)
</UL>
<BR>[Calls]<UL><LI><a href="#[99]">&gt;&gt;</a>&nbsp;&nbsp;&nbsp;mbed_assert_internal
</UL>
<BR>[Called By]<UL><LI><a href="#[8c]">&gt;&gt;</a>&nbsp;&nbsp;&nbsp;mbed::DigitalOut::operator =(int)
</UL>

<P><STRONG><a name="[9f]"></a>gpio_write(gpio_t*, int)</STRONG> (Thumb, 78 bytes, Stack size 16 bytes, logicengine.o(.text), UNUSED)
<BR><BR>[Calls]<UL><LI><a href="#[99]">&gt;&gt;</a>&nbsp;&nbsp;&nbsp;mbed_assert_internal
</UL>

<P><STRONG><a name="[fc]"></a>_fp_digits</STRONG> (Thumb, 316 bytes, Stack size 56 bytes, printfa.o(i._fp_digits), UNUSED)
<BR><BR>[Calls]<UL><LI><a href="#[6d]">&gt;&gt;</a>&nbsp;&nbsp;&nbsp;__aeabi_ddiv
<LI><a href="#[6e]">&gt;&gt;</a>&nbsp;&nbsp;&nbsp;__aeabi_dadd
<LI><a href="#[c4]">&gt;&gt;</a>&nbsp;&nbsp;&nbsp;__aeabi_uldivmod
<LI><a href="#[c8]">&gt;&gt;</a>&nbsp;&nbsp;&nbsp;__aeabi_dmul
<LI><a href="#[c9]">&gt;&gt;</a>&nbsp;&nbsp;&nbsp;__aeabi_d2ulz
<LI><a href="#[fd]">&gt;&gt;</a>&nbsp;&nbsp;&nbsp;__aeabi_cdrcmple
</UL>
<BR>[Called By]<UL><LI><a href="#[f7]">&gt;&gt;</a>&nbsp;&nbsp;&nbsp;_printf_core
</UL>

<P><STRONG><a name="[f7]"></a>_printf_core</STRONG> (Thumb, 1754 bytes, Stack size 128 bytes, printfa.o(i._printf_core), UNUSED)
<BR><BR>[Calls]<UL><LI><a href="#[ff]">&gt;&gt;</a>&nbsp;&nbsp;&nbsp;_printf_pre_padding
<LI><a href="#[100]">&gt;&gt;</a>&nbsp;&nbsp;&nbsp;_printf_post_padding
<LI><a href="#[fc]">&gt;&gt;</a>&nbsp;&nbsp;&nbsp;_fp_digits
<LI><a href="#[b1]">&gt;&gt;</a>&nbsp;&nbsp;&nbsp;__aeabi_uidivmod
<LI><a href="#[c4]">&gt;&gt;</a>&nbsp;&nbsp;&nbsp;__aeabi_uldivmod
</UL>
<BR>[Called By]<UL><LI><a href="#[f9]">&gt;&gt;</a>&nbsp;&nbsp;&nbsp;__0vfprintf
<LI><a href="#[f8]">&gt;&gt;</a>&nbsp;&nbsp;&nbsp;__0sprintf
<LI><a href="#[f6]">&gt;&gt;</a>&nbsp;&nbsp;&nbsp;__0fprintf
</UL>

<P><STRONG><a name="[100]"></a>_printf_post_padding</STRONG> (Thumb, 32 bytes, Stack size 24 bytes, printfa.o(i._printf_post_padding), UNUSED)
<BR><BR>[Called By]<UL><LI><a href="#[f7]">&gt;&gt;</a>&nbsp;&nbsp;&nbsp;_printf_core
</UL>

<P><STRONG><a name="[ff]"></a>_printf_pre_padding</STRONG> (Thumb, 44 bytes, Stack size 40 bytes, printfa.o(i._printf_pre_padding), UNUSED)
<BR><BR>[Called By]<UL><LI><a href="#[f7]">&gt;&gt;</a>&nbsp;&nbsp;&nbsp;_printf_core
</UL>

<P><STRONG><a name="[37]"></a>_sputc</STRONG> (Thumb, 10 bytes, Stack size 0 bytes, printfa.o(i._sputc))
<BR><BR>[Called By]<UL><LI><a href="#[f8]">&gt;&gt;</a>&nbsp;&nbsp;&nbsp;__0sprintf
</UL>
<BR>[Address Reference Count : 1]<UL><LI> printfa.o(i.__0sprintf)
</UL>
<P><STRONG><a name="[30]"></a>_scanf_char_input</STRONG> (Thumb, 12 bytes, Stack size 0 bytes, scanf_char.o(.text))
<BR>[Address Reference Count : 1]<UL><LI> scanf_char.o(.text)
</UL>
<P><STRONG><a name="[32]"></a>[local to arm_exceptions_c]::__default_terminate_handler()</STRONG> (Thumb, 6 bytes, Stack size 8 bytes, arm_exceptions_globs.o(.text))
<BR><BR>[Stack]<UL><LI>Max Depth = 8<LI>Call Chain = [local to arm_exceptions_c]::__default_terminate_handler()
</UL>
<BR>[Address Reference Count : 1]<UL><LI> arm_exceptions_globs.o(.text)
</UL><P>
<H3>
Undefined Global Symbols
</H3><HR></body></html>
